Component: ARM Compiler 5.06 update 4 (build 422) Tool: armlink [4d35d2]

==============================================================================

Section Cross References

    main.o(.text) refers to misc.o(.text) for NVIC_PriorityGroupConfig
    main.o(.text) refers to delay.o(.text) for delay_init
    main.o(.text) refers to freertostask.o(.text) for FreeRTOS_init
    stm32f4xx_it.o(.text) refers to stm32f4xx_exti.o(.text) for EXTI_GetITStatus
    stm32f4xx_it.o(.text) refers to queue.o(.text) for xQueueGiveFromISR
    stm32f4xx_it.o(.text) refers to stm32f4xx_dma.o(.text) for DMA_GetFlagStatus
    stm32f4xx_it.o(.text) refers to stm32f4xx_usart.o(.text) for USART_GetITStatus
    stm32f4xx_it.o(.text) refers to remotdbus.o(.text) for SBUS_TO_RC
    stm32f4xx_it.o(.text) refers to detect_task.o(.text) for DetectHook
    stm32f4xx_it.o(.text) refers to stm32f4xx_can.o(.text) for CAN_GetITStatus
    stm32f4xx_it.o(.text) refers to dflt_clz.o(x$fpl$dflt) for __aeabi_i2d
    stm32f4xx_it.o(.text) refers to dmul.o(x$fpl$dmul) for __aeabi_dmul
    stm32f4xx_it.o(.text) refers to f2d.o(x$fpl$f2d) for __aeabi_f2d
    stm32f4xx_it.o(.text) refers to daddsub_clz.o(x$fpl$dsub) for __aeabi_dsub
    stm32f4xx_it.o(.text) refers to d2f.o(x$fpl$d2f) for __aeabi_d2f
    stm32f4xx_it.o(.text) refers to stm32f4xx_tim.o(.text) for TIM_GetITStatus
    stm32f4xx_it.o(.text) refers to auto_attacktask.o(.text) for receiveMainFocusData
    stm32f4xx_it.o(.text) refers to freertostask.o(.data) for ImuDataSem
    stm32f4xx_it.o(.text) refers to stm32f4xx_it.o(.data) for this_time_rx_len
    stm32f4xx_it.o(.text) refers to remotdbus.o(.bss) for rc_ctrl
    stm32f4xx_it.o(.text) refers to stm32f4xx_it.o(.bss) for Imu_ext
    system_stm32f4xx.o(.text) refers to system_stm32f4xx.o(.data) for SystemCoreClock
    basicperipherals.o(.text) refers to stm32f4xx_rcc.o(.text) for RCC_AHB1PeriphClockCmd
    basicperipherals.o(.text) refers to stm32f4xx_gpio.o(.text) for GPIO_Init
    basicperipherals.o(.text) refers to stm32f4xx_tim.o(.text) for TIM_TimeBaseInit
    basicperipherals.o(.text) refers to stm32f4xx_syscfg.o(.text) for SYSCFG_EXTILineConfig
    basicperipherals.o(.text) refers to stm32f4xx_exti.o(.text) for EXTI_Init
    basicperipherals.o(.text) refers to misc.o(.text) for NVIC_Init
    basicperipherals.o(.text) refers to tasks.o(.text) for vTaskDelay
    basicperipherals.o(.text) refers to basicperipherals.o(.data) for FreeRTOSRunTimeTicks
    remotdbus.o(.text) refers to stm32f4xx_rcc.o(.text) for RCC_AHB1PeriphClockCmd
    remotdbus.o(.text) refers to stm32f4xx_gpio.o(.text) for GPIO_Init
    remotdbus.o(.text) refers to stm32f4xx_usart.o(.text) for USART_DeInit
    remotdbus.o(.text) refers to misc.o(.text) for NVIC_Init
    remotdbus.o(.text) refers to stm32f4xx_dma.o(.text) for DMA_Cmd
    remotdbus.o(.text) refers to remotdbus.o(.bss) for sbus_rx_buffer
    frictionmoterpwm.o(.text) refers to stm32f4xx_rcc.o(.text) for RCC_APB1PeriphClockCmd
    frictionmoterpwm.o(.text) refers to stm32f4xx_gpio.o(.text) for GPIO_PinAFConfig
    frictionmoterpwm.o(.text) refers to stm32f4xx_tim.o(.text) for TIM_TimeBaseInit
    motorcan.o(.text) refers to stm32f4xx_rcc.o(.text) for RCC_APB1PeriphClockCmd
    motorcan.o(.text) refers to stm32f4xx_gpio.o(.text) for GPIO_Init
    motorcan.o(.text) refers to misc.o(.text) for NVIC_Init
    motorcan.o(.text) refers to stm32f4xx_can.o(.text) for CAN_DeInit
    stmflash.o(.text) refers to stm32f4xx_flash.o(.text) for FLASH_Unlock
    mainfocus_usart.o(.text) refers to stm32f4xx_rcc.o(.text) for RCC_AHB1PeriphClockCmd
    mainfocus_usart.o(.text) refers to stm32f4xx_gpio.o(.text) for GPIO_Init
    mainfocus_usart.o(.text) refers to stm32f4xx_usart.o(.text) for USART_DeInit
    mainfocus_usart.o(.text) refers to misc.o(.text) for NVIC_Init
    mainfocus_usart.o(.text) refers to stm32f4xx_dma.o(.text) for DMA_Cmd
    mainfocus_usart.o(.text) refers to auto_attacktask.o(.bss) for mainfocus_rx_buffer
    referee.o(.text) refers to stm32f4xx_rcc.o(.text) for RCC_APB2PeriphClockCmd
    referee.o(.text) refers to stm32f4xx_gpio.o(.text) for GPIO_PinAFConfig
    referee.o(.text) refers to stm32f4xx_dma.o(.text) for DMA_DeInit
    referee.o(.text) refers to stm32f4xx_usart.o(.text) for USART_DeInit
    referee.o(.text) refers to misc.o(.text) for NVIC_Init
    referee.o(.text) refers to rt_memcpy_v6.o(.text) for __aeabi_memcpy
    referee.o(.text) refers to referee.o(.bss) for Rx_Buf_Referee
    referee.o(.text) refers to referee.o(.constdata) for CRC8_TAB
    referee.o(.text) refers to referee.o(.data) for count
    freertostask.o(.text) refers to _printf_percent.o(.ARM.Collect$$_printf_percent$$00000000) for _printf_percent
    freertostask.o(.text) refers to _printf_d.o(.ARM.Collect$$_printf_percent$$00000009) for _printf_d
    freertostask.o(.text) refers to _printf_f.o(.ARM.Collect$$_printf_percent$$00000003) for _printf_f
[...]
    NVIC_PriorityGroupConfig                 0x08004bc9   Thumb Code    10  misc.o(.text)
    NVIC_Init                                0x08004bd3   Thumb Code   106  misc.o(.text)
    NVIC_SetVectorTable                      0x08004c3d   Thumb Code    14  misc.o(.text)
    NVIC_SystemLPConfig                      0x08004c4b   Thumb Code    34  misc.o(.text)
    SysTick_CLKSourceConfig                  0x08004c6d   Thumb Code    40  misc.o(.text)
    GPIO_DeInit                              0x08004ca9   Thumb Code   268  stm32f4xx_gpio.o(.text)
    GPIO_Init                                0x08004db5   Thumb Code   144  stm32f4xx_gpio.o(.text)
    GPIO_StructInit                          0x08004e45   Thumb Code    18  stm32f4xx_gpio.o(.text)
    GPIO_PinLockConfig                       0x08004e57   Thumb Code    34  stm32f4xx_gpio.o(.text)
    GPIO_ReadInputDataBit                    0x08004e79   Thumb Code    18  stm32f4xx_gpio.o(.text)
    GPIO_ReadInputData                       0x08004e8b   Thumb Code     8  stm32f4xx_gpio.o(.text)
    GPIO_ReadOutputDataBit                   0x08004e93   Thumb Code    18  stm32f4xx_gpio.o(.text)
    GPIO_ReadOutputData                      0x08004ea5   Thumb Code     8  stm32f4xx_gpio.o(.text)
    GPIO_SetBits                             0x08004ead   Thumb Code     4  stm32f4xx_gpio.o(.text)
    GPIO_ResetBits                           0x08004eb1   Thumb Code     4  stm32f4xx_gpio.o(.text)
    GPIO_WriteBit                            0x08004eb5   Thumb Code    10  stm32f4xx_gpio.o(.text)
    GPIO_Write                               0x08004ebf   Thumb Code     4  stm32f4xx_gpio.o(.text)
    GPIO_ToggleBits                          0x08004ec3   Thumb Code     8  stm32f4xx_gpio.o(.text)
    GPIO_PinAFConfig                         0x08004ecb   Thumb Code    70  stm32f4xx_gpio.o(.text)
    RCC_DeInit                               0x08004f3d   Thumb Code    82  stm32f4xx_rcc.o(.text)
    RCC_HSEConfig                            0x08004f8f   Thumb Code    14  stm32f4xx_rcc.o(.text)
    RCC_GetFlagStatus                        0x08004f9d   Thumb Code    60  stm32f4xx_rcc.o(.text)
    RCC_WaitForHSEStartUp                    0x08004fd9   Thumb Code    56  stm32f4xx_rcc.o(.text)
    RCC_AdjustHSICalibrationValue            0x08005011   Thumb Code    20  stm32f4xx_rcc.o(.text)
    RCC_HSICmd                               0x08005025   Thumb Code     6  stm32f4xx_rcc.o(.text)
    RCC_LSEConfig                            0x0800502b   Thumb Code    46  stm32f4xx_rcc.o(.text)
    RCC_LSICmd                               0x08005059   Thumb Code     6  stm32f4xx_rcc.o(.text)
    RCC_PLLConfig                            0x0800505f   Thumb Code    32  stm32f4xx_rcc.o(.text)
    RCC_PLLCmd                               0x0800507f   Thumb Code     6  stm32f4xx_rcc.o(.text)
    RCC_PLLI2SConfig                         0x08005085   Thumb Code    20  stm32f4xx_rcc.o(.text)
    RCC_PLLI2SCmd                            0x08005099   Thumb Code     6  stm32f4xx_rcc.o(.text)
    RCC_PLLSAIConfig                         0x0800509f   Thumb Code    20  stm32f4xx_rcc.o(.text)
    RCC_PLLSAICmd                            0x080050b3   Thumb Code     6  stm32f4xx_rcc.o(.text)
    RCC_ClockSecuritySystemCmd               0x080050b9   Thumb Code     6  stm32f4xx_rcc.o(.text)
    RCC_MCO1Config                           0x080050bf   Thumb Code    28  stm32f4xx_rcc.o(.text)
    RCC_MCO2Config                           0x080050db   Thumb Code    28  stm32f4xx_rcc.o(.text)
    RCC_SYSCLKConfig                         0x080050f7   Thumb Code    20  stm32f4xx_rcc.o(.text)
    RCC_GetSYSCLKSource                      0x0800510b   Thumb Code    12  stm32f4xx_rcc.o(.text)
    RCC_HCLKConfig                           0x08005117   Thumb Code    20  stm32f4xx_rcc.o(.text)
    RCC_PCLK1Config                          0x0800512b   Thumb Code    20  stm32f4xx_rcc.o(.text)
    RCC_PCLK2Config                          0x0800513f   Thumb Code    22  stm32f4xx_rcc.o(.text)
    RCC_GetClocksFreq                        0x08005155   Thumb Code   222  stm32f4xx_rcc.o(.text)
    RCC_RTCCLKConfig                         0x08005233   Thumb Code    54  stm32f4xx_rcc.o(.text)
    RCC_RTCCLKCmd                            0x08005269   Thumb Code     8  stm32f4xx_rcc.o(.text)
    RCC_BackupResetCmd                       0x08005271   Thumb Code     8  stm32f4xx_rcc.o(.text)
    RCC_I2SCLKConfig                         0x08005279   Thumb Code     6  stm32f4xx_rcc.o(.text)
    RCC_SAIPLLI2SClkDivConfig                0x0800527f   Thumb Code    26  stm32f4xx_rcc.o(.text)
    RCC_SAIPLLSAIClkDivConfig                0x08005299   Thumb Code    28  stm32f4xx_rcc.o(.text)
    RCC_SAIBlockACLKConfig                   0x080052b5   Thumb Code    20  stm32f4xx_rcc.o(.text)
    RCC_SAIBlockBCLKConfig                   0x080052c9   Thumb Code    20  stm32f4xx_rcc.o(.text)
    RCC_LTDCCLKDivConfig                     0x080052dd   Thumb Code    20  stm32f4xx_rcc.o(.text)
    RCC_TIMCLKPresConfig                     0x080052f1   Thumb Code     6  stm32f4xx_rcc.o(.text)
    RCC_AHB1PeriphClockCmd                   0x080052f7   Thumb Code    82  stm32f4xx_rcc.o(.text)
    RCC_AHB2PeriphClockCmd                   0x08005349   Thumb Code    26  stm32f4xx_rcc.o(.text)
    RCC_AHB3PeriphClockCmd                   0x08005363   Thumb Code    34  stm32f4xx_rcc.o(.text)
    RCC_APB1PeriphClockCmd                   0x08005385   Thumb Code    34  stm32f4xx_rcc.o(.text)
    RCC_APB2PeriphClockCmd                   0x080053a7   Thumb Code    34  stm32f4xx_rcc.o(.text)
    RCC_AHB1PeriphResetCmd                   0x080053c9   Thumb Code    34  stm32f4xx_rcc.o(.text)
    RCC_AHB2PeriphResetCmd                   0x080053eb   Thumb Code    34  stm32f4xx_rcc.o(.text)
    RCC_AHB3PeriphResetCmd                   0x0800540d   Thumb Code    34  stm32f4xx_rcc.o(.text)
    RCC_APB1PeriphResetCmd                   0x0800542f   Thumb Code    34  stm32f4xx_rcc.o(.text)
    RCC_APB2PeriphResetCmd                   0x08005451   Thumb Code    34  stm32f4xx_rcc.o(.text)
    RCC_AHB1PeriphClockLPModeCmd             0x08005473   Thumb Code    34  stm32f4xx_rcc.o(.text)
    RCC_AHB2PeriphClockLPModeCmd             0x08005495   Thumb Code    34  stm32f4xx_rcc.o(.text)
    RCC_AHB3PeriphClockLPModeCmd             0x080054b7   Thumb Code    34  stm32f4xx_rcc.o(.text)
    RCC_APB1PeriphClockLPModeCmd             0x080054d9   Thumb Code    34  stm32f4xx_rcc.o(.text)
    RCC_APB2PeriphClockLPModeCmd             0x080054fb   Thumb Code    34  stm32f4xx_rcc.o(.text)
    RCC_LSEModeConfig                        0x0800551d   Thumb Code    40  stm32f4xx_rcc.o(.text)
    RCC_ITConfig                             0x08005545   Thumb Code    34  stm32f4xx_rcc.o(.text)
    RCC_ClearFlag                            0x08005567   Thumb Code    18  stm32f4xx_rcc.o(.text)
    RCC_GetITStatus                          0x08005579   Thumb Code    22  stm32f4xx_rcc.o(.text)
    RCC_ClearITPendingBit                    0x0800558f   Thumb Code     8  stm32f4xx_rcc.o(.text)
    SYSCFG_DeInit                            0x0800559d   Thumb Code    22  stm32f4xx_syscfg.o(.text)
    SYSCFG_MemoryRemapConfig                 0x080055b3   Thumb Code     6  stm32f4xx_syscfg.o(.text)
    SYSCFG_MemorySwappingBank                0x080055b9   Thumb Code     6  stm32f4xx_syscfg.o(.text)
    SYSCFG_EXTILineConfig                    0x080055bf   Thumb Code    66  stm32f4xx_syscfg.o(.text)
    SYSCFG_ETH_MediaInterfaceConfig          0x08005601   Thumb Code     8  stm32f4xx_syscfg.o(.text)
    SYSCFG_CompensationCellCmd               0x08005609   Thumb Code     6  stm32f4xx_syscfg.o(.text)
    SYSCFG_GetCompensationCellStatus         0x0800560f   Thumb Code    22  stm32f4xx_syscfg.o(.text)
    USART_DeInit                             0x08005631   Thumb Code   206  stm32f4xx_usart.o(.text)
    USART_Init                               0x080056ff   Thumb Code   204  stm32f4xx_usart.o(.text)
    USART_StructInit                         0x080057cb   Thumb Code    24  stm32f4xx_usart.o(.text)
    USART_ClockInit                          0x080057e3   Thumb Code    32  stm32f4xx_usart.o(.text)
    USART_ClockStructInit                    0x08005803   Thumb Code    12  stm32f4xx_usart.o(.text)
    USART_Cmd                                0x0800580f   Thumb Code    24  stm32f4xx_usart.o(.text)
    USART_SetPrescaler                       0x08005827   Thumb Code    16  stm32f4xx_usart.o(.text)
    USART_OverSampling8Cmd                   0x08005837   Thumb Code    22  stm32f4xx_usart.o(.text)
    USART_OneBitMethodCmd                    0x0800584d   Thumb Code    24  stm32f4xx_usart.o(.text)
    USART_SendData                           0x08005865   Thumb Code     8  stm32f4xx_usart.o(.text)
    USART_ReceiveData                        0x0800586d   Thumb Code    10  stm32f4xx_usart.o(.text)
    USART_SetAddress                         0x08005877   Thumb Code    18  stm32f4xx_usart.o(.text)
    USART_ReceiverWakeUpCmd                  0x08005889   Thumb Code    24  stm32f4xx_usart.o(.text)
    USART_WakeUpConfig                       0x080058a1   Thumb Code    18  stm32f4xx_usart.o(.text)
    USART_LINBreakDetectLengthConfig         0x080058b3   Thumb Code    18  stm32f4xx_usart.o(.text)
    USART_LINCmd                             0x080058c5   Thumb Code    24  stm32f4xx_usart.o(.text)
    USART_SendBreak                          0x080058dd   Thumb Code    10  stm32f4xx_usart.o(.text)
    USART_HalfDuplexCmd                      0x080058e7   Thumb Code    24  stm32f4xx_usart.o(.text)
    USART_SetGuardTime                       0x080058ff   Thumb Code    16  stm32f4xx_usart.o(.text)
    USART_SmartCardCmd                       0x0800590f   Thumb Code    24  stm32f4xx_usart.o(.text)
    USART_SmartCardNACKCmd                   0x08005927   Thumb Code    24  stm32f4xx_usart.o(.text)
    USART_IrDAConfig                         0x0800593f   Thumb Code    18  stm32f4xx_usart.o(.text)
    USART_IrDACmd                            0x08005951   Thumb Code    24  stm32f4xx_usart.o(.text)
    USART_DMACmd                             0x08005969   Thumb Code    18  stm32f4xx_usart.o(.text)
    USART_ITConfig                           0x0800597b   Thumb Code    74  stm32f4xx_usart.o(.text)
    USART_GetFlagStatus                      0x080059c5   Thumb Code    26  stm32f4xx_usart.o(.text)
    USART_ClearFlag                          0x080059df   Thumb Code    18  stm32f4xx_usart.o(.text)
    USART_GetITStatus                        0x080059f1   Thumb Code   118  stm32f4xx_usart.o(.text)
    USART_ClearITPendingBit                  0x08005a67   Thumb Code    30  stm32f4xx_usart.o(.text)
    CAN_DeInit                               0x08005a85   Thumb Code    50  stm32f4xx_can.o(.text)
    CAN_Init                                 0x08005ab7   Thumb Code   276  stm32f4xx_can.o(.text)
    CAN_FilterInit                           0x08005bcb   Thumb Code   258  stm32f4xx_can.o(.text)
    CAN_StructInit                           0x08005ccd   Thumb Code    32  stm32f4xx_can.o(.text)
    CAN_SlaveStartBank                       0x08005ced   Thumb Code    48  stm32f4xx_can.o(.text)
    CAN_DBGFreeze                            0x08005d1d   Thumb Code    22  stm32f4xx_can.o(.text)
    CAN_TTComModeCmd                         0x08005d33   Thumb Code   118  stm32f4xx_can.o(.text)
    CAN_Transmit                             0x08005da9   Thumb Code   304  stm32f4xx_can.o(.text)
    CAN_TransmitStatus                       0x08005ed9   Thumb Code   138  stm32f4xx_can.o(.text)
    CAN_CancelTransmit                       0x08005f63   Thumb Code    48  stm32f4xx_can.o(.text)
    CAN_Receive                              0x08005f93   Thumb Code   240  stm32f4xx_can.o(.text)
    CAN_FIFORelease                          0x08006083   Thumb Code    22  stm32f4xx_can.o(.text)
    CAN_MessagePending                       0x08006099   Thumb Code    30  stm32f4xx_can.o(.text)
    CAN_OperatingModeRequest                 0x080060b7   Thumb Code   162  stm32f4xx_can.o(.text)
    CAN_Sleep                                0x08006159   Thumb Code    30  stm32f4xx_can.o(.text)
    CAN_WakeUp                               0x08006177   Thumb Code    48  stm32f4xx_can.o(.text)
    CAN_GetLastErrorCode                     0x080061a7   Thumb Code    12  stm32f4xx_can.o(.text)
    CAN_GetReceiveErrorCounter               0x080061b3   Thumb Code    10  stm32f4xx_can.o(.text)
    CAN_GetLSBTransmitErrorCounter           0x080061bd   Thumb Code    12  stm32f4xx_can.o(.text)
    CAN_ITConfig                             0x080061c9   Thumb Code    18  stm32f4xx_can.o(.text)
    CAN_GetFlagStatus                        0x080061db   Thumb Code   120  stm32f4xx_can.o(.text)
    CAN_ClearFlag                            0x08006253   Thumb Code    52  stm32f4xx_can.o(.text)
    CAN_GetITStatus                          0x08006299   Thumb Code   310  stm32f4xx_can.o(.text)
    CAN_ClearITPendingBit                    0x080063cf   Thumb Code   162  stm32f4xx_can.o(.text)
    DMA_DeInit                               0x08006475   Thumb Code   324  stm32f4xx_dma.o(.text)
    DMA_Init                                 0x080065b9   Thumb Code    82  stm32f4xx_dma.o(.text)
    DMA_StructInit                           0x0800660b   Thumb Code    34  stm32f4xx_dma.o(.text)
    DMA_Cmd                                  0x0800662d   Thumb Code    22  stm32f4xx_dma.o(.text)
    DMA_PeriphIncOffsetSizeConfig            0x08006643   Thumb Code    22  stm32f4xx_dma.o(.text)
    DMA_FlowControllerConfig                 0x08006659   Thumb Code    22  stm32f4xx_dma.o(.text)
    DMA_SetCurrDataCounter                   0x0800666f   Thumb Code     4  stm32f4xx_dma.o(.text)
    DMA_GetCurrDataCounter                   0x08006673   Thumb Code     8  stm32f4xx_dma.o(.text)
    DMA_DoubleBufferModeConfig               0x0800667b   Thumb Code    24  stm32f4xx_dma.o(.text)
    DMA_DoubleBufferModeCmd                  0x08006693   Thumb Code    22  stm32f4xx_dma.o(.text)
    DMA_MemoryTargetConfig                   0x080066a9   Thumb Code    10  stm32f4xx_dma.o(.text)
    DMA_GetCurrentMemoryTarget               0x080066b3   Thumb Code    20  stm32f4xx_dma.o(.text)
    DMA_GetCmdStatus                         0x080066c7   Thumb Code    20  stm32f4xx_dma.o(.text)
    DMA_GetFIFOStatus                        0x080066db   Thumb Code    12  stm32f4xx_dma.o(.text)
    DMA_GetFlagStatus                        0x080066e7   Thumb Code    56  stm32f4xx_dma.o(.text)
    DMA_ClearFlag                            0x0800671f   Thumb Code    40  stm32f4xx_dma.o(.text)
    DMA_ITConfig                             0x08006747   Thumb Code    58  stm32f4xx_dma.o(.text)
    DMA_GetITStatus                          0x08006781   Thumb Code    84  stm32f4xx_dma.o(.text)
    DMA_ClearITPendingBit                    0x080067d5   Thumb Code    40  stm32f4xx_dma.o(.text)
    TIM_DeInit                               0x0800681d   Thumb Code   346  stm32f4xx_tim.o(.text)
    TIM_TimeBaseInit                         0x08006977   Thumb Code   104  stm32f4xx_tim.o(.text)
    TIM_TimeBaseStructInit                   0x080069df   Thumb Code    18  stm32f4xx_tim.o(.text)
    TIM_PrescalerConfig                      0x080069f1   Thumb Code     6  stm32f4xx_tim.o(.text)
    TIM_CounterModeConfig                    0x080069f7   Thumb Code    18  stm32f4xx_tim.o(.text)
    TIM_SetCounter                           0x08006a09   Thumb Code     4  stm32f4xx_tim.o(.text)
    TIM_SetAutoreload                        0x08006a0d   Thumb Code     4  stm32f4xx_tim.o(.text)
    TIM_GetCounter                           0x08006a11   Thumb Code     6  stm32f4xx_tim.o(.text)
    TIM_GetPrescaler                         0x08006a17   Thumb Code     6  stm32f4xx_tim.o(.text)
    TIM_UpdateDisableConfig                  0x08006a1d   Thumb Code    24  stm32f4xx_tim.o(.text)
    TIM_UpdateRequestConfig                  0x08006a35   Thumb Code    24  stm32f4xx_tim.o(.text)
    TIM_ARRPreloadConfig                     0x08006a4d   Thumb Code    24  stm32f4xx_tim.o(.text)
    TIM_SelectOnePulseMode                   0x08006a65   Thumb Code    18  stm32f4xx_tim.o(.text)
    TIM_SetClockDivision                     0x08006a77   Thumb Code    18  stm32f4xx_tim.o(.text)
    TIM_Cmd                                  0x08006a89   Thumb Code    24  stm32f4xx_tim.o(.text)
    TIM_OC1Init                              0x08006aa1   Thumb Code   114  stm32f4xx_tim.o(.text)
    TIM_OC2Init                              0x08006b13   Thumb Code   154  stm32f4xx_tim.o(.text)
    TIM_OC3Init                              0x08006bad   Thumb Code   204  stm32f4xx_tim.o(.text)
    TIM_OC4Init                              0x08006c79   Thumb Code   112  stm32f4xx_tim.o(.text)
    TIM_OCStructInit                         0x08006ce9   Thumb Code    20  stm32f4xx_tim.o(.text)
    TIM_SelectOCxM                           0x08006cfd   Thumb Code    86  stm32f4xx_tim.o(.text)
    TIM_SetCompare1                          0x08006d53   Thumb Code     4  stm32f4xx_tim.o(.text)
    TIM_SetCompare2                          0x08006d57   Thumb Code     4  stm32f4xx_tim.o(.text)
    TIM_SetCompare3                          0x08006d5b   Thumb Code     4  stm32f4xx_tim.o(.text)
    TIM_SetCompare4                          0x08006d5f   Thumb Code     4  stm32f4xx_tim.o(.text)
    TIM_ForcedOC1Config                      0x08006d63   Thumb Code    18  stm32f4xx_tim.o(.text)
    TIM_ForcedOC2Config                      0x08006d75   Thumb Code    26  stm32f4xx_tim.o(.text)
    TIM_ForcedOC3Config                      0x08006d8f   Thumb Code    18  stm32f4xx_tim.o(.text)
    TIM_ForcedOC4Config                      0x08006da1   Thumb Code    26  stm32f4xx_tim.o(.text)
    TIM_OC1PreloadConfig                     0x08006dbb   Thumb Code    18  stm32f4xx_tim.o(.text)
    TIM_OC2PreloadConfig                     0x08006dcd   Thumb Code    26  stm32f4xx_tim.o(.text)
    TIM_OC3PreloadConfig                     0x08006de7   Thumb Code    18  stm32f4xx_tim.o(.text)
    TIM_OC4PreloadConfig                     0x08006df9   Thumb Code    26  stm32f4xx_tim.o(.text)
    TIM_OC1FastConfig                        0x08006e13   Thumb Code    18  stm32f4xx_tim.o(.text)
    TIM_OC2FastConfig                        0x08006e25   Thumb Code    26  stm32f4xx_tim.o(.text)
    TIM_OC3FastConfig                        0x08006e3f   Thumb Code    18  stm32f4xx_tim.o(.text)
    TIM_OC4FastConfig                        0x08006e51   Thumb Code    26  stm32f4xx_tim.o(.text)
    TIM_ClearOC1Ref                          0x08006e6b   Thumb Code    18  stm32f4xx_tim.o(.text)
    TIM_ClearOC2Ref                          0x08006e7d   Thumb Code    24  stm32f4xx_tim.o(.text)
    TIM_ClearOC3Ref                          0x08006e95   Thumb Code    18  stm32f4xx_tim.o(.text)
    TIM_ClearOC4Ref                          0x08006ea7   Thumb Code    24  stm32f4xx_tim.o(.text)
    TIM_OC1PolarityConfig                    0x08006ebf   Thumb Code    18  stm32f4xx_tim.o(.text)
    TIM_OC1NPolarityConfig                   0x08006ed1   Thumb Code    18  stm32f4xx_tim.o(.text)
    TIM_OC2PolarityConfig                    0x08006ee3   Thumb Code    26  stm32f4xx_tim.o(.text)
    TIM_OC2NPolarityConfig                   0x08006efd   Thumb Code    26  stm32f4xx_tim.o(.text)
    TIM_OC3PolarityConfig                    0x08006f17   Thumb Code    26  stm32f4xx_tim.o(.text)
    TIM_OC3NPolarityConfig                   0x08006f31   Thumb Code    26  stm32f4xx_tim.o(.text)
    TIM_OC4PolarityConfig                    0x08006f4b   Thumb Code    26  stm32f4xx_tim.o(.text)
    TIM_CCxCmd                               0x08006f65   Thumb Code    30  stm32f4xx_tim.o(.text)
    TIM_CCxNCmd                              0x08006f83   Thumb Code    30  stm32f4xx_tim.o(.text)
    TIM_SetIC4Prescaler                      0x08006fa1   Thumb Code    26  stm32f4xx_tim.o(.text)
    TIM_SetIC3Prescaler                      0x0800700b   Thumb Code    18  stm32f4xx_tim.o(.text)
    TIM_SetIC2Prescaler                      0x08007065   Thumb Code    26  stm32f4xx_tim.o(.text)
    TIM_SetIC1Prescaler                      0x080070d9   Thumb Code    18  stm32f4xx_tim.o(.text)
    TIM_ICInit                               0x08007125   Thumb Code   110  stm32f4xx_tim.o(.text)
    TIM_ICStructInit                         0x08007193   Thumb Code    18  stm32f4xx_tim.o(.text)
    TIM_PWMIConfig                           0x080071a5   Thumb Code   124  stm32f4xx_tim.o(.text)
    TIM_GetCapture1                          0x08007221   Thumb Code     6  stm32f4xx_tim.o(.text)
    TIM_GetCapture2                          0x08007227   Thumb Code     6  stm32f4xx_tim.o(.text)
    TIM_GetCapture3                          0x0800722d   Thumb Code     6  stm32f4xx_tim.o(.text)
    TIM_GetCapture4                          0x08007233   Thumb Code     6  stm32f4xx_tim.o(.text)
    TIM_BDTRConfig                           0x08007239   Thumb Code    32  stm32f4xx_tim.o(.text)
    TIM_BDTRStructInit                       0x08007259   Thumb Code    18  stm32f4xx_tim.o(.text)
    TIM_CtrlPWMOutputs                       0x0800726b   Thumb Code    30  stm32f4xx_tim.o(.text)
    TIM_SelectCOM                            0x08007289   Thumb Code    24  stm32f4xx_tim.o(.text)
    TIM_CCPreloadControl                     0x080072a1   Thumb Code    24  stm32f4xx_tim.o(.text)
    TIM_ITConfig                             0x080072b9   Thumb Code    18  stm32f4xx_tim.o(.text)
    TIM_GenerateEvent                        0x080072cb   Thumb Code     4  stm32f4xx_tim.o(.text)
    TIM_GetFlagStatus                        0x080072cf   Thumb Code    18  stm32f4xx_tim.o(.text)
    TIM_ClearFlag                            0x080072e1   Thumb Code     6  stm32f4xx_tim.o(.text)
    TIM_GetITStatus                          0x080072e7   Thumb Code    34  stm32f4xx_tim.o(.text)
    TIM_ClearITPendingBit                    0x08007309   Thumb Code     6  stm32f4xx_tim.o(.text)
    TIM_DMAConfig                            0x0800730f   Thumb Code    10  stm32f4xx_tim.o(.text)
    TIM_DMACmd                               0x08007319   Thumb Code    18  stm32f4xx_tim.o(.text)
    TIM_SelectCCDMA                          0x0800732b   Thumb Code    24  stm32f4xx_tim.o(.text)
    TIM_InternalClockConfig                  0x08007343   Thumb Code    12  stm32f4xx_tim.o(.text)
    TIM_SelectInputTrigger                   0x0800734f   Thumb Code    18  stm32f4xx_tim.o(.text)
    TIM_ITRxExternalClockConfig              0x08007361   Thumb Code    24  stm32f4xx_tim.o(.text)
    TIM_TIxExternalClockConfig               0x08007379   Thumb Code    62  stm32f4xx_tim.o(.text)
    TIM_ETRConfig                            0x080073b7   Thumb Code    28  stm32f4xx_tim.o(.text)
    TIM_ETRClockMode1Config                  0x080073d3   Thumb Code    54  stm32f4xx_tim.o(.text)
    TIM_ETRClockMode2Config                  0x08007409   Thumb Code    32  stm32f4xx_tim.o(.text)
    TIM_SelectOutputTrigger                  0x08007429   Thumb Code    18  stm32f4xx_tim.o(.text)
    TIM_SelectSlaveMode                      0x0800743b   Thumb Code    18  stm32f4xx_tim.o(.text)
    TIM_SelectMasterSlaveMode                0x0800744d   Thumb Code    18  stm32f4xx_tim.o(.text)
    TIM_EncoderInterfaceConfig               0x0800745f   Thumb Code    66  stm32f4xx_tim.o(.text)
    TIM_SelectHallSensor                     0x080074a1   Thumb Code    24  stm32f4xx_tim.o(.text)
    TIM_RemapConfig                          0x080074b9   Thumb Code     6  stm32f4xx_tim.o(.text)
    SPI_I2S_DeInit                           0x080074c1   Thumb Code   152  stm32f4xx_spi.o(.text)
    SPI_Init                                 0x08007559   Thumb Code    60  stm32f4xx_spi.o(.text)
    I2S_Init                                 0x08007595   Thumb Code   396  stm32f4xx_spi.o(.text)
    SPI_StructInit                           0x08007721   Thumb Code    24  stm32f4xx_spi.o(.text)
    I2S_StructInit                           0x08007739   Thumb Code    20  stm32f4xx_spi.o(.text)
    SPI_Cmd                                  0x0800774d   Thumb Code    24  stm32f4xx_spi.o(.text)
    I2S_Cmd                                  0x08007765   Thumb Code    24  stm32f4xx_spi.o(.text)
    SPI_DataSizeConfig                       0x0800777d   Thumb Code    18  stm32f4xx_spi.o(.text)
    SPI_BiDirectionalLineConfig              0x0800778f   Thumb Code    28  stm32f4xx_spi.o(.text)
    SPI_NSSInternalSoftwareConfig            0x080077ab   Thumb Code    30  stm32f4xx_spi.o(.text)
    SPI_SSOutputCmd                          0x080077c9   Thumb Code    24  stm32f4xx_spi.o(.text)
    SPI_TIModeCmd                            0x080077e1   Thumb Code    14  stm32f4xx_spi.o(.text)
    I2S_FullDuplexConfig                     0x080077ef   Thumb Code    80  stm32f4xx_spi.o(.text)
    SPI_I2S_ReceiveData                      0x0800783f   Thumb Code     6  stm32f4xx_spi.o(.text)
    SPI_I2S_SendData                         0x08007845   Thumb Code     4  stm32f4xx_spi.o(.text)
    SPI_I2S_GetFlagStatus                    0x08007849   Thumb Code    18  stm32f4xx_spi.o(.text)
    SPI_TransmitReceive                      0x0800785b   Thumb Code   156  stm32f4xx_spi.o(.text)
    SPI_CalculateCRC                         0x080078f7   Thumb Code    24  stm32f4xx_spi.o(.text)
    SPI_TransmitCRC                          0x0800790f   Thumb Code    10  stm32f4xx_spi.o(.text)
    SPI_GetCRC                               0x08007919   Thumb Code    16  stm32f4xx_spi.o(.text)
    SPI_GetCRCPolynomial                     0x08007929   Thumb Code     6  stm32f4xx_spi.o(.text)
    SPI_I2S_DMACmd                           0x0800792f   Thumb Code    18  stm32f4xx_spi.o(.text)
    SPI_I2S_ITConfig                         0x08007941   Thumb Code    32  stm32f4xx_spi.o(.text)
    SPI_I2S_ClearFlag                        0x08007961   Thumb Code     6  stm32f4xx_spi.o(.text)
    SPI_I2S_GetITStatus                      0x08007967   Thumb Code    52  stm32f4xx_spi.o(.text)
    SPI_I2S_ClearITPendingBit                0x0800799b   Thumb Code    20  stm32f4xx_spi.o(.text)
    FLASH_SetLatency                         0x080079b1   Thumb Code     6  stm32f4xx_flash.o(.text)
    FLASH_PrefetchBufferCmd                  0x080079b7   Thumb Code    30  stm32f4xx_flash.o(.text)
    FLASH_InstructionCacheCmd                0x080079d5   Thumb Code    30  stm32f4xx_flash.o(.text)
    FLASH_DataCacheCmd                       0x080079f3   Thumb Code    30  stm32f4xx_flash.o(.text)
    FLASH_InstructionCacheReset              0x08007a11   Thumb Code    14  stm32f4xx_flash.o(.text)
    FLASH_DataCacheReset                     0x08007a1f   Thumb Code    14  stm32f4xx_flash.o(.text)
    FLASH_Unlock                             0x08007a2d   Thumb Code    26  stm32f4xx_flash.o(.text)
    FLASH_Lock                               0x08007a47   Thumb Code    18  stm32f4xx_flash.o(.text)
    FLASH_GetStatus                          0x08007a59   Thumb Code    90  stm32f4xx_flash.o(.text)
    FLASH_WaitForLastOperation               0x08007ab3   Thumb Code    34  stm32f4xx_flash.o(.text)
    FLASH_EraseSector                        0x08007ad5   Thumb Code   140  stm32f4xx_flash.o(.text)
    FLASH_EraseAllSectors                    0x08007b61   Thumb Code   118  stm32f4xx_flash.o(.text)
    FLASH_EraseAllBank1Sectors               0x08007bd7   Thumb Code   112  stm32f4xx_flash.o(.text)
    FLASH_EraseAllBank2Sectors               0x08007c47   Thumb Code   112  stm32f4xx_flash.o(.text)
    FLASH_ProgramDoubleWord                  0x08007cb7   Thumb Code    86  stm32f4xx_flash.o(.text)
    FLASH_ProgramWord                        0x08007d0d   Thumb Code    82  stm32f4xx_flash.o(.text)
    FLASH_ProgramHalfWord                    0x08007d5f   Thumb Code    96  stm32f4xx_flash.o(.text)
    FLASH_ProgramByte                        0x08007dbf   Thumb Code    70  stm32f4xx_flash.o(.text)
    FLASH_OB_Unlock                          0x08007e05   Thumb Code    26  stm32f4xx_flash.o(.text)
    FLASH_OB_Lock                            0x08007e1f   Thumb Code    18  stm32f4xx_flash.o(.text)
    FLASH_OB_WRPConfig                       0x08007e31   Thumb Code    54  stm32f4xx_flash.o(.text)
    FLASH_OB_WRP1Config                      0x08007e67   Thumb Code    54  stm32f4xx_flash.o(.text)
    FLASH_OB_PCROPSelectionConfig            0x08007e9d   Thumb Code    24  stm32f4xx_flash.o(.text)
    FLASH_OB_PCROPConfig                     0x08007eb5   Thumb Code    54  stm32f4xx_flash.o(.text)
    FLASH_OB_PCROP1Config                    0x08007eeb   Thumb Code    54  stm32f4xx_flash.o(.text)
    FLASH_OB_RDPConfig                       0x08007f21   Thumb Code    24  stm32f4xx_flash.o(.text)
    FLASH_OB_UserConfig                      0x08007f39   Thumb Code    46  stm32f4xx_flash.o(.text)
    FLASH_OB_BootConfig                      0x08007f67   Thumb Code    26  stm32f4xx_flash.o(.text)
    FLASH_OB_BORConfig                       0x08007f81   Thumb Code    26  stm32f4xx_flash.o(.text)
    FLASH_OB_Launch                          0x08007f9b   Thumb Code    30  stm32f4xx_flash.o(.text)
    FLASH_OB_GetUser                         0x08007fb9   Thumb Code    12  stm32f4xx_flash.o(.text)
    FLASH_OB_GetWRP                          0x08007fc5   Thumb Code     8  stm32f4xx_flash.o(.text)
    FLASH_OB_GetWRP1                         0x08007fcd   Thumb Code     8  stm32f4xx_flash.o(.text)
    FLASH_OB_GetPCROP                        0x08007fd5   Thumb Code     8  stm32f4xx_flash.o(.text)
    FLASH_OB_GetPCROP1                       0x08007fdd   Thumb Code     8  stm32f4xx_flash.o(.text)
    FLASH_OB_GetRDP                          0x08007fe5   Thumb Code    20  stm32f4xx_flash.o(.text)
    FLASH_OB_GetBOR                          0x08007ff9   Thumb Code    12  stm32f4xx_flash.o(.text)
    FLASH_ITConfig                           0x08008005   Thumb Code    26  stm32f4xx_flash.o(.text)
    FLASH_GetFlagStatus                      0x0800801f   Thumb Code    22  stm32f4xx_flash.o(.text)
    FLASH_ClearFlag                          0x08008035   Thumb Code     8  stm32f4xx_flash.o(.text)
    EXTI_DeInit                              0x08008049   Thumb Code    28  stm32f4xx_exti.o(.text)
    EXTI_Init                                0x08008065   Thumb Code   142  stm32f4xx_exti.o(.text)
    EXTI_StructInit                          0x080080f3   Thumb Code    16  stm32f4xx_exti.o(.text)
    EXTI_GenerateSWInterrupt                 0x08008103   Thumb Code    16  stm32f4xx_exti.o(.text)
    EXTI_GetFlagStatus                       0x08008113   Thumb Code    22  stm32f4xx_exti.o(.text)
    EXTI_ClearFlag                           0x08008129   Thumb Code     8  stm32f4xx_exti.o(.text)
    EXTI_GetITStatus                         0x08008131   Thumb Code    22  stm32f4xx_exti.o(.text)
    EXTI_ClearITPendingBit                   0x08008147   Thumb Code     8  stm32f4xx_exti.o(.text)
    pvPortMalloc                             0x0800821b   Thumb Code   296  heap_4.o(.text)
    vPortFree                                0x08008343   Thumb Code   140  heap_4.o(.text)
    xPortGetFreeHeapSize                     0x080083cf   Thumb Code     6  heap_4.o(.text)
    xPortGetMinimumEverFreeHeapSize          0x080083d5   Thumb Code     6  heap_4.o(.text)
    vPortInitialiseBlocks                    0x080083db   Thumb Code     2  heap_4.o(.text)
    pxPortInitialiseStack                    0x08008431   Thumb Code    38  port.o(.text)
    vPortSetupTimerInterrupt                 0x08008457   Thumb Code    36  port.o(.text)
    xPortStartScheduler                      0x0800847b   Thumb Code   330  port.o(.text)
    vPortEndScheduler                        0x080085c5   Thumb Code    42  port.o(.text)
    vPortEnterCritical                       0x080085ef   Thumb Code    78  port.o(.text)
    vPortExitCritical                        0x0800863d   Thumb Code    56  port.o(.text)
    xPortSysTickHandler                      0x08008675   Thumb Code    48  port.o(.text)
    vPortValidateInterruptPriority           0x080086a5   Thumb Code   108  port.o(.text)
    xEventGroupCreate                        0x08008735   Thumb Code    26  event_groups.o(.text)
    xEventGroupSetBits                       0x0800874f   Thumb Code   206  event_groups.o(.text)
    xEventGroupSync                          0x0800881d   Thumb Code   268  event_groups.o(.text)
    xEventGroupWaitBits                      0x08008947   Thumb Code   338  event_groups.o(.text)
    xEventGroupClearBits                     0x08008a99   Thumb Code    92  event_groups.o(.text)
    xEventGroupGetBitsFromISR                0x08008af5   Thumb Code    44  event_groups.o(.text)
    vEventGroupDelete                        0x08008b21   Thumb Code    82  event_groups.o(.text)
    vEventGroupSetBitsCallback               0x08008b73   Thumb Code    16  event_groups.o(.text)
    vEventGroupClearBitsCallback             0x08008b83   Thumb Code    16  event_groups.o(.text)
    uxEventGroupGetNumber                    0x08008b93   Thumb Code    14  event_groups.o(.text)
    vEventGroupSetNumber                     0x08008ba1   Thumb Code     4  event_groups.o(.text)
    vListInitialise                          0x08008ba9   Thumb Code    26  list.o(.text)
    vListInitialiseItem                      0x08008bc3   Thumb Code     6  list.o(.text)
    vListInsertEnd                           0x08008bc9   Thumb Code    24  list.o(.text)
    vListInsert                              0x08008be1   Thumb Code    52  list.o(.text)
    uxListRemove                             0x08008c15   Thumb Code    40  list.o(.text)
    xQueueGenericReset                       0x08008c3d   Thumb Code   146  queue.o(.text)
    xQueueGenericCreate                      0x08008cf9   Thumb Code    90  queue.o(.text)
    xQueueGenericSend                        0x08008e6d   Thumb Code   420  queue.o(.text)
    xQueueCreateMutex                        0x0800902f   Thumb Code    34  queue.o(.text)
    xQueueGiveMutexRecursive                 0x08009051   Thumb Code    78  queue.o(.text)
    xQueueSemaphoreTake                      0x080090cd   Thumb Code   434  queue.o(.text)
    xQueueTakeMutexRecursive                 0x0800927f   Thumb Code    78  queue.o(.text)
    xQueueCreateCountingSemaphore            0x080092cd   Thumb Code    92  queue.o(.text)
    xQueueGenericSendFromISR                 0x08009329   Thumb Code   248  queue.o(.text)
    xQueueGiveFromISR                        0x08009421   Thumb Code   224  queue.o(.text)
    xQueueReceive                            0x0800952b   Thumb Code   362  queue.o(.text)
    xQueuePeek                               0x08009695   Thumb Code   362  queue.o(.text)
    xQueueReceiveFromISR                     0x080097ff   Thumb Code   202  queue.o(.text)
    xQueuePeekFromISR                        0x080098c9   Thumb Code   176  queue.o(.text)
    uxQueueMessagesWaiting                   0x08009979   Thumb Code    42  queue.o(.text)
    uxQueueSpacesAvailable                   0x080099a3   Thumb Code    52  queue.o(.text)
    uxQueueMessagesWaitingFromISR            0x080099d7   Thumb Code    34  queue.o(.text)
    vQueueUnregisterQueue                    0x080099f9   Thumb Code    44  queue.o(.text)
    vQueueDelete                             0x08009a25   Thumb Code    44  queue.o(.text)
    uxQueueGetQueueNumber                    0x08009a51   Thumb Code     6  queue.o(.text)
    vQueueSetQueueNumber                     0x08009a57   Thumb Code     4  queue.o(.text)
    ucQueueGetQueueType                      0x08009a5b   Thumb Code     8  queue.o(.text)
    xQueueIsQueueEmptyFromISR                0x08009a63   Thumb Code    42  queue.o(.text)
    xQueueIsQueueFullFromISR                 0x08009a8d   Thumb Code    46  queue.o(.text)
    vQueueAddToRegistry                      0x08009abb   Thumb Code    38  queue.o(.text)
    pcQueueGetName                           0x08009ae1   Thumb Code    38  queue.o(.text)
    vQueueWaitForMessageRestricted           0x08009b07   Thumb Code    74  queue.o(.text)
    xTaskCreate                              0x08009d05   Thumb Code    96  tasks.o(.text)
    vTaskDelete                              0x08009da1   Thumb Code   202  tasks.o(.text)
    xTaskIncrementTick                       0x08009e6b   Thumb Code   360  tasks.o(.text)
    xTaskResumeAll                           0x08009fd3   Thumb Code   224  tasks.o(.text)
    vTaskSuspendAll                          0x0800a12f   Thumb Code    12  tasks.o(.text)
    vTaskDelayUntil                          0x0800a13b   Thumb Code   200  tasks.o(.text)
    vTaskDelay                               0x0800a203   Thumb Code    82  tasks.o(.text)
    eTaskGetState                            0x0800a255   Thumb Code   128  tasks.o(.text)
    uxTaskPriorityGet                        0x0800a2d5   Thumb Code    30  tasks.o(.text)
    uxTaskPriorityGetFromISR                 0x0800a2f3   Thumb Code    62  tasks.o(.text)
    vTaskPrioritySet                         0x0800a331   Thumb Code   324  tasks.o(.text)
    vTaskSwitchContext                       0x0800a475   Thumb Code   170  tasks.o(.text)
    vTaskSuspend                             0x0800a51f   Thumb Code   210  tasks.o(.text)
    vTaskResume                              0x0800a641   Thumb Code   128  tasks.o(.text)
    xTaskResumeFromISR                       0x0800a6c1   Thumb Code   158  tasks.o(.text)
    vTaskStartScheduler                      0x0800a7f9   Thumb Code   122  tasks.o(.text)
    vTaskEndScheduler                        0x0800a873   Thumb Code    32  tasks.o(.text)
    xTaskGetTickCount                        0x0800a893   Thumb Code     6  tasks.o(.text)
    xTaskGetTickCountFromISR                 0x0800a899   Thumb Code    16  tasks.o(.text)
    uxTaskGetNumberOfTasks                   0x0800a8a9   Thumb Code     6  tasks.o(.text)
    pcTaskGetName                            0x0800a8af   Thumb Code    44  tasks.o(.text)
    vTaskGetInfo                             0x0800a8f1   Thumb Code   126  tasks.o(.text)
    uxTaskGetSystemState                     0x0800a9d9   Thumb Code   154  tasks.o(.text)
    vTaskPlaceOnEventList                    0x0800aa73   Thumb Code    52  tasks.o(.text)
    vTaskPlaceOnUnorderedEventList           0x0800aaa7   Thumb Code   100  tasks.o(.text)
    vTaskPlaceOnEventListRestricted          0x0800ab0b   Thumb Code    60  tasks.o(.text)
    xTaskRemoveFromEventList                 0x0800ab47   Thumb Code   128  tasks.o(.text)
    vTaskRemoveFromUnorderedEventList        0x0800abc7   Thumb Code   220  tasks.o(.text)
    vTaskSetTimeOutState                     0x0800aca3   Thumb Code    50  tasks.o(.text)
    vTaskInternalSetTimeOutState             0x0800acd5   Thumb Code    14  tasks.o(.text)
    xTaskCheckForTimeOut                     0x0800ace3   Thumb Code   132  tasks.o(.text)
    vTaskMissedYield                         0x0800ad67   Thumb Code     8  tasks.o(.text)
    uxTaskGetTaskNumber                      0x0800ad6f   Thumb Code    14  tasks.o(.text)
    vTaskSetTaskNumber                       0x0800ad7d   Thumb Code     8  tasks.o(.text)
    xTaskGetCurrentTaskHandle                0x0800ad85   Thumb Code     6  tasks.o(.text)
    xTaskGetSchedulerState                   0x0800ad8b   Thumb Code    24  tasks.o(.text)
    xTaskPriorityInherit                     0x0800ada3   Thumb Code   186  tasks.o(.text)
    xTaskPriorityDisinherit                  0x0800ae5d   Thumb Code   188  tasks.o(.text)
    vTaskPriorityDisinheritAfterTimeout      0x0800af19   Thumb Code   230  tasks.o(.text)
    vTaskList                                0x0800b029   Thumb Code   238  tasks.o(.text)
    vTaskGetRunTimeStats                     0x0800b117   Thumb Code   168  tasks.o(.text)
    uxTaskResetEventItemValue                0x0800b1bf   Thumb Code    24  tasks.o(.text)
    pvTaskIncrementMutexHeldCount            0x0800b1d7   Thumb Code    26  tasks.o(.text)
    ulTaskNotifyTake                         0x0800b1f1   Thumb Code   108  tasks.o(.text)
    xTaskNotifyWait                          0x0800b25d   Thumb Code   150  tasks.o(.text)
    xTaskGenericNotify                       0x0800b2f3   Thumb Code   280  tasks.o(.text)
    xTaskGenericNotifyFromISR                0x0800b40b   Thumb Code   396  tasks.o(.text)
    vTaskNotifyGiveFromISR                   0x0800b597   Thumb Code   214  tasks.o(.text)
    xTaskNotifyStateClear                    0x0800b66d   Thumb Code    48  tasks.o(.text)
    xTimerGenericCommand                     0x0800b705   Thumb Code   126  timers.o(.text)
    xTimerCreateTimerTask                    0x0800ba7b   Thumb Code   118  timers.o(.text)
    xTimerCreate                             0x0800bb3f   Thumb Code    48  timers.o(.text)
    xTimerGetTimerDaemonTaskHandle           0x0800bb6f   Thumb Code    42  timers.o(.text)
    xTimerGetPeriod                          0x0800bb99   Thumb Code    32  timers.o(.text)
    xTimerGetExpiryTime                      0x0800bbb9   Thumb Code    34  timers.o(.text)
    pcTimerGetName                           0x0800bbdb   Thumb Code    32  timers.o(.text)
    xTimerIsTimerActive                      0x0800bbfb   Thumb Code    62  timers.o(.text)
    pvTimerGetTimerID                        0x0800bc39   Thumb Code    44  timers.o(.text)
    vTimerSetTimerID                         0x0800bc65   Thumb Code    44  timers.o(.text)
    uxTimerGetTimerNumber                    0x0800bc91   Thumb Code     6  timers.o(.text)
    vTimerSetTimerNumber                     0x0800bc97   Thumb Code     4  timers.o(.text)
    DetectTask                               0x0800bec1   Thumb Code   686  detect_task.o(.text)
    toe_is_error                             0x0800c16f   Thumb Code    20  detect_task.o(.text)
    DetectHook                               0x0800c183   Thumb Code   288  detect_task.o(.text)
    getErrorListPoint                        0x0800c2a3   Thumb Code     4  detect_task.o(.text)
    __use_no_semihosting                     0x0800c2b5   Thumb Code     2  use_no_semi_2.o(.text)
    __2printf                                0x0800c2b9   Thumb Code    20  noretval__2printf.o(.text)
    __2sprintf                               0x0800c2d1   Thumb Code    34  noretval__2sprintf.o(.text)
    __printf                                 0x0800c2f9   Thumb Code   104  __printf.o(.text)
    _printf_str                              0x0800c361   Thumb Code    82  _printf_str.o(.text)
    _printf_int_dec                          0x0800c3b5   Thumb Code   104  _printf_dec.o(.text)
    strcpy                                   0x0800c42d   Thumb Code    72  strcpy.o(.text)
    strlen                                   0x0800c475   Thumb Code    62  strlen.o(.text)
    __aeabi_memcpy                           0x0800c4b3   Thumb Code     0  rt_memcpy_v6.o(.text)
    __rt_memcpy                              0x0800c4b3   Thumb Code   138  rt_memcpy_v6.o(.text)
    _memcpy_lastbytes                        0x0800c519   Thumb Code     0  rt_memcpy_v6.o(.text)
    __aeabi_memcpy4                          0x0800c53d   Thumb Code     0  rt_memcpy_w.o(.text)
    __aeabi_memcpy8                          0x0800c53d   Thumb Code     0  rt_memcpy_w.o(.text)
    __rt_memcpy_w                            0x0800c53d   Thumb Code   100  rt_memcpy_w.o(.text)
    _memcpy_lastbytes_aligned                0x0800c585   Thumb Code     0  rt_memcpy_w.o(.text)
    __aeabi_memset                           0x0800c5a1   Thumb Code    16  aeabi_memset.o(.text)
    __aeabi_memclr4                          0x0800c5b1   Thumb Code     0  rt_memclr_w.o(.text)
    __aeabi_memclr8                          0x0800c5b1   Thumb Code     0  rt_memclr_w.o(.text)
    __rt_memclr_w                            0x0800c5b1   Thumb Code    78  rt_memclr_w.o(.text)
    _memset_w                                0x0800c5b5   Thumb Code     0  rt_memclr_w.o(.text)
    __use_two_region_memory                  0x0800c5ff   Thumb Code     2  heapauxi.o(.text)
    __rt_heap_escrow$2region                 0x0800c601   Thumb Code     2  heapauxi.o(.text)
    __rt_heap_expand$2region                 0x0800c603   Thumb Code     2  heapauxi.o(.text)
    __I$use$semihosting                      0x0800c605   Thumb Code     0  use_no_semi.o(.text)
    __use_no_semihosting_swi                 0x0800c605   Thumb Code     2  use_no_semi.o(.text)
    __read_errno                             0x0800c607   Thumb Code    10  _rserrno.o(.text)
    __set_errno                              0x0800c611   Thumb Code    12  _rserrno.o(.text)
    _printf_int_common                       0x0800c61d   Thumb Code   178  _printf_intcommon.o(.text)
    __lib_sel_fp_printf                      0x0800c6cf   Thumb Code     2  _printf_fp_dec.o(.text)
    _printf_fp_dec_real                      0x0800c87d   Thumb Code   620  _printf_fp_dec.o(.text)
    _printf_char_common                      0x0800caf3   Thumb Code    32  _printf_char_common.o(.text)
    _sputc                                   0x0800cb19   Thumb Code    10  _sputc.o(.text)
    _printf_cs_common                        0x0800cb23   Thumb Code    20  _printf_char.o(.text)
    _printf_char                             0x0800cb37   Thumb Code    16  _printf_char.o(.text)
    _printf_string                           0x0800cb47   Thumb Code     8  _printf_char.o(.text)
    _printf_char_file                        0x0800cb51   Thumb Code    32  _printf_char_file.o(.text)
    __aeabi_memclr                           0x0800cb75   Thumb Code     0  rt_memclr.o(.text)
    __rt_memclr                              0x0800cb75   Thumb Code    68  rt_memclr.o(.text)
    _memset                                  0x0800cb79   Thumb Code     0  rt_memclr.o(.text)
    __rt_locale                              0x0800cbb9   Thumb Code     8  rt_locale_intlibspace.o(.text)
    __aeabi_errno_addr                       0x0800cbc1   Thumb Code     8  rt_errno_addr_intlibspace.o(.text)
    __errno$intlibspace                      0x0800cbc1   Thumb Code     0  rt_errno_addr_intlibspace.o(.text)
    __rt_errno_addr$intlibspace              0x0800cbc1   Thumb Code     0  rt_errno_addr_intlibspace.o(.text)
    _ll_udiv10                               0x0800cbc9   Thumb Code   138  lludiv10.o(.text)
    _printf_fp_infnan                        0x0800cc55   Thumb Code   112  _printf_fp_infnan.o(.text)
    _btod_etento                             0x0800ccd5   Thumb Code   216  bigflt0.o(.text)
    ferror                                   0x0800cdb1   Thumb Code     8  ferror.o(.text)
    __user_libspace                          0x0800cdb9   Thumb Code     8  libspace.o(.text)
    __user_perproc_libspace                  0x0800cdb9   Thumb Code     0  libspace.o(.text)
    __user_perthread_libspace                0x0800cdb9   Thumb Code     0  libspace.o(.text)
    __user_setup_stackheap                   0x0800cdc1   Thumb Code    74  sys_stackheap_outer.o(.text)
    exit                                     0x0800ce0b   Thumb Code    18  exit.o(.text)
    strcmp                                   0x0800ce1d   Thumb Code   128  strcmpv7m.o(.text)
    _btod_d2e                                0x0800ce9d   Thumb Code    62  btod.o(CL$$btod_d2e)
    _d2e_denorm_low                          0x0800cedb   Thumb Code    70  btod.o(CL$$btod_d2e_denorm_low)
    _d2e_norm_op1                            0x0800cf21   Thumb Code    96  btod.o(CL$$btod_d2e_norm_op1)
    __btod_div_common                        0x0800cf81   Thumb Code   696  btod.o(CL$$btod_div_common)
    _e2e                                     0x0800d2b9   Thumb Code   198  btod.o(CL$$btod_e2e)
    _btod_ediv                               0x0800d37f   Thumb Code    40  btod.o(CL$$btod_ediv)
    _btod_emul                               0x0800d3a7   Thumb Code    40  btod.o(CL$$btod_emul)
    __btod_mult_common                       0x0800d3cf   Thumb Code   580  btod.o(CL$$btod_mult_common)
    __ARM_fpclassify                         0x0800d613   Thumb Code    48  fpclassify.o(i.__ARM_fpclassify)
    __hardfp_asin                            0x0800d649   Thumb Code   770  asin.o(i.__hardfp_asin)
    __hardfp_atan                            0x0800d9a9   Thumb Code   622  atan.o(i.__hardfp_atan)
    __hardfp_atan2                           0x0800dc81   Thumb Code   432  atan2.o(i.__hardfp_atan2)
    __hardfp_fabs                            0x0800de71   Thumb Code    20  fabs.o(i.__hardfp_fabs)
    __hardfp_sqrt                            0x0800de85   Thumb Code   122  sqrt.o(i.__hardfp_sqrt)
    __kernel_poly                            0x0800deff   Thumb Code   248  poly.o(i.__kernel_poly)
    __mathlib_dbl_infnan                     0x0800dff7   Thumb Code    20  dunder.o(i.__mathlib_dbl_infnan)
    __mathlib_dbl_infnan2                    0x0800e00b   Thumb Code    20  dunder.o(i.__mathlib_dbl_infnan2)
    __mathlib_dbl_invalid                    0x0800e021   Thumb Code    24  dunder.o(i.__mathlib_dbl_invalid)
    __mathlib_dbl_underflow                  0x0800e041   Thumb Code    24  dunder.o(i.__mathlib_dbl_underflow)
    atan                                     0x0800e061   Thumb Code    16  atan.o(i.atan)
    fabs                                     0x0800e071   Thumb Code    24  fabs.o(i.fabs)
    sqrt                                     0x0800e089   Thumb Code   110  sqrt.o(i.sqrt)
    _get_lc_numeric                          0x0800e0f9   Thumb Code    44  lc_numeric_c.o(locale$$code)
    __aeabi_dneg                             0x0800e125   Thumb Code     0  basic.o(x$fpl$basic)
    _dneg                                    0x0800e125   Thumb Code     6  basic.o(x$fpl$basic)
    __aeabi_fneg                             0x0800e12b   Thumb Code     0  basic.o(x$fpl$basic)
    _fneg                                    0x0800e12b   Thumb Code     6  basic.o(x$fpl$basic)
    _dabs                                    0x0800e131   Thumb Code     6  basic.o(x$fpl$basic)
    _fabs                                    0x0800e137   Thumb Code     6  basic.o(x$fpl$basic)
    __aeabi_d2f                              0x0800e13d   Thumb Code     0  d2f.o(x$fpl$d2f)
    _d2f                                     0x0800e13d   Thumb Code    98  d2f.o(x$fpl$d2f)
    __aeabi_dadd                             0x0800e1a1   Thumb Code     0  daddsub_clz.o(x$fpl$dadd)
    _dadd                                    0x0800e1a1   Thumb Code   332  daddsub_clz.o(x$fpl$dadd)
    __fpl_dcmp_Inf                           0x0800e2f1   Thumb Code    24  dcmpi.o(x$fpl$dcmpinf)
    __aeabi_ddiv                             0x0800e309   Thumb Code     0  ddiv.o(x$fpl$ddiv)
    _ddiv                                    0x0800e309   Thumb Code   552  ddiv.o(x$fpl$ddiv)
    __aeabi_i2d                              0x0800e5b9   Thumb Code     0  dflt_clz.o(x$fpl$dflt)
    _dflt                                    0x0800e5b9   Thumb Code    46  dflt_clz.o(x$fpl$dflt)
    __aeabi_cdcmple                          0x0800e5e9   Thumb Code     0  dleqf.o(x$fpl$dleqf)
    _dcmple                                  0x0800e5e9   Thumb Code   120  dleqf.o(x$fpl$dleqf)
    __fpl_dcmple_InfNaN                      0x0800e64b   Thumb Code     0  dleqf.o(x$fpl$dleqf)
    __aeabi_dmul                             0x0800e661   Thumb Code     0  dmul.o(x$fpl$dmul)
    _dmul                                    0x0800e661   Thumb Code   332  dmul.o(x$fpl$dmul)
    __fpl_dnaninf                            0x0800e7b5   Thumb Code   156  dnaninf.o(x$fpl$dnaninf)
    __fpl_dretinf                            0x0800e851   Thumb Code    12  dretinf.o(x$fpl$dretinf)
    __aeabi_cdrcmple                         0x0800e85d   Thumb Code     0  drleqf.o(x$fpl$drleqf)
    _drcmple                                 0x0800e85d   Thumb Code   108  drleqf.o(x$fpl$drleqf)
    __aeabi_drsub                            0x0800e8c9   Thumb Code     0  daddsub_clz.o(x$fpl$drsb)
    _drsb                                    0x0800e8c9   Thumb Code    22  daddsub_clz.o(x$fpl$drsb)
    _dsqrt                                   0x0800e8e1   Thumb Code   404  dsqrt_umaal.o(x$fpl$dsqrt)
    __aeabi_dsub                             0x0800ea79   Thumb Code     0  daddsub_clz.o(x$fpl$dsub)
    _dsub                                    0x0800ea79   Thumb Code   464  daddsub_clz.o(x$fpl$dsub)
    __aeabi_f2d                              0x0800ec4d   Thumb Code     0  f2d.o(x$fpl$f2d)
    _f2d                                     0x0800ec4d   Thumb Code    86  f2d.o(x$fpl$f2d)
    __fpl_fnaninf                            0x0800eca3   Thumb Code   140  fnaninf.o(x$fpl$fnaninf)
    _fp_init                                 0x0800ed2f   Thumb Code    10  fpinit.o(x$fpl$fpinit)
    __fplib_config_fpu_vfp                   0x0800ed37   Thumb Code     0  fpinit.o(x$fpl$fpinit)
    __fplib_config_pureend_doubles           0x0800ed37   Thumb Code     0  fpinit.o(x$fpl$fpinit)
    __fpl_fretinf                            0x0800ed39   Thumb Code    10  fretinf.o(x$fpl$fretinf)
    _printf_fp_dec                           0x0800ed43   Thumb Code     4  printf1.o(x$fpl$printf1)
    CRC8_INIT                                0x0800ed46   Data           1  referee.o(.constdata)
    __I$use$fp                               0x0800ed46   Number         0  usenofp.o(x$fpl$usenofp)
    CRC8_TAB                                 0x0800ed47   Data         256  referee.o(.constdata)
    __mathlib_zero                           0x0800ef78   Data           8  qnan.o(.constdata)
    Region$$Table$$Base                      0x0800f014   Number         0  anon$$obj.o(Region$$Table)
    Region$$Table$$Limit                     0x0800f034   Number         0  anon$$obj.o(Region$$Table)
    SystemCoreClock                          0x20000004   Data           4  system_stm32f4xx.o(.data)
    AHBPrescTable                            0x20000008   Data          16  system_stm32f4xx.o(.data)
    FreeRTOSRunTimeTicks                     0x20000018   Data           4  basicperipherals.o(.data)
    Usart1_RX_Cou                            0x2000001c   Data           2  referee.o(.data)
    Usart1_RX_Flag                           0x2000001e   Data           1  referee.o(.data)
    g_Referee_flag                           0x2000001f   Data           1  referee.o(.data)
    CRC_INIT                                 0x20000020   Data           2  referee.o(.data)
    FrictionCalistop                         0x20000024   Data           1  freertostask.o(.data)
    ImuGimbalCalistop                        0x20000025   Data           1  freertostask.o(.data)
    DbusParseTask_Handler                    0x20000028   Data           4  freertostask.o(.data)
    StartTask_Handler                        0x2000002c   Data           4  freertostask.o(.data)
    FrictionCaliTask_Handler                 0x20000030   Data           4  freertostask.o(.data)
    FrictionControlTask_Handler              0x20000034   Data           4  freertostask.o(.data)
    Can1ReceiveTask_Handler                  0x20000038   Data           4  freertostask.o(.data)
    Can2ReceiveTask_Handler                  0x2000003c   Data           4  freertostask.o(.data)
    IMUReceiveTask_Handler                   0x20000040   Data           4  freertostask.o(.data)
    BSPInitTaskTask_Handler                  0x20000044   Data           4  freertostask.o(.data)
    PIDCalculateTask_Handler                 0x20000048   Data           4  freertostask.o(.data)
    ChassisControlTask_Handler               0x2000004c   Data           4  freertostask.o(.data)
    GimbalControlTask_Handler                0x20000050   Data           4  freertostask.o(.data)
    ImuGimbalCaliTask_Handler                0x20000054   Data           4  freertostask.o(.data)
    OfflineDecetedTask_Handler               0x20000058   Data           4  freertostask.o(.data)
    DbusParseSem                             0x2000005c   Data           4  freertostask.o(.data)
    ImuDataSem                               0x20000060   Data           4  freertostask.o(.data)
    BolletFreControlEnt                      0x20000074   Data           4  freertostask.o(.data)
    CmGimbalOutputEnt                        0x20000078   Data           4  freertostask.o(.data)
    OfflineDetectedEnt                       0x2000007c   Data           4  freertostask.o(.data)
    FrictionControlQueue                     0x20000080   Data           4  freertostask.o(.data)
    Can1ReceiveQueue                         0x20000084   Data           4  freertostask.o(.data)
    Can2ReceiveQueue                         0x20000088   Data           4  freertostask.o(.data)
    GimbalDataQueue                          0x2000008c   Data           4  freertostask.o(.data)
    CMDataQueue                              0x20000090   Data           4  freertostask.o(.data)
    color                                    0x20000094   Data           4  freertostask.o(.data)
    output                                   0x20000098   Data           8  freertostask.o(.data)
    cmspeed                                  0x200000a0   Data           8  freertostask.o(.data)
    Auto_Origion                             0x200000b1   Data           6  auto_attacktask.o(.data)
    SendBuff                                 0x200000b7   Data           4  auto_attacktask.o(.data)
    __stdout                                 0x200000c0   Data           4  usart.o(.data)
    exInt                                    0x200000c4   Data           4  imu.o(.data)
    eyInt                                    0x200000c8   Data           4  imu.o(.data)
    ezInt                                    0x200000cc   Data           4  imu.o(.data)
    q0                                       0x200000d0   Data           4  imu.o(.data)
    q1                                       0x200000d4   Data           4  imu.o(.data)
    q2                                       0x200000d8   Data           4  imu.o(.data)
    q3                                       0x200000dc   Data           4  imu.o(.data)
    integralFBhand                           0x200000e0   Data           4  imu.o(.data)
    handdiff                                 0x200000e4   Data           4  imu.o(.data)
    lastUpdate                               0x200000e8   Data           4  imu.o(.data)
    now                                      0x200000ec   Data           4  imu.o(.data)
    Gx_offset                                0x200000f0   Data           2  mpu6500_driver.o(.data)
    Gy_offset                                0x200000f2   Data           2  mpu6500_driver.o(.data)
    Gz_offset                                0x200000f4   Data           2  mpu6500_driver.o(.data)
    MPU6500_Lastax                           0x200000f6   Data           2  mpu6500_driver.o(.data)
    MPU6500_Lastay                           0x200000f8   Data           2  mpu6500_driver.o(.data)
    MPU6500_Lastaz                           0x200000fa   Data           2  mpu6500_driver.o(.data)
    MPU6500_Lastgx                           0x200000fc   Data           2  mpu6500_driver.o(.data)
    MPU6500_Lastgy                           0x200000fe   Data           2  mpu6500_driver.o(.data)
    MPU6500_Lastgz                           0x20000100   Data           2  mpu6500_driver.o(.data)
    Error_Data                               0x20000102   Data          40  mpu6500_driver.o(.data)
    pxCurrentTCB                             0x20000164   Data           4  tasks.o(.data)
    Imu_ext                                  0x200001c8   Data          16  stm32f4xx_it.o(.bss)
    sbus_rx_buffer                           0x200001d8   Data          72  remotdbus.o(.bss)
    rc_ctrl                                  0x20000220   Data          22  remotdbus.o(.bss)
    Referee_date1                            0x200002b0   Data          68  referee.o(.bss)
    power                                    0x200002f4   Data          56  referee.o(.bss)
    CM_Motor                                 0x20000340   Data         304  freertostask.o(.bss)
    FireMotor                                0x20000470   Data          76  freertostask.o(.bss)
    YawMotor                                 0x200004bc   Data         164  freertostask.o(.bss)
    PitchMotor                               0x20000560   Data         164  freertostask.o(.bss)
    Mpu6500Data                              0x20000604   Data          52  freertostask.o(.bss)
    RemotData                                0x20000638   Data          24  freertostask.o(.bss)
    control                                  0x20000650   Data          20  freertostask.o(.bss)
    AutoData                                 0x20000664   Data          20  auto_attacktask.o(.bss)
    mainfocus_rx_buffer                      0x20000678   Data          10  auto_attacktask.o(.bss)
    imu_data                                 0x20000682   Data          26  mpu6500_driver.o(.bss)
    imu_data_offest                          0x2000069c   Data          26  mpu6500_driver.o(.bss)
    xQueueRegistry                           0x2001333c   Data          64  queue.o(.bss)
    errorList                                0x200134a8   Data         324  detect_task.o(.bss)
    __libspace_start                         0x200135ec   Data          96  libspace.o(.bss)
    __temporary_stack_top$libspace           0x2001364c   Data           0  libspace.o(.bss)



==============================================================================

Memory Map of the image

  Image Entry point : 0x080001ad

  Load Region LR_IROM1 (Base: 0x08000000, Size: 0x0000f218, Max: 0x00200000, ABSOLUTE, COMPRESSED[0x0000f0a0])

    Execution Region ER_IROM1 (Base: 0x08000000, Size: 0x0000f050, Max: 0x00200000, ABSOLUTE)

    Base Addr    Size         Type   Attr      Idx    E Section Name        Object

    0x08000000   0x000001ac   Data   RO          802    RESET               startup_stm32f427_437xx.o
    0x080001ac   0x00000008   Code   RO         1435  * !!!main             c_w.l(__main.o)
    0x080001b4   0x00000034   Code   RO         1781    !!!scatter          c_w.l(__scatter.o)
    0x080001e8   0x0000005a   Code   RO         1779    !!dczerorl2         c_w.l(__dczerorl2.o)
    0x08000242   0x00000002   PAD
    0x08000244   0x0000001c   Code   RO         1783    !!handler_zi        c_w.l(__scatter_zi.o)
    0x08000260   0x00000000   Code   RO         1418    .ARM.Collect$$_printf_percent$$00000000  c_w.l(_printf_percent.o)
    0x08000260   0x00000006   Code   RO         1417    .ARM.Collect$$_printf_percent$$00000003  c_w.l(_printf_f.o)
    0x08000266   0x00000006   Code   RO         1415    .ARM.Collect$$_printf_percent$$00000009  c_w.l(_printf_d.o)
    0x0800026c   0x00000006   Code   RO         1416    .ARM.Collect$$_printf_percent$$0000000A  c_w.l(_printf_u.o)
    0x08000272   0x00000006   Code   RO         1414    .ARM.Collect$$_printf_percent$$00000013  c_w.l(_printf_c.o)
    0x08000278   0x00000004   Code   RO         1526    .ARM.Collect$$_printf_percent$$00000017  c_w.l(_printf_percent_end.o)
    0x0800027c   0x00000002   Code   RO         1656    .ARM.Collect$$libinit$$00000000  c_w.l(libinit.o)
    0x0800027e   0x00000004   Code   RO         1657    .ARM.Collect$$libinit$$00000001  c_w.l(libinit2.o)
    0x08000282   0x00000000   Code   RO         1660    .ARM.Collect$$libinit$$00000004  c_w.l(libinit2.o)
    0x08000282   0x00000000   Code   RO         1663    .ARM.Collect$$libinit$$0000000A  c_w.l(libinit2.o)
    0x08000282   0x00000000   Code   RO         1665    .ARM.Collect$$libinit$$0000000C  c_w.l(libinit2.o)
    0x08000282   0x00000000   Code   RO         1667    .ARM.Collect$$libinit$$0000000E  c_w.l(libinit2.o)
    0x08000282   0x00000006   Code   RO         1668    .ARM.Collect$$libinit$$0000000F  c_w.l(libinit2.o)
    0x08000288   0x00000000   Code   RO         1670    .ARM.Collect$$libinit$$00000011  c_w.l(libinit2.o)
    0x08000288   0x00000000   Code   RO         1672    .ARM.Collect$$libinit$$00000013  c_w.l(libinit2.o)
    0x08000288   0x00000000   Code   RO         1674    .ARM.Collect$$libinit$$00000015  c_w.l(libinit2.o)
    0x08000288   0x0000000a   Code   RO         1675    .ARM.Collect$$libinit$$00000016  c_w.l(libinit2.o)
    0x08000292   0x00000000   Code   RO         1676    .ARM.Collect$$libinit$$00000017  c_w.l(libinit2.o)
    0x08000292   0x00000000   Code   RO         1678    .ARM.Collect$$libinit$$00000019  c_w.l(libinit2.o)
    0x08000292   0x00000000   Code   RO         1680    .ARM.Collect$$libinit$$0000001B  c_w.l(libinit2.o)
    0x08000292   0x00000000   Code   RO         1682    .ARM.Collect$$libinit$$0000001D  c_w.l(libinit2.o)
    0x08000292   0x00000000   Code   RO         1684    .ARM.Collect$$libinit$$0000001F  c_w.l(libinit2.o)
    0x08000292   0x00000000   Code   RO         1686    .ARM.Collect$$libinit$$00000021  c_w.l(libinit2.o)
    0x08000292   0x00000000   Code   RO         1688    .ARM.Collect$$libinit$$00000023  c_w.l(libinit2.o)
    0x08000292   0x00000000   Code   RO         1690    .ARM.Collect$$libinit$$00000025  c_w.l(libinit2.o)
    0x08000292   0x00000000   Code   RO         1694    .ARM.Collect$$libinit$$0000002C  c_w.l(libinit2.o)
    0x08000292   0x00000000   Code   RO         1696    .ARM.Collect$$libinit$$0000002E  c_w.l(libinit2.o)
    0x08000292   0x00000000   Code   RO         1698    .ARM.Collect$$libinit$$00000030  c_w.l(libinit2.o)
    0x08000292   0x00000000   Code   RO         1700    .ARM.Collect$$libinit$$00000032  c_w.l(libinit2.o)
    0x08000292   0x00000002   Code   RO         1701    .ARM.Collect$$libinit$$00000033  c_w.l(libinit2.o)
    0x08000294   0x00000002   Code   RO         1729    .ARM.Collect$$libshutdown$$00000000  c_w.l(libshutdown.o)
    0x08000296   0x00000000   Code   RO         1738    .ARM.Collect$$libshutdown$$00000002  c_w.l(libshutdown2.o)
    0x08000296   0x00000000   Code   RO         1740    .ARM.Collect$$libshutdown$$00000004  c_w.l(libshutdown2.o)
    0x08000296   0x00000000   Code   RO         1743    .ARM.Collect$$libshutdown$$00000007  c_w.l(libshutdown2.o)
    0x08000296   0x00000000   Code   RO         1746    .ARM.Collect$$libshutdown$$0000000A  c_w.l(libshutdown2.o)
    0x08000296   0x00000000   Code   RO         1748    .ARM.Collect$$libshutdown$$0000000C  c_w.l(libshutdown2.o)
    0x08000296   0x00000000   Code   RO         1751    .ARM.Collect$$libshutdown$$0000000F  c_w.l(libshutdown2.o)
    0x08000296   0x00000002   Code   RO         1752    .ARM.Collect$$libshutdown$$00000010  c_w.l(libshutdown2.o)
    0x08000298   0x00000000   Code   RO         1511    .ARM.Collect$$rtentry$$00000000  c_w.l(__rtentry.o)
    0x08000298   0x00000000   Code   RO         1576    .ARM.Collect$$rtentry$$00000002  c_w.l(__rtentry2.o)
    0x08000298   0x00000006   Code   RO         1588    .ARM.Collect$$rtentry$$00000004  c_w.l(__rtentry4.o)
    0x0800029e   0x00000000   Code   RO         1578    .ARM.Collect$$rtentry$$00000009  c_w.l(__rtentry2.o)
    0x0800029e   0x00000004   Code   RO         1579    .ARM.Collect$$rtentry$$0000000A  c_w.l(__rtentry2.o)
    0x080002a2   0x00000000   Code   RO         1581    .ARM.Collect$$rtentry$$0000000C  c_w.l(__rtentry2.o)
    0x080002a2   0x00000008   Code   RO         1582    .ARM.Collect$$rtentry$$0000000D  c_w.l(__rtentry2.o)
    0x080002aa   0x00000002   Code   RO         1702    .ARM.Collect$$rtexit$$00000000  c_w.l(rtexit.o)
    0x080002ac   0x00000000   Code   RO         1709    .ARM.Collect$$rtexit$$00000002  c_w.l(rtexit2.o)
    0x080002ac   0x00000004   Code   RO         1710    .ARM.Collect$$rtexit$$00000003  c_w.l(rtexit2.o)
    0x080002b0   0x00000006   Code   RO         1711    .ARM.Collect$$rtexit$$00000004  c_w.l(rtexit2.o)
    0x080002b6   0x00000002   PAD
    0x080002b8   0x000000be   Code   RO         1085    .emb_text           port.o
    0x08000376   0x00000016   Code   RO            3    .text               main.o
    0x0800038c   0x00000324   Code   RO          209    .text               stm32f4xx_it.o
    0x080006b0   0x00000244   Code   RO          295    .text               system_stm32f4xx.o
    0x080008f4   0x00000208   Code   RO          321    .text               pid_modify.o
    0x08000afc   0x00000448   Code   RO          352    .text               basicperipherals.o
    0x08000f44   0x00000360   Code   RO          378    .text               remotdbus.o
    0x080012a4   0x000000f8   Code   RO          404    .text               frictionmoterpwm.o
    0x0800139c   0x000002c4   Code   RO          427    .text               motorcan.o
    0x08001660   0x00000160   Code   RO          447    .text               stmflash.o
    0x080017c0   0x00000160   Code   RO          470    .text               mainfocus_usart.o
    0x08001920   0x00000490   Code   RO          497    .text               referee.o
    0x08001db0   0x000016b8   Code   RO          528    .text               freertostask.o
    0x08003468   0x00000104   Code   RO          585    .text               auto_attacktask.o
    0x0800356c   0x000000ec   Code   RO          624    .text               delay.o
    0x08003658   0x000000a8   Code   RO          664    .text               usart.o
    0x08003700   0x00000a7c   Code   RO          697    .text               imu.o
    0x0800417c   0x000008a0   Code   RO          744    .text               mpu6500_driver.o
    0x08004a1c   0x0000016c   Code   RO          782    .text               spi.o
    0x08004b88   0x00000040   Code   RO          803    .text               startup_stm32f427_437xx.o
    0x08004bc8   0x000000e0   Code   RO          809    .text               misc.o
    0x08004ca8   0x00000294   Code   RO          829    .text               stm32f4xx_gpio.o
    0x08004f3c   0x00000660   Code   RO          849    .text               stm32f4xx_rcc.o
    0x0800559c   0x00000094   Code   RO          871    .text               stm32f4xx_syscfg.o
    0x08005630   0x00000454   Code   RO          891    .text               stm32f4xx_usart.o
    0x08005a84   0x000009f0   Code   RO          911    .text               stm32f4xx_can.o
    0x08006474   0x000003a8   Code   RO          931    .text               stm32f4xx_dma.o
    0x0800681c   0x00000ca2   Code   RO          951    .text               stm32f4xx_tim.o
    0x080074be   0x00000002   PAD
    0x080074c0   0x000004ee   Code   RO          971    .text               stm32f4xx_spi.o
    0x080079ae   0x00000002   PAD
    0x080079b0   0x00000698   Code   RO          991    .text               stm32f4xx_flash.o
    0x08008048   0x00000110   Code   RO         1031    .text               stm32f4xx_exti.o
    0x08008158   0x0000029c   Code   RO         1049    .text               heap_4.o
    0x080083f4   0x00000340   Code   RO         1086    .text               port.o
    0x08008734   0x00000474   Code   RO         1124    .text               event_groups.o
    0x08008ba8   0x00000094   Code   RO         1151    .text               list.o
    0x08008c3c   0x00000f18   Code   RO         1166    .text               queue.o
    0x08009b54   0x00001b60   Code   RO         1205    .text               tasks.o
    0x0800b6b4   0x000005ec   Code   RO         1231    .text               timers.o
    0x0800bca0   0x00000614   Code   RO         1251    .text               detect_task.o
    0x0800c2b4   0x00000002   Code   RO         1378    .text               c_w.l(use_no_semi_2.o)
    0x0800c2b6   0x00000002   PAD
    0x0800c2b8   0x00000018   Code   RO         1384    .text               c_w.l(noretval__2printf.o)
    0x0800c2d0   0x00000028   Code   RO         1386    .text               c_w.l(noretval__2sprintf.o)
    0x0800c2f8   0x00000068   Code   RO         1388    .text               c_w.l(__printf.o)
    0x0800c360   0x00000052   Code   RO         1390    .text               c_w.l(_printf_str.o)
    0x0800c3b2   0x00000002   PAD
    0x0800c3b4   0x00000078   Code   RO         1392    .text               c_w.l(_printf_dec.o)
    0x0800c42c   0x00000048   Code   RO         1419    .text               c_w.l(strcpy.o)
    0x0800c474   0x0000003e   Code   RO         1421    .text               c_w.l(strlen.o)
    0x0800c4b2   0x0000008a   Code   RO         1423    .text               c_w.l(rt_memcpy_v6.o)
    0x0800c53c   0x00000064   Code   RO         1425    .text               c_w.l(rt_memcpy_w.o)
    0x0800c5a0   0x00000010   Code   RO         1429    .text               c_w.l(aeabi_memset.o)
    0x0800c5b0   0x0000004e   Code   RO         1431    .text               c_w.l(rt_memclr_w.o)
    0x0800c5fe   0x00000006   Code   RO         1433    .text               c_w.l(heapauxi.o)
    0x0800c604   0x00000002   Code   RO         1509    .text               c_w.l(use_no_semi.o)
    0x0800c606   0x00000016   Code   RO         1512    .text               c_w.l(_rserrno.o)
    0x0800c61c   0x000000b2   Code   RO         1514    .text               c_w.l(_printf_intcommon.o)
    0x0800c6ce   0x0000041a   Code   RO         1516    .text               c_w.l(_printf_fp_dec.o)
    0x0800cae8   0x00000030   Code   RO         1518    .text               c_w.l(_printf_char_common.o)
    0x0800cb18   0x0000000a   Code   RO         1520    .text               c_w.l(_sputc.o)
    0x0800cb22   0x0000002c   Code   RO         1522    .text               c_w.l(_printf_char.o)
    0x0800cb4e   0x00000002   PAD
    0x0800cb50   0x00000024   Code   RO         1524    .text               c_w.l(_printf_char_file.o)
    0x0800cb74   0x00000044   Code   RO         1527    .text               c_w.l(rt_memclr.o)
    0x0800cbb8   0x00000008   Code   RO         1593    .text               c_w.l(rt_locale_intlibspace.o)
    0x0800cbc0   0x00000008   Code   RO         1598    .text               c_w.l(rt_errno_addr_intlibspace.o)
    0x0800cbc8   0x0000008a   Code   RO         1600    .text               c_w.l(lludiv10.o)
    0x0800cc52   0x00000002   PAD
    0x0800cc54   0x00000080   Code   RO         1602    .text               c_w.l(_printf_fp_infnan.o)
    0x0800ccd4   0x000000dc   Code   RO         1606    .text               c_w.l(bigflt0.o)
    0x0800cdb0   0x00000008   Code   RO         1631    .text               c_w.l(ferror.o)
    0x0800cdb8   0x00000008   Code   RO         1642    .text               c_w.l(libspace.o)
    0x0800cdc0   0x0000004a   Code   RO         1645    .text               c_w.l(sys_stackheap_outer.o)
    0x0800ce0a   0x00000012   Code   RO         1647    .text               c_w.l(exit.o)
    0x0800ce1c   0x00000080   Code   RO         1649    .text               c_w.l(strcmpv7m.o)
    0x0800ce9c   0x0000003e   Code   RO         1609    CL$$btod_d2e        c_w.l(btod.o)
    0x0800ceda   0x00000046   Code   RO         1611    CL$$btod_d2e_denorm_low  c_w.l(btod.o)
    0x0800cf20   0x00000060   Code   RO         1610    CL$$btod_d2e_norm_op1  c_w.l(btod.o)
    0x0800cf80   0x00000338   Code   RO         1619    CL$$btod_div_common  c_w.l(btod.o)
    0x0800d2b8   0x000000c6   Code   RO         1616    CL$$btod_e2e        c_w.l(btod.o)
    0x0800d37e   0x00000028   Code   RO         1613    CL$$btod_ediv       c_w.l(btod.o)
    0x0800d3a6   0x00000028   Code   RO         1612    CL$$btod_emul       c_w.l(btod.o)
    0x0800d3ce   0x00000244   Code   RO         1618    CL$$btod_mult_common  c_w.l(btod.o)
    0x0800d612   0x00000030   Code   RO         1570    i.__ARM_fpclassify  m_wm.l(fpclassify.o)
    0x0800d642   0x00000006   PAD
    0x0800d648   0x00000360   Code   RO         1465    i.__hardfp_asin     m_wm.l(asin.o)
    0x0800d9a8   0x000002d8   Code   RO         1542    i.__hardfp_atan     m_wm.l(atan.o)
    0x0800dc80   0x000001f0   Code   RO         1479    i.__hardfp_atan2    m_wm.l(atan2.o)
    0x0800de70   0x00000014   Code   RO         1491    i.__hardfp_fabs     m_wm.l(fabs.o)
    0x0800de84   0x0000007a   Code   RO         1497    i.__hardfp_sqrt     m_wm.l(sqrt.o)
    0x0800defe   0x000000f8   Code   RO         1572    i.__kernel_poly     m_wm.l(poly.o)
    0x0800dff6   0x00000014   Code   RO         1557    i.__mathlib_dbl_infnan  m_wm.l(dunder.o)
    0x0800e00a   0x00000014   Code   RO         1558    i.__mathlib_dbl_infnan2  m_wm.l(dunder.o)
    0x0800e01e   0x00000002   PAD
    0x0800e020   0x00000020   Code   RO         1559    i.__mathlib_dbl_invalid  m_wm.l(dunder.o)
    0x0800e040   0x00000020   Code   RO         1562    i.__mathlib_dbl_underflow  m_wm.l(dunder.o)
    0x0800e060   0x00000010   Code   RO         1544    i.atan              m_wm.l(atan.o)
    0x0800e070   0x00000018   Code   RO         1493    i.fabs              m_wm.l(fabs.o)
    0x0800e088   0x0000006e   Code   RO         1499    i.sqrt              m_wm.l(sqrt.o)
    0x0800e0f6   0x00000002   PAD
    0x0800e0f8   0x0000002c   Code   RO         1636    locale$$code        c_w.l(lc_numeric_c.o)
    0x0800e124   0x00000018   Code   RO         1437    x$fpl$basic         fz_wm.l(basic.o)
    0x0800e13c   0x00000062   Code   RO         1439    x$fpl$d2f           fz_wm.l(d2f.o)
    0x0800e19e   0x00000002   PAD
    0x0800e1a0   0x00000150   Code   RO         1441    x$fpl$dadd          fz_wm.l(daddsub_clz.o)
    0x0800e2f0   0x00000018   Code   RO         1638    x$fpl$dcmpinf       fz_wm.l(dcmpi.o)
    0x0800e308   0x000002b0   Code   RO         1448    x$fpl$ddiv          fz_wm.l(ddiv.o)
    0x0800e5b8   0x0000002e   Code   RO         1452    x$fpl$dflt          fz_wm.l(dflt_clz.o)
    0x0800e5e6   0x00000002   PAD
    0x0800e5e8   0x00000078   Code   RO         1529    x$fpl$dleqf         fz_wm.l(dleqf.o)
    0x0800e660   0x00000154   Code   RO         1457    x$fpl$dmul          fz_wm.l(dmul.o)
    0x0800e7b4   0x0000009c   Code   RO         1531    x$fpl$dnaninf       fz_wm.l(dnaninf.o)
    0x0800e850   0x0000000c   Code   RO         1533    x$fpl$dretinf       fz_wm.l(dretinf.o)
    0x0800e85c   0x0000006c   Code   RO         1459    x$fpl$drleqf        fz_wm.l(drleqf.o)
    0x0800e8c8   0x00000016   Code   RO         1442    x$fpl$drsb          fz_wm.l(daddsub_clz.o)
    0x0800e8de   0x00000002   PAD
    0x0800e8e0   0x00000198   Code   RO         1535    x$fpl$dsqrt         fz_wm.l(dsqrt_umaal.o)
    0x0800ea78   0x000001d4   Code   RO         1443    x$fpl$dsub          fz_wm.l(daddsub_clz.o)
    0x0800ec4c   0x00000056   Code   RO         1461    x$fpl$f2d           fz_wm.l(f2d.o)
    0x0800eca2   0x0000008c   Code   RO         1537    x$fpl$fnaninf       fz_wm.l(fnaninf.o)
    0x0800ed2e   0x0000000a   Code   RO         1706    x$fpl$fpinit        fz_wm.l(fpinit.o)
    0x0800ed38   0x0000000a   Code   RO         1539    x$fpl$fretinf       fz_wm.l(fretinf.o)
    0x0800ed42   0x00000004   Code   RO         1463    x$fpl$printf1       fz_wm.l(printf1.o)
    0x0800ed46   0x00000000   Code   RO         1541    x$fpl$usenofp       fz_wm.l(usenofp.o)
    0x0800ed46   0x00000101   Data   RO          499    .constdata          referee.o
    0x0800ee47   0x00000001   PAD
    0x0800ee48   0x00000014   Data   RO          746    .constdata          mpu6500_driver.o
    0x0800ee5c   0x00000030   Data   RO         1253    .constdata          detect_task.o
    0x0800ee8c   0x00000004   PAD
    0x0800ee90   0x00000050   Data   RO         1468    .constdata          m_wm.l(asin.o)
    0x0800eee0   0x00000098   Data   RO         1545    .constdata          m_wm.l(atan.o)
    0x0800ef78   0x00000008   Data   RO         1574    .constdata          m_wm.l(qnan.o)
    0x0800ef80   0x00000094   Data   RO         1607    .constdata          c_w.l(bigflt0.o)
    0x0800f014   0x00000020   Data   RO         1777    Region$$Table       anon$$obj.o
    0x0800f034   0x0000001c   Data   RO         1635    locale$$data        c_w.l(lc_numeric_c.o)


    Execution Region RW_IRAM1 (Base: 0x20000000, Size: 0x00013c50, Max: 0x00030000, ABSOLUTE, COMPRESSED[0x00000050])

    Base Addr    Size         Type   Attr      Idx    E Section Name        Object

    0x20000000   0x00000002   Data   RW          211    .data               stm32f4xx_it.o
    0x20000002   0x00000002   PAD
    0x20000004   0x00000014   Data   RW          296    .data               system_stm32f4xx.o
    0x20000018   0x00000004   Data   RW          353    .data               basicperipherals.o
    0x2000001c   0x00000007   Data   RW          500    .data               referee.o
    0x20000023   0x00000001   PAD
    0x20000024   0x0000008d   Data   RW          530    .data               freertostask.o
    0x200000b1   0x0000000b   Data   RW          587    .data               auto_attacktask.o
    0x200000bc   0x00000004   Data   RW          625    .data               delay.o
    0x200000c0   0x00000004   Data   RW          665    .data               usart.o
    0x200000c4   0x0000002c   Data   RW          698    .data               imu.o
    0x200000f0   0x0000003f   Data   RW          747    .data               mpu6500_driver.o
    0x2000012f   0x00000010   Data   RW          850    .data               stm32f4xx_rcc.o
    0x2000013f   0x00000001   PAD
    0x20000140   0x00000018   Data   RW         1051    .data               heap_4.o
    0x20000158   0x0000000c   Data   RW         1087    .data               port.o
    0x20000164   0x00000044   Data   RW         1207    .data               tasks.o
    0x200001a8   0x00000014   Data   RW         1233    .data               timers.o
    0x200001bc   0x0000000a   Data   RW         1254    .data               detect_task.o
    0x200001c6   0x00000002   PAD
    0x200001c8   0x00000010   Zero   RW          210    .bss                stm32f4xx_it.o
    0x200001d8   0x0000005e   Zero   RW          379    .bss                remotdbus.o
    0x20000236   0x00000002   PAD
    0x20000238   0x00000108   Zero   RW          498    .bss                referee.o
    0x20000340   0x00000324   Zero   RW          529    .bss                freertostask.o
    0x20000664   0x0000001e   Zero   RW          586    .bss                auto_attacktask.o
    0x20000682   0x000000b8   Zero   RW          745    .bss                mpu6500_driver.o
    0x2000073a   0x00012c00   Zero   RW         1050    .bss                heap_4.o
    0x2001333a   0x00000002   PAD
    0x2001333c   0x00000040   Zero   RW         1167    .bss                queue.o
    0x2001337c   0x00000104   Zero   RW         1206    .bss                tasks.o
    0x20013480   0x00000028   Zero   RW         1232    .bss                timers.o
    0x200134a8   0x00000144   Zero   RW         1252    .bss                detect_task.o
    0x200135ec   0x00000060   Zero   RW         1643    .bss                c_w.l(libspace.o)
    0x2001364c   0x00000004   PAD
    0x20013650   0x00000200   Zero   RW          801    HEAP                startup_stm32f427_437xx.o
    0x20013850   0x00000400   Zero   RW          800    STACK               startup_stm32f427_437xx.o


==============================================================================

Image component sizes


      Code (inc. data)   RO Data    RW Data    ZI Data      Debug   Object Name

       260         28          0         11         30       2598   auto_attacktask.o
      1096         36          0          4          0       4090   basicperipherals.o
       236          8          0          4          0       1705   delay.o
      1556         66         48         10        324       4655   detect_task.o
      1140          4          0          0          0      15659   event_groups.o
      5816        724          0        141        804      11617   freertostask.o
       248          4          0          0          0        756   frictionmoterpwm.o
       668         24          0         24      76800      13276   heap_4.o
      2684        108          0         44          0       4120   imu.o
       148          0          0          0          0       1990   list.o
        22          0          0          0          0     346385   main.o
       352         18          0          0          0       1331   mainfocus_usart.o
       224         20          0          0          0       1853   misc.o
       708         16          0          0          0       1963   motorcan.o
      2208        106         20         63        184       7967   mpu6500_driver.o
       520         14          0          0          0       3435   pid_modify.o
      1022         52          0         12          0       8983   port.o
      3864         20          0          0         64      21304   queue.o
      1168         58        257          7        264       5774   referee.o
       864         34          0          0         94       5047   remotdbus.o
       364          8          0          0          0       1450   spi.o
        64         26        428          0       1536        856   startup_stm32f427_437xx.o
      2544         38          0          0          0       8180   stm32f4xx_can.o
       936         32          0          0          0       6429   stm32f4xx_dma.o
       272         10          0          0          0       2319   stm32f4xx_exti.o
      1688         24          0          0          0       9450   stm32f4xx_flash.o
       660         44          0          0          0       4193   stm32f4xx_gpio.o
       804         84          0          2         16     246298   stm32f4xx_it.o
      1632         54          0         16          0      13144   stm32f4xx_rcc.o
      1262         38          0          0          0       7437   stm32f4xx_spi.o
       148         12          0          0          0       1861   stm32f4xx_syscfg.o
      3234         60          0          0          0      23048   stm32f4xx_tim.o
      1108         34          0          0          0       7916   stm32f4xx_usart.o
       352         48          0          0          0       2492   stmflash.o
       580         46          0         20          0       1859   system_stm32f4xx.o
      7008        416          0         68        260      31526   tasks.o
      1516         68          0         20         40      11814   timers.o
       168         10          0          4          0       3078   usart.o

    ----------------------------------------------------------------------
     49148       2392        790        456      80420     847858   Object Totals
         0          0         32          0          0          0   (incl. Generated)
         4          0          5          6          4          0   (incl. Padding)

    ----------------------------------------------------------------------

      Code (inc. data)   RO Data    RW Data    ZI Data      Debug   Library Member Name

        90          0          0          0          0          0   __dczerorl2.o
         8          0          0          0          0         68   __main.o
       104          0          0          0          0         84   __printf.o
         0          0          0          0          0          0   __rtentry.o
        12          0          0          0          0          0   __rtentry2.o
         6          0          0          0          0          0   __rtentry4.o
        52          8          0          0          0          0   __scatter.o
        28          0          0          0          0          0   __scatter_zi.o
         6          0          0          0          0          0   _printf_c.o
        44          0          0          0          0        108   _printf_char.o
        48          6          0          0          0         96   _printf_char_common.o
        36          4          0          0          0         80   _printf_char_file.o
         6          0          0          0          0          0   _printf_d.o
       120         16          0          0          0         92   _printf_dec.o
         6          0          0          0          0          0   _printf_f.o
      1050          0          0          0          0        216   _printf_fp_dec.o
       128         16          0          0          0         84   _printf_fp_infnan.o
       178          0          0          0          0         88   _printf_intcommon.o
         0          0          0          0          0          0   _printf_percent.o
         4          0          0          0          0          0   _printf_percent_end.o
        82          0          0          0          0         80   _printf_str.o
         6          0          0          0          0          0   _printf_u.o
        22          0          0          0          0        100   _rserrno.o
        10          0          0          0          0         68   _sputc.o
        16          0          0          0          0         68   aeabi_memset.o
       220          4        148          0          0         96   bigflt0.o
      1910        128          0          0          0        672   btod.o
        18          0          0          0          0         80   exit.o
         8          0          0          0          0         68   ferror.o
         6          0          0          0          0        152   heapauxi.o
        44         10         28          0          0         76   lc_numeric_c.o
         2          0          0          0          0          0   libinit.o
        22          0          0          0          0          0   libinit2.o
         2          0          0          0          0          0   libshutdown.o
         2          0          0          0          0          0   libshutdown2.o
         8          4          0          0         96         68   libspace.o
       138          0          0          0          0         80   lludiv10.o
        24          4          0          0          0         84   noretval__2printf.o
        40          6          0          0          0         84   noretval__2sprintf.o
         8          4          0          0          0         68   rt_errno_addr_intlibspace.o
         8          4          0          0          0         68   rt_locale_intlibspace.o
        68          0          0          0          0         68   rt_memclr.o
        78          0          0          0          0         80   rt_memclr_w.o
       138          0          0          0          0         68   rt_memcpy_v6.o
       100          0          0          0          0         80   rt_memcpy_w.o
         2          0          0          0          0          0   rtexit.o
        10          0          0          0          0          0   rtexit2.o
       128          0          0          0          0         68   strcmpv7m.o
        72          0          0          0          0         80   strcpy.o
        62          0          0          0          0         76   strlen.o
        74          0          0          0          0         80   sys_stackheap_outer.o
         2          0          0          0          0         68   use_no_semi.o
         2          0          0          0          0         68   use_no_semi_2.o
        24          0          0          0          0        164   basic.o
        98          4          0          0          0        140   d2f.o
       826         16          0          0          0        492   daddsub_clz.o
        24          0          0          0          0        116   dcmpi.o
       688        140          0          0          0        256   ddiv.o
        46          0          0          0          0        116   dflt_clz.o
       120          4          0          0          0        140   dleqf.o
       340         12          0          0          0        152   dmul.o
       156          4          0          0          0        140   dnaninf.o
        12          0          0          0          0        116   dretinf.o
       108          0          0          0          0        128   drleqf.o
       408         56          0          0          0        168   dsqrt_umaal.o
        86          4          0          0          0        132   f2d.o
       140          4          0          0          0        132   fnaninf.o
        10          0          0          0          0        116   fpinit.o
        10          0          0          0          0        116   fretinf.o
         4          0          0          0          0        116   printf1.o
         0          0          0          0          0          0   usenofp.o
       864         94         80          0          0        280   asin.o
       744        106        152          0          0        352   atan.o
       496         64          0          0          0        192   atan2.o
       104         16          0          0          0        496   dunder.o
        44          0          0          0          0        248   fabs.o
        48          0          0          0          0        124   fpclassify.o
       248          0          0          0          0        152   poly.o
         0          0          8          0          0          0   qnan.o
       232          0          0          0          0        296   sqrt.o

    ----------------------------------------------------------------------
     11166        738        416          0        100       8444   Library Totals
        28          0          0          0          4          0   (incl. Padding)

    ----------------------------------------------------------------------

      Code (inc. data)   RO Data    RW Data    ZI Data      Debug   Library Name

      5258        214        176          0         96       3564   c_w.l
      3100        244          0          0          0       2740   fz_wm.l
      2780        280        240          0          0       2140   m_wm.l

    ----------------------------------------------------------------------
     11166        738        416          0        100       8444   Library Totals

    ----------------------------------------------------------------------

==============================================================================


      Code (inc. data)   RO Data    RW Data    ZI Data      Debug   

     60314       3130       1206        456      80520     841574   Grand Totals
     60314       3130       1206         80      80520     841574   ELF Image Totals (compressed)
     60314       3130       1206         80          0          0   ROM Totals

==============================================================================

    Total RO  Size (Code + RO Data)                61520 (  60.08kB)
    Total RW  Size (RW Data + ZI Data)             80976 (  79.08kB)
    Total ROM Size (Code + RO Data + RW Data)      61600 (  60.16kB)

==============================================================================

