Component: ARM Compiler 5.06 update 6 (build 750) Tool: armlink [4d35ed]

==============================================================================

Section Cross References

    main.o(.text) refers to misc.o(.text) for NVIC_PriorityGroupConfig
    main.o(.text) refers to delay.o(.text) for delay_init
    main.o(.text) refers to freertostask.o(.text) for FreeRTOS_init
    stm32f4xx_it.o(.text) refers to stm32f4xx_exti.o(.text) for EXTI_GetITStatus
    stm32f4xx_it.o(.text) refers to queue.o(.text) for xQueueGiveFromISR
    stm32f4xx_it.o(.text) refers to stm32f4xx_dma.o(.text) for DMA_GetFlagStatus
    stm32f4xx_it.o(.text) refers to stm32f4xx_can.o(.text) for CAN_GetITStatus
    stm32f4xx_it.o(.text) refers to dflt_clz.o(x$fpl$dflt) for __aeabi_i2d
    stm32f4xx_it.o(.text) refers to dmul.o(x$fpl$dmul) for __aeabi_dmul
    stm32f4xx_it.o(.text) refers to f2d.o(x$fpl$f2d) for __aeabi_f2d
    stm32f4xx_it.o(.text) refers to daddsub_clz.o(x$fpl$dsub) for __aeabi_dsub
    stm32f4xx_it.o(.text) refers to d2f.o(x$fpl$d2f) for __aeabi_d2f
    stm32f4xx_it.o(.text) refers to stm32f4xx_tim.o(.text) for TIM_GetITStatus
    stm32f4xx_it.o(.text) refers to auto_attacktask.o(.text) for receiveMainFocusData
    stm32f4xx_it.o(.text) refers to freertostask.o(.data) for ImuDataSem
    stm32f4xx_it.o(.text) refers to stm32f4xx_it.o(.bss) for Imu_ext
    system_stm32f4xx.o(.text) refers to system_stm32f4xx.o(.data) for SystemCoreClock
    basicperipherals.o(.text) refers to stm32f4xx_rcc.o(.text) for RCC_AHB1PeriphClockCmd
    basicperipherals.o(.text) refers to stm32f4xx_gpio.o(.text) for GPIO_Init
    basicperipherals.o(.text) refers to stm32f4xx_tim.o(.text) for TIM_TimeBaseInit
    basicperipherals.o(.text) refers to stm32f4xx_syscfg.o(.text) for SYSCFG_EXTILineConfig
    basicperipherals.o(.text) refers to stm32f4xx_exti.o(.text) for EXTI_Init
    basicperipherals.o(.text) refers to misc.o(.text) for NVIC_Init
    basicperipherals.o(.text) refers to tasks.o(.text) for vTaskDelay
    basicperipherals.o(.text) refers to basicperipherals.o(.data) for FreeRTOSRunTimeTicks
    remotdbus.o(.text) refers to stm32f4xx_rcc.o(.text) for RCC_AHB1PeriphClockCmd
    remotdbus.o(.text) refers to stm32f4xx_gpio.o(.text) for GPIO_Init
    remotdbus.o(.text) refers to stm32f4xx_usart.o(.text) for USART_DeInit
    remotdbus.o(.text) refers to misc.o(.text) for NVIC_Init
    remotdbus.o(.text) refers to stm32f4xx_dma.o(.text) for DMA_Cmd
    remotdbus.o(.text) refers to remotdbus.o(.bss) for sbus_rx_buffer
    frictionmoterpwm.o(.text) refers to stm32f4xx_rcc.o(.text) for RCC_APB1PeriphClockCmd
    frictionmoterpwm.o(.text) refers to stm32f4xx_gpio.o(.text) for GPIO_PinAFConfig
    frictionmoterpwm.o(.text) refers to stm32f4xx_tim.o(.text) for TIM_TimeBaseInit
    motorcan.o(.text) refers to stm32f4xx_rcc.o(.text) for RCC_APB1PeriphClockCmd
    motorcan.o(.text) refers to stm32f4xx_gpio.o(.text) for GPIO_Init
    motorcan.o(.text) refers to misc.o(.text) for NVIC_Init
    motorcan.o(.text) refers to stm32f4xx_can.o(.text) for CAN_DeInit
    stmflash.o(.text) refers to stm32f4xx_flash.o(.text) for FLASH_Unlock
    mainfocus_usart.o(.text) refers to stm32f4xx_rcc.o(.text) for RCC_AHB1PeriphClockCmd
    mainfocus_usart.o(.text) refers to stm32f4xx_gpio.o(.text) for GPIO_Init
    mainfocus_usart.o(.text) refers to stm32f4xx_usart.o(.text) for USART_DeInit
    mainfocus_usart.o(.text) refers to misc.o(.text) for NVIC_Init
    mainfocus_usart.o(.text) refers to stm32f4xx_dma.o(.text) for DMA_Cmd
    mainfocus_usart.o(.text) refers to auto_attacktask.o(.bss) for mainfocus_rx_buffer
    referee.o(.text) refers to stm32f4xx_rcc.o(.text) for RCC_APB2PeriphClockCmd
    referee.o(.text) refers to stm32f4xx_gpio.o(.text) for GPIO_PinAFConfig
    referee.o(.text) refers to stm32f4xx_dma.o(.text) for DMA_DeInit
    referee.o(.text) refers to stm32f4xx_usart.o(.text) for USART_DeInit
    referee.o(.text) refers to misc.o(.text) for NVIC_Init
    referee.o(.text) refers to rt_memcpy_v6.o(.text) for __aeabi_memcpy
    referee.o(.text) refers to referee.o(.bss) for Rx_Buf_Referee
    referee.o(.text) refers to referee.o(.constdata) for CRC8_TAB
    referee.o(.text) refers to referee.o(.data) for count
    freertostask.o(.text) refers to event_groups.o(.text) for xEventGroupSetBits
    freertostask.o(.text) refers to tasks.o(.text) for vTaskDelay
    freertostask.o(.text) refers to queue.o(.text) for xQueueReceive
    freertostask.o(.text) refers to imu.o(.text) for GetPitchYawGxGyGz
    freertostask.o(.text) refers to stm32f4xx_it.o(.bss) for Imu_ext
    freertostask.o(.text) refers to freertostask.o(.bss) for RemotData
    freertostask.o(.text) refers to freertostask.o(.data) for OfflineDetectedEnt
    freertostask.o(.text) refers to auto_attacktask.o(.bss) for AutoData
    freertostask.o(.text) refers to basicperipherals.o(.text) for FrictionCaliTriggerMusic
    freertostask.o(.text) refers to mpu6500_driver.o(.text) for MPU6500_InitGyro_offset
[...]
    SAI1_IRQHandler                          0x08004707   Thumb Code     0  startup_stm32f427_437xx.o(.text)
    SDIO_IRQHandler                          0x08004707   Thumb Code     0  startup_stm32f427_437xx.o(.text)
    SPI1_IRQHandler                          0x08004707   Thumb Code     0  startup_stm32f427_437xx.o(.text)
    SPI2_IRQHandler                          0x08004707   Thumb Code     0  startup_stm32f427_437xx.o(.text)
    SPI3_IRQHandler                          0x08004707   Thumb Code     0  startup_stm32f427_437xx.o(.text)
    SPI4_IRQHandler                          0x08004707   Thumb Code     0  startup_stm32f427_437xx.o(.text)
    SPI5_IRQHandler                          0x08004707   Thumb Code     0  startup_stm32f427_437xx.o(.text)
    SPI6_IRQHandler                          0x08004707   Thumb Code     0  startup_stm32f427_437xx.o(.text)
    TAMP_STAMP_IRQHandler                    0x08004707   Thumb Code     0  startup_stm32f427_437xx.o(.text)
    TIM1_BRK_TIM9_IRQHandler                 0x08004707   Thumb Code     0  startup_stm32f427_437xx.o(.text)
    TIM1_CC_IRQHandler                       0x08004707   Thumb Code     0  startup_stm32f427_437xx.o(.text)
    TIM1_TRG_COM_TIM11_IRQHandler            0x08004707   Thumb Code     0  startup_stm32f427_437xx.o(.text)
    TIM1_UP_TIM10_IRQHandler                 0x08004707   Thumb Code     0  startup_stm32f427_437xx.o(.text)
    TIM3_IRQHandler                          0x08004707   Thumb Code     0  startup_stm32f427_437xx.o(.text)
    TIM5_IRQHandler                          0x08004707   Thumb Code     0  startup_stm32f427_437xx.o(.text)
    TIM6_DAC_IRQHandler                      0x08004707   Thumb Code     0  startup_stm32f427_437xx.o(.text)
    TIM7_IRQHandler                          0x08004707   Thumb Code     0  startup_stm32f427_437xx.o(.text)
    TIM8_BRK_TIM12_IRQHandler                0x08004707   Thumb Code     0  startup_stm32f427_437xx.o(.text)
    TIM8_CC_IRQHandler                       0x08004707   Thumb Code     0  startup_stm32f427_437xx.o(.text)
    TIM8_TRG_COM_TIM14_IRQHandler            0x08004707   Thumb Code     0  startup_stm32f427_437xx.o(.text)
    TIM8_UP_TIM13_IRQHandler                 0x08004707   Thumb Code     0  startup_stm32f427_437xx.o(.text)
    UART4_IRQHandler                         0x08004707   Thumb Code     0  startup_stm32f427_437xx.o(.text)
    UART5_IRQHandler                         0x08004707   Thumb Code     0  startup_stm32f427_437xx.o(.text)
    UART7_IRQHandler                         0x08004707   Thumb Code     0  startup_stm32f427_437xx.o(.text)
    UART8_IRQHandler                         0x08004707   Thumb Code     0  startup_stm32f427_437xx.o(.text)
    USART1_IRQHandler                        0x08004707   Thumb Code     0  startup_stm32f427_437xx.o(.text)
    USART2_IRQHandler                        0x08004707   Thumb Code     0  startup_stm32f427_437xx.o(.text)
    USART3_IRQHandler                        0x08004707   Thumb Code     0  startup_stm32f427_437xx.o(.text)
    WWDG_IRQHandler                          0x08004707   Thumb Code     0  startup_stm32f427_437xx.o(.text)
    __user_initial_stackheap                 0x08004709   Thumb Code     0  startup_stm32f427_437xx.o(.text)
    NVIC_PriorityGroupConfig                 0x0800472d   Thumb Code    10  misc.o(.text)
    NVIC_Init                                0x08004737   Thumb Code   106  misc.o(.text)
    NVIC_SetVectorTable                      0x080047a1   Thumb Code    14  misc.o(.text)
    NVIC_SystemLPConfig                      0x080047af   Thumb Code    34  misc.o(.text)
    SysTick_CLKSourceConfig                  0x080047d1   Thumb Code    40  misc.o(.text)
    GPIO_DeInit                              0x0800480d   Thumb Code   268  stm32f4xx_gpio.o(.text)
    GPIO_Init                                0x08004919   Thumb Code   144  stm32f4xx_gpio.o(.text)
    GPIO_StructInit                          0x080049a9   Thumb Code    18  stm32f4xx_gpio.o(.text)
    GPIO_PinLockConfig                       0x080049bb   Thumb Code    34  stm32f4xx_gpio.o(.text)
    GPIO_ReadInputDataBit                    0x080049dd   Thumb Code    18  stm32f4xx_gpio.o(.text)
    GPIO_ReadInputData                       0x080049ef   Thumb Code     8  stm32f4xx_gpio.o(.text)
    GPIO_ReadOutputDataBit                   0x080049f7   Thumb Code    18  stm32f4xx_gpio.o(.text)
    GPIO_ReadOutputData                      0x08004a09   Thumb Code     8  stm32f4xx_gpio.o(.text)
    GPIO_SetBits                             0x08004a11   Thumb Code     4  stm32f4xx_gpio.o(.text)
    GPIO_ResetBits                           0x08004a15   Thumb Code     4  stm32f4xx_gpio.o(.text)
    GPIO_WriteBit                            0x08004a19   Thumb Code    10  stm32f4xx_gpio.o(.text)
    GPIO_Write                               0x08004a23   Thumb Code     4  stm32f4xx_gpio.o(.text)
    GPIO_ToggleBits                          0x08004a27   Thumb Code     8  stm32f4xx_gpio.o(.text)
    GPIO_PinAFConfig                         0x08004a2f   Thumb Code    70  stm32f4xx_gpio.o(.text)
    RCC_DeInit                               0x08004aa1   Thumb Code    82  stm32f4xx_rcc.o(.text)
    RCC_HSEConfig                            0x08004af3   Thumb Code    14  stm32f4xx_rcc.o(.text)
    RCC_GetFlagStatus                        0x08004b01   Thumb Code    60  stm32f4xx_rcc.o(.text)
    RCC_WaitForHSEStartUp                    0x08004b3d   Thumb Code    56  stm32f4xx_rcc.o(.text)
    RCC_AdjustHSICalibrationValue            0x08004b75   Thumb Code    20  stm32f4xx_rcc.o(.text)
    RCC_HSICmd                               0x08004b89   Thumb Code     6  stm32f4xx_rcc.o(.text)
    RCC_LSEConfig                            0x08004b8f   Thumb Code    46  stm32f4xx_rcc.o(.text)
    RCC_LSICmd                               0x08004bbd   Thumb Code     6  stm32f4xx_rcc.o(.text)
    RCC_PLLConfig                            0x08004bc3   Thumb Code    32  stm32f4xx_rcc.o(.text)
    RCC_PLLCmd                               0x08004be3   Thumb Code     6  stm32f4xx_rcc.o(.text)
    RCC_PLLI2SConfig                         0x08004be9   Thumb Code    20  stm32f4xx_rcc.o(.text)
    RCC_PLLI2SCmd                            0x08004bfd   Thumb Code     6  stm32f4xx_rcc.o(.text)
    RCC_PLLSAIConfig                         0x08004c03   Thumb Code    20  stm32f4xx_rcc.o(.text)
    RCC_PLLSAICmd                            0x08004c17   Thumb Code     6  stm32f4xx_rcc.o(.text)
    RCC_ClockSecuritySystemCmd               0x08004c1d   Thumb Code     6  stm32f4xx_rcc.o(.text)
    RCC_MCO1Config                           0x08004c23   Thumb Code    28  stm32f4xx_rcc.o(.text)
    RCC_MCO2Config                           0x08004c3f   Thumb Code    28  stm32f4xx_rcc.o(.text)
    RCC_SYSCLKConfig                         0x08004c5b   Thumb Code    20  stm32f4xx_rcc.o(.text)
    RCC_GetSYSCLKSource                      0x08004c6f   Thumb Code    12  stm32f4xx_rcc.o(.text)
    RCC_HCLKConfig                           0x08004c7b   Thumb Code    20  stm32f4xx_rcc.o(.text)
    RCC_PCLK1Config                          0x08004c8f   Thumb Code    20  stm32f4xx_rcc.o(.text)
    RCC_PCLK2Config                          0x08004ca3   Thumb Code    22  stm32f4xx_rcc.o(.text)
    RCC_GetClocksFreq                        0x08004cb9   Thumb Code   222  stm32f4xx_rcc.o(.text)
    RCC_RTCCLKConfig                         0x08004d97   Thumb Code    54  stm32f4xx_rcc.o(.text)
    RCC_RTCCLKCmd                            0x08004dcd   Thumb Code     8  stm32f4xx_rcc.o(.text)
    RCC_BackupResetCmd                       0x08004dd5   Thumb Code     8  stm32f4xx_rcc.o(.text)
    RCC_I2SCLKConfig                         0x08004ddd   Thumb Code     6  stm32f4xx_rcc.o(.text)
    RCC_SAIPLLI2SClkDivConfig                0x08004de3   Thumb Code    26  stm32f4xx_rcc.o(.text)
    RCC_SAIPLLSAIClkDivConfig                0x08004dfd   Thumb Code    28  stm32f4xx_rcc.o(.text)
    RCC_SAIBlockACLKConfig                   0x08004e19   Thumb Code    20  stm32f4xx_rcc.o(.text)
    RCC_SAIBlockBCLKConfig                   0x08004e2d   Thumb Code    20  stm32f4xx_rcc.o(.text)
    RCC_LTDCCLKDivConfig                     0x08004e41   Thumb Code    20  stm32f4xx_rcc.o(.text)
    RCC_TIMCLKPresConfig                     0x08004e55   Thumb Code     6  stm32f4xx_rcc.o(.text)
    RCC_AHB1PeriphClockCmd                   0x08004e5b   Thumb Code    82  stm32f4xx_rcc.o(.text)
    RCC_AHB2PeriphClockCmd                   0x08004ead   Thumb Code    26  stm32f4xx_rcc.o(.text)
    RCC_AHB3PeriphClockCmd                   0x08004ec7   Thumb Code    34  stm32f4xx_rcc.o(.text)
    RCC_APB1PeriphClockCmd                   0x08004ee9   Thumb Code    34  stm32f4xx_rcc.o(.text)
    RCC_APB2PeriphClockCmd                   0x08004f0b   Thumb Code    34  stm32f4xx_rcc.o(.text)
    RCC_AHB1PeriphResetCmd                   0x08004f2d   Thumb Code    34  stm32f4xx_rcc.o(.text)
    RCC_AHB2PeriphResetCmd                   0x08004f4f   Thumb Code    34  stm32f4xx_rcc.o(.text)
    RCC_AHB3PeriphResetCmd                   0x08004f71   Thumb Code    34  stm32f4xx_rcc.o(.text)
    RCC_APB1PeriphResetCmd                   0x08004f93   Thumb Code    34  stm32f4xx_rcc.o(.text)
    RCC_APB2PeriphResetCmd                   0x08004fb5   Thumb Code    34  stm32f4xx_rcc.o(.text)
    RCC_AHB1PeriphClockLPModeCmd             0x08004fd7   Thumb Code    34  stm32f4xx_rcc.o(.text)
    RCC_AHB2PeriphClockLPModeCmd             0x08004ff9   Thumb Code    34  stm32f4xx_rcc.o(.text)
    RCC_AHB3PeriphClockLPModeCmd             0x0800501b   Thumb Code    34  stm32f4xx_rcc.o(.text)
    RCC_APB1PeriphClockLPModeCmd             0x0800503d   Thumb Code    34  stm32f4xx_rcc.o(.text)
    RCC_APB2PeriphClockLPModeCmd             0x0800505f   Thumb Code    34  stm32f4xx_rcc.o(.text)
    RCC_LSEModeConfig                        0x08005081   Thumb Code    40  stm32f4xx_rcc.o(.text)
    RCC_ITConfig                             0x080050a9   Thumb Code    34  stm32f4xx_rcc.o(.text)
    RCC_ClearFlag                            0x080050cb   Thumb Code    18  stm32f4xx_rcc.o(.text)
    RCC_GetITStatus                          0x080050dd   Thumb Code    22  stm32f4xx_rcc.o(.text)
    RCC_ClearITPendingBit                    0x080050f3   Thumb Code     8  stm32f4xx_rcc.o(.text)
    SYSCFG_DeInit                            0x08005101   Thumb Code    22  stm32f4xx_syscfg.o(.text)
    SYSCFG_MemoryRemapConfig                 0x08005117   Thumb Code     6  stm32f4xx_syscfg.o(.text)
    SYSCFG_MemorySwappingBank                0x0800511d   Thumb Code     6  stm32f4xx_syscfg.o(.text)
    SYSCFG_EXTILineConfig                    0x08005123   Thumb Code    66  stm32f4xx_syscfg.o(.text)
    SYSCFG_ETH_MediaInterfaceConfig          0x08005165   Thumb Code     8  stm32f4xx_syscfg.o(.text)
    SYSCFG_CompensationCellCmd               0x0800516d   Thumb Code     6  stm32f4xx_syscfg.o(.text)
    SYSCFG_GetCompensationCellStatus         0x08005173   Thumb Code    22  stm32f4xx_syscfg.o(.text)
    USART_DeInit                             0x08005195   Thumb Code   206  stm32f4xx_usart.o(.text)
    USART_Init                               0x08005263   Thumb Code   204  stm32f4xx_usart.o(.text)
    USART_StructInit                         0x0800532f   Thumb Code    24  stm32f4xx_usart.o(.text)
    USART_ClockInit                          0x08005347   Thumb Code    32  stm32f4xx_usart.o(.text)
    USART_ClockStructInit                    0x08005367   Thumb Code    12  stm32f4xx_usart.o(.text)
    USART_Cmd                                0x08005373   Thumb Code    24  stm32f4xx_usart.o(.text)
    USART_SetPrescaler                       0x0800538b   Thumb Code    16  stm32f4xx_usart.o(.text)
    USART_OverSampling8Cmd                   0x0800539b   Thumb Code    22  stm32f4xx_usart.o(.text)
    USART_OneBitMethodCmd                    0x080053b1   Thumb Code    24  stm32f4xx_usart.o(.text)
    USART_SendData                           0x080053c9   Thumb Code     8  stm32f4xx_usart.o(.text)
    USART_ReceiveData                        0x080053d1   Thumb Code    10  stm32f4xx_usart.o(.text)
    USART_SetAddress                         0x080053db   Thumb Code    18  stm32f4xx_usart.o(.text)
    USART_ReceiverWakeUpCmd                  0x080053ed   Thumb Code    24  stm32f4xx_usart.o(.text)
    USART_WakeUpConfig                       0x08005405   Thumb Code    18  stm32f4xx_usart.o(.text)
    USART_LINBreakDetectLengthConfig         0x08005417   Thumb Code    18  stm32f4xx_usart.o(.text)
    USART_LINCmd                             0x08005429   Thumb Code    24  stm32f4xx_usart.o(.text)
    USART_SendBreak                          0x08005441   Thumb Code    10  stm32f4xx_usart.o(.text)
    USART_HalfDuplexCmd                      0x0800544b   Thumb Code    24  stm32f4xx_usart.o(.text)
    USART_SetGuardTime                       0x08005463   Thumb Code    16  stm32f4xx_usart.o(.text)
    USART_SmartCardCmd                       0x08005473   Thumb Code    24  stm32f4xx_usart.o(.text)
    USART_SmartCardNACKCmd                   0x0800548b   Thumb Code    24  stm32f4xx_usart.o(.text)
    USART_IrDAConfig                         0x080054a3   Thumb Code    18  stm32f4xx_usart.o(.text)
    USART_IrDACmd                            0x080054b5   Thumb Code    24  stm32f4xx_usart.o(.text)
    USART_DMACmd                             0x080054cd   Thumb Code    18  stm32f4xx_usart.o(.text)
    USART_ITConfig                           0x080054df   Thumb Code    74  stm32f4xx_usart.o(.text)
    USART_GetFlagStatus                      0x08005529   Thumb Code    26  stm32f4xx_usart.o(.text)
    USART_ClearFlag                          0x08005543   Thumb Code    18  stm32f4xx_usart.o(.text)
    USART_GetITStatus                        0x08005555   Thumb Code   118  stm32f4xx_usart.o(.text)
    USART_ClearITPendingBit                  0x080055cb   Thumb Code    30  stm32f4xx_usart.o(.text)
    CAN_DeInit                               0x080055e9   Thumb Code    50  stm32f4xx_can.o(.text)
    CAN_Init                                 0x0800561b   Thumb Code   276  stm32f4xx_can.o(.text)
    CAN_FilterInit                           0x0800572f   Thumb Code   258  stm32f4xx_can.o(.text)
    CAN_StructInit                           0x08005831   Thumb Code    32  stm32f4xx_can.o(.text)
    CAN_SlaveStartBank                       0x08005851   Thumb Code    48  stm32f4xx_can.o(.text)
    CAN_DBGFreeze                            0x08005881   Thumb Code    22  stm32f4xx_can.o(.text)
    CAN_TTComModeCmd                         0x08005897   Thumb Code   118  stm32f4xx_can.o(.text)
    CAN_Transmit                             0x0800590d   Thumb Code   304  stm32f4xx_can.o(.text)
    CAN_TransmitStatus                       0x08005a3d   Thumb Code   138  stm32f4xx_can.o(.text)
    CAN_CancelTransmit                       0x08005ac7   Thumb Code    48  stm32f4xx_can.o(.text)
    CAN_Receive                              0x08005af7   Thumb Code   240  stm32f4xx_can.o(.text)
    CAN_FIFORelease                          0x08005be7   Thumb Code    22  stm32f4xx_can.o(.text)
    CAN_MessagePending                       0x08005bfd   Thumb Code    30  stm32f4xx_can.o(.text)
    CAN_OperatingModeRequest                 0x08005c1b   Thumb Code   162  stm32f4xx_can.o(.text)
    CAN_Sleep                                0x08005cbd   Thumb Code    30  stm32f4xx_can.o(.text)
    CAN_WakeUp                               0x08005cdb   Thumb Code    48  stm32f4xx_can.o(.text)
    CAN_GetLastErrorCode                     0x08005d0b   Thumb Code    12  stm32f4xx_can.o(.text)
    CAN_GetReceiveErrorCounter               0x08005d17   Thumb Code    10  stm32f4xx_can.o(.text)
    CAN_GetLSBTransmitErrorCounter           0x08005d21   Thumb Code    12  stm32f4xx_can.o(.text)
    CAN_ITConfig                             0x08005d2d   Thumb Code    18  stm32f4xx_can.o(.text)
    CAN_GetFlagStatus                        0x08005d3f   Thumb Code   120  stm32f4xx_can.o(.text)
    CAN_ClearFlag                            0x08005db7   Thumb Code    52  stm32f4xx_can.o(.text)
    CAN_GetITStatus                          0x08005dfd   Thumb Code   310  stm32f4xx_can.o(.text)
    CAN_ClearITPendingBit                    0x08005f33   Thumb Code   162  stm32f4xx_can.o(.text)
    DMA_DeInit                               0x08005fd9   Thumb Code   324  stm32f4xx_dma.o(.text)
    DMA_Init                                 0x0800611d   Thumb Code    82  stm32f4xx_dma.o(.text)
    DMA_StructInit                           0x0800616f   Thumb Code    34  stm32f4xx_dma.o(.text)
    DMA_Cmd                                  0x08006191   Thumb Code    22  stm32f4xx_dma.o(.text)
    DMA_PeriphIncOffsetSizeConfig            0x080061a7   Thumb Code    22  stm32f4xx_dma.o(.text)
    DMA_FlowControllerConfig                 0x080061bd   Thumb Code    22  stm32f4xx_dma.o(.text)
    DMA_SetCurrDataCounter                   0x080061d3   Thumb Code     4  stm32f4xx_dma.o(.text)
    DMA_GetCurrDataCounter                   0x080061d7   Thumb Code     8  stm32f4xx_dma.o(.text)
    DMA_DoubleBufferModeConfig               0x080061df   Thumb Code    24  stm32f4xx_dma.o(.text)
    DMA_DoubleBufferModeCmd                  0x080061f7   Thumb Code    22  stm32f4xx_dma.o(.text)
    DMA_MemoryTargetConfig                   0x0800620d   Thumb Code    10  stm32f4xx_dma.o(.text)
    DMA_GetCurrentMemoryTarget               0x08006217   Thumb Code    20  stm32f4xx_dma.o(.text)
    DMA_GetCmdStatus                         0x0800622b   Thumb Code    20  stm32f4xx_dma.o(.text)
    DMA_GetFIFOStatus                        0x0800623f   Thumb Code    12  stm32f4xx_dma.o(.text)
    DMA_GetFlagStatus                        0x0800624b   Thumb Code    56  stm32f4xx_dma.o(.text)
    DMA_ClearFlag                            0x08006283   Thumb Code    40  stm32f4xx_dma.o(.text)
    DMA_ITConfig                             0x080062ab   Thumb Code    58  stm32f4xx_dma.o(.text)
    DMA_GetITStatus                          0x080062e5   Thumb Code    84  stm32f4xx_dma.o(.text)
    DMA_ClearITPendingBit                    0x08006339   Thumb Code    40  stm32f4xx_dma.o(.text)
    TIM_DeInit                               0x08006381   Thumb Code   346  stm32f4xx_tim.o(.text)
    TIM_TimeBaseInit                         0x080064db   Thumb Code   104  stm32f4xx_tim.o(.text)
    TIM_TimeBaseStructInit                   0x08006543   Thumb Code    18  stm32f4xx_tim.o(.text)
    TIM_PrescalerConfig                      0x08006555   Thumb Code     6  stm32f4xx_tim.o(.text)
    TIM_CounterModeConfig                    0x0800655b   Thumb Code    18  stm32f4xx_tim.o(.text)
    TIM_SetCounter                           0x0800656d   Thumb Code     4  stm32f4xx_tim.o(.text)
    TIM_SetAutoreload                        0x08006571   Thumb Code     4  stm32f4xx_tim.o(.text)
    TIM_GetCounter                           0x08006575   Thumb Code     6  stm32f4xx_tim.o(.text)
    TIM_GetPrescaler                         0x0800657b   Thumb Code     6  stm32f4xx_tim.o(.text)
    TIM_UpdateDisableConfig                  0x08006581   Thumb Code    24  stm32f4xx_tim.o(.text)
    TIM_UpdateRequestConfig                  0x08006599   Thumb Code    24  stm32f4xx_tim.o(.text)
    TIM_ARRPreloadConfig                     0x080065b1   Thumb Code    24  stm32f4xx_tim.o(.text)
    TIM_SelectOnePulseMode                   0x080065c9   Thumb Code    18  stm32f4xx_tim.o(.text)
    TIM_SetClockDivision                     0x080065db   Thumb Code    18  stm32f4xx_tim.o(.text)
    TIM_Cmd                                  0x080065ed   Thumb Code    24  stm32f4xx_tim.o(.text)
    TIM_OC1Init                              0x08006605   Thumb Code   114  stm32f4xx_tim.o(.text)
    TIM_OC2Init                              0x08006677   Thumb Code   154  stm32f4xx_tim.o(.text)
    TIM_OC3Init                              0x08006711   Thumb Code   204  stm32f4xx_tim.o(.text)
    TIM_OC4Init                              0x080067dd   Thumb Code   112  stm32f4xx_tim.o(.text)
    TIM_OCStructInit                         0x0800684d   Thumb Code    20  stm32f4xx_tim.o(.text)
    TIM_SelectOCxM                           0x08006861   Thumb Code    86  stm32f4xx_tim.o(.text)
    TIM_SetCompare1                          0x080068b7   Thumb Code     4  stm32f4xx_tim.o(.text)
    TIM_SetCompare2                          0x080068bb   Thumb Code     4  stm32f4xx_tim.o(.text)
    TIM_SetCompare3                          0x080068bf   Thumb Code     4  stm32f4xx_tim.o(.text)
    TIM_SetCompare4                          0x080068c3   Thumb Code     4  stm32f4xx_tim.o(.text)
    TIM_ForcedOC1Config                      0x080068c7   Thumb Code    18  stm32f4xx_tim.o(.text)
    TIM_ForcedOC2Config                      0x080068d9   Thumb Code    26  stm32f4xx_tim.o(.text)
    TIM_ForcedOC3Config                      0x080068f3   Thumb Code    18  stm32f4xx_tim.o(.text)
    TIM_ForcedOC4Config                      0x08006905   Thumb Code    26  stm32f4xx_tim.o(.text)
    TIM_OC1PreloadConfig                     0x0800691f   Thumb Code    18  stm32f4xx_tim.o(.text)
    TIM_OC2PreloadConfig                     0x08006931   Thumb Code    26  stm32f4xx_tim.o(.text)
    TIM_OC3PreloadConfig                     0x0800694b   Thumb Code    18  stm32f4xx_tim.o(.text)
    TIM_OC4PreloadConfig                     0x0800695d   Thumb Code    26  stm32f4xx_tim.o(.text)
    TIM_OC1FastConfig                        0x08006977   Thumb Code    18  stm32f4xx_tim.o(.text)
    TIM_OC2FastConfig                        0x08006989   Thumb Code    26  stm32f4xx_tim.o(.text)
    TIM_OC3FastConfig                        0x080069a3   Thumb Code    18  stm32f4xx_tim.o(.text)
    TIM_OC4FastConfig                        0x080069b5   Thumb Code    26  stm32f4xx_tim.o(.text)
    TIM_ClearOC1Ref                          0x080069cf   Thumb Code    18  stm32f4xx_tim.o(.text)
    TIM_ClearOC2Ref                          0x080069e1   Thumb Code    24  stm32f4xx_tim.o(.text)
    TIM_ClearOC3Ref                          0x080069f9   Thumb Code    18  stm32f4xx_tim.o(.text)
    TIM_ClearOC4Ref                          0x08006a0b   Thumb Code    24  stm32f4xx_tim.o(.text)
    TIM_OC1PolarityConfig                    0x08006a23   Thumb Code    18  stm32f4xx_tim.o(.text)
    TIM_OC1NPolarityConfig                   0x08006a35   Thumb Code    18  stm32f4xx_tim.o(.text)
    TIM_OC2PolarityConfig                    0x08006a47   Thumb Code    26  stm32f4xx_tim.o(.text)
    TIM_OC2NPolarityConfig                   0x08006a61   Thumb Code    26  stm32f4xx_tim.o(.text)
    TIM_OC3PolarityConfig                    0x08006a7b   Thumb Code    26  stm32f4xx_tim.o(.text)
    TIM_OC3NPolarityConfig                   0x08006a95   Thumb Code    26  stm32f4xx_tim.o(.text)
    TIM_OC4PolarityConfig                    0x08006aaf   Thumb Code    26  stm32f4xx_tim.o(.text)
    TIM_CCxCmd                               0x08006ac9   Thumb Code    30  stm32f4xx_tim.o(.text)
    TIM_CCxNCmd                              0x08006ae7   Thumb Code    30  stm32f4xx_tim.o(.text)
    TIM_SetIC4Prescaler                      0x08006b05   Thumb Code    26  stm32f4xx_tim.o(.text)
    TIM_SetIC3Prescaler                      0x08006b6f   Thumb Code    18  stm32f4xx_tim.o(.text)
    TIM_SetIC2Prescaler                      0x08006bc9   Thumb Code    26  stm32f4xx_tim.o(.text)
    TIM_SetIC1Prescaler                      0x08006c3d   Thumb Code    18  stm32f4xx_tim.o(.text)
    TIM_ICInit                               0x08006c89   Thumb Code   110  stm32f4xx_tim.o(.text)
    TIM_ICStructInit                         0x08006cf7   Thumb Code    18  stm32f4xx_tim.o(.text)
    TIM_PWMIConfig                           0x08006d09   Thumb Code   124  stm32f4xx_tim.o(.text)
    TIM_GetCapture1                          0x08006d85   Thumb Code     6  stm32f4xx_tim.o(.text)
    TIM_GetCapture2                          0x08006d8b   Thumb Code     6  stm32f4xx_tim.o(.text)
    TIM_GetCapture3                          0x08006d91   Thumb Code     6  stm32f4xx_tim.o(.text)
    TIM_GetCapture4                          0x08006d97   Thumb Code     6  stm32f4xx_tim.o(.text)
    TIM_BDTRConfig                           0x08006d9d   Thumb Code    32  stm32f4xx_tim.o(.text)
    TIM_BDTRStructInit                       0x08006dbd   Thumb Code    18  stm32f4xx_tim.o(.text)
    TIM_CtrlPWMOutputs                       0x08006dcf   Thumb Code    30  stm32f4xx_tim.o(.text)
    TIM_SelectCOM                            0x08006ded   Thumb Code    24  stm32f4xx_tim.o(.text)
    TIM_CCPreloadControl                     0x08006e05   Thumb Code    24  stm32f4xx_tim.o(.text)
    TIM_ITConfig                             0x08006e1d   Thumb Code    18  stm32f4xx_tim.o(.text)
    TIM_GenerateEvent                        0x08006e2f   Thumb Code     4  stm32f4xx_tim.o(.text)
    TIM_GetFlagStatus                        0x08006e33   Thumb Code    18  stm32f4xx_tim.o(.text)
    TIM_ClearFlag                            0x08006e45   Thumb Code     6  stm32f4xx_tim.o(.text)
    TIM_GetITStatus                          0x08006e4b   Thumb Code    34  stm32f4xx_tim.o(.text)
    TIM_ClearITPendingBit                    0x08006e6d   Thumb Code     6  stm32f4xx_tim.o(.text)
    TIM_DMAConfig                            0x08006e73   Thumb Code    10  stm32f4xx_tim.o(.text)
    TIM_DMACmd                               0x08006e7d   Thumb Code    18  stm32f4xx_tim.o(.text)
    TIM_SelectCCDMA                          0x08006e8f   Thumb Code    24  stm32f4xx_tim.o(.text)
    TIM_InternalClockConfig                  0x08006ea7   Thumb Code    12  stm32f4xx_tim.o(.text)
    TIM_SelectInputTrigger                   0x08006eb3   Thumb Code    18  stm32f4xx_tim.o(.text)
    TIM_ITRxExternalClockConfig              0x08006ec5   Thumb Code    24  stm32f4xx_tim.o(.text)
    TIM_TIxExternalClockConfig               0x08006edd   Thumb Code    62  stm32f4xx_tim.o(.text)
    TIM_ETRConfig                            0x08006f1b   Thumb Code    28  stm32f4xx_tim.o(.text)
    TIM_ETRClockMode1Config                  0x08006f37   Thumb Code    54  stm32f4xx_tim.o(.text)
    TIM_ETRClockMode2Config                  0x08006f6d   Thumb Code    32  stm32f4xx_tim.o(.text)
    TIM_SelectOutputTrigger                  0x08006f8d   Thumb Code    18  stm32f4xx_tim.o(.text)
    TIM_SelectSlaveMode                      0x08006f9f   Thumb Code    18  stm32f4xx_tim.o(.text)
    TIM_SelectMasterSlaveMode                0x08006fb1   Thumb Code    18  stm32f4xx_tim.o(.text)
    TIM_EncoderInterfaceConfig               0x08006fc3   Thumb Code    66  stm32f4xx_tim.o(.text)
    TIM_SelectHallSensor                     0x08007005   Thumb Code    24  stm32f4xx_tim.o(.text)
    TIM_RemapConfig                          0x0800701d   Thumb Code     6  stm32f4xx_tim.o(.text)
    SPI_I2S_DeInit                           0x08007025   Thumb Code   152  stm32f4xx_spi.o(.text)
    SPI_Init                                 0x080070bd   Thumb Code    60  stm32f4xx_spi.o(.text)
    I2S_Init                                 0x080070f9   Thumb Code   396  stm32f4xx_spi.o(.text)
    SPI_StructInit                           0x08007285   Thumb Code    24  stm32f4xx_spi.o(.text)
    I2S_StructInit                           0x0800729d   Thumb Code    20  stm32f4xx_spi.o(.text)
    SPI_Cmd                                  0x080072b1   Thumb Code    24  stm32f4xx_spi.o(.text)
    I2S_Cmd                                  0x080072c9   Thumb Code    24  stm32f4xx_spi.o(.text)
    SPI_DataSizeConfig                       0x080072e1   Thumb Code    18  stm32f4xx_spi.o(.text)
    SPI_BiDirectionalLineConfig              0x080072f3   Thumb Code    28  stm32f4xx_spi.o(.text)
    SPI_NSSInternalSoftwareConfig            0x0800730f   Thumb Code    30  stm32f4xx_spi.o(.text)
    SPI_SSOutputCmd                          0x0800732d   Thumb Code    24  stm32f4xx_spi.o(.text)
    SPI_TIModeCmd                            0x08007345   Thumb Code    14  stm32f4xx_spi.o(.text)
    I2S_FullDuplexConfig                     0x08007353   Thumb Code    80  stm32f4xx_spi.o(.text)
    SPI_I2S_ReceiveData                      0x080073a3   Thumb Code     6  stm32f4xx_spi.o(.text)
    SPI_I2S_SendData                         0x080073a9   Thumb Code     4  stm32f4xx_spi.o(.text)
    SPI_I2S_GetFlagStatus                    0x080073ad   Thumb Code    18  stm32f4xx_spi.o(.text)
    SPI_TransmitReceive                      0x080073bf   Thumb Code   156  stm32f4xx_spi.o(.text)
    SPI_CalculateCRC                         0x0800745b   Thumb Code    24  stm32f4xx_spi.o(.text)
    SPI_TransmitCRC                          0x08007473   Thumb Code    10  stm32f4xx_spi.o(.text)
    SPI_GetCRC                               0x0800747d   Thumb Code    16  stm32f4xx_spi.o(.text)
    SPI_GetCRCPolynomial                     0x0800748d   Thumb Code     6  stm32f4xx_spi.o(.text)
    SPI_I2S_DMACmd                           0x08007493   Thumb Code    18  stm32f4xx_spi.o(.text)
    SPI_I2S_ITConfig                         0x080074a5   Thumb Code    32  stm32f4xx_spi.o(.text)
    SPI_I2S_ClearFlag                        0x080074c5   Thumb Code     6  stm32f4xx_spi.o(.text)
    SPI_I2S_GetITStatus                      0x080074cb   Thumb Code    52  stm32f4xx_spi.o(.text)
    SPI_I2S_ClearITPendingBit                0x080074ff   Thumb Code    20  stm32f4xx_spi.o(.text)
    FLASH_SetLatency                         0x08007515   Thumb Code     6  stm32f4xx_flash.o(.text)
    FLASH_PrefetchBufferCmd                  0x0800751b   Thumb Code    30  stm32f4xx_flash.o(.text)
    FLASH_InstructionCacheCmd                0x08007539   Thumb Code    30  stm32f4xx_flash.o(.text)
    FLASH_DataCacheCmd                       0x08007557   Thumb Code    30  stm32f4xx_flash.o(.text)
    FLASH_InstructionCacheReset              0x08007575   Thumb Code    14  stm32f4xx_flash.o(.text)
    FLASH_DataCacheReset                     0x08007583   Thumb Code    14  stm32f4xx_flash.o(.text)
    FLASH_Unlock                             0x08007591   Thumb Code    26  stm32f4xx_flash.o(.text)
    FLASH_Lock                               0x080075ab   Thumb Code    18  stm32f4xx_flash.o(.text)
    FLASH_GetStatus                          0x080075bd   Thumb Code    90  stm32f4xx_flash.o(.text)
    FLASH_WaitForLastOperation               0x08007617   Thumb Code    34  stm32f4xx_flash.o(.text)
    FLASH_EraseSector                        0x08007639   Thumb Code   140  stm32f4xx_flash.o(.text)
    FLASH_EraseAllSectors                    0x080076c5   Thumb Code   118  stm32f4xx_flash.o(.text)
    FLASH_EraseAllBank1Sectors               0x0800773b   Thumb Code   112  stm32f4xx_flash.o(.text)
    FLASH_EraseAllBank2Sectors               0x080077ab   Thumb Code   112  stm32f4xx_flash.o(.text)
    FLASH_ProgramDoubleWord                  0x0800781b   Thumb Code    86  stm32f4xx_flash.o(.text)
    FLASH_ProgramWord                        0x08007871   Thumb Code    82  stm32f4xx_flash.o(.text)
    FLASH_ProgramHalfWord                    0x080078c3   Thumb Code    96  stm32f4xx_flash.o(.text)
    FLASH_ProgramByte                        0x08007923   Thumb Code    70  stm32f4xx_flash.o(.text)
    FLASH_OB_Unlock                          0x08007969   Thumb Code    26  stm32f4xx_flash.o(.text)
    FLASH_OB_Lock                            0x08007983   Thumb Code    18  stm32f4xx_flash.o(.text)
    FLASH_OB_WRPConfig                       0x08007995   Thumb Code    54  stm32f4xx_flash.o(.text)
    FLASH_OB_WRP1Config                      0x080079cb   Thumb Code    54  stm32f4xx_flash.o(.text)
    FLASH_OB_PCROPSelectionConfig            0x08007a01   Thumb Code    24  stm32f4xx_flash.o(.text)
    FLASH_OB_PCROPConfig                     0x08007a19   Thumb Code    54  stm32f4xx_flash.o(.text)
    FLASH_OB_PCROP1Config                    0x08007a4f   Thumb Code    54  stm32f4xx_flash.o(.text)
    FLASH_OB_RDPConfig                       0x08007a85   Thumb Code    24  stm32f4xx_flash.o(.text)
    FLASH_OB_UserConfig                      0x08007a9d   Thumb Code    46  stm32f4xx_flash.o(.text)
    FLASH_OB_BootConfig                      0x08007acb   Thumb Code    26  stm32f4xx_flash.o(.text)
    FLASH_OB_BORConfig                       0x08007ae5   Thumb Code    26  stm32f4xx_flash.o(.text)
    FLASH_OB_Launch                          0x08007aff   Thumb Code    30  stm32f4xx_flash.o(.text)
    FLASH_OB_GetUser                         0x08007b1d   Thumb Code    12  stm32f4xx_flash.o(.text)
    FLASH_OB_GetWRP                          0x08007b29   Thumb Code     8  stm32f4xx_flash.o(.text)
    FLASH_OB_GetWRP1                         0x08007b31   Thumb Code     8  stm32f4xx_flash.o(.text)
    FLASH_OB_GetPCROP                        0x08007b39   Thumb Code     8  stm32f4xx_flash.o(.text)
    FLASH_OB_GetPCROP1                       0x08007b41   Thumb Code     8  stm32f4xx_flash.o(.text)
    FLASH_OB_GetRDP                          0x08007b49   Thumb Code    20  stm32f4xx_flash.o(.text)
    FLASH_OB_GetBOR                          0x08007b5d   Thumb Code    12  stm32f4xx_flash.o(.text)
    FLASH_ITConfig                           0x08007b69   Thumb Code    26  stm32f4xx_flash.o(.text)
    FLASH_GetFlagStatus                      0x08007b83   Thumb Code    22  stm32f4xx_flash.o(.text)
    FLASH_ClearFlag                          0x08007b99   Thumb Code     8  stm32f4xx_flash.o(.text)
    EXTI_DeInit                              0x08007bad   Thumb Code    28  stm32f4xx_exti.o(.text)
    EXTI_Init                                0x08007bc9   Thumb Code   142  stm32f4xx_exti.o(.text)
    EXTI_StructInit                          0x08007c57   Thumb Code    16  stm32f4xx_exti.o(.text)
    EXTI_GenerateSWInterrupt                 0x08007c67   Thumb Code    16  stm32f4xx_exti.o(.text)
    EXTI_GetFlagStatus                       0x08007c77   Thumb Code    22  stm32f4xx_exti.o(.text)
    EXTI_ClearFlag                           0x08007c8d   Thumb Code     8  stm32f4xx_exti.o(.text)
    EXTI_GetITStatus                         0x08007c95   Thumb Code    22  stm32f4xx_exti.o(.text)
    EXTI_ClearITPendingBit                   0x08007cab   Thumb Code     8  stm32f4xx_exti.o(.text)
    pvPortMalloc                             0x08007d7f   Thumb Code   296  heap_4.o(.text)
    vPortFree                                0x08007ea7   Thumb Code   140  heap_4.o(.text)
    xPortGetFreeHeapSize                     0x08007f33   Thumb Code     6  heap_4.o(.text)
    xPortGetMinimumEverFreeHeapSize          0x08007f39   Thumb Code     6  heap_4.o(.text)
    vPortInitialiseBlocks                    0x08007f3f   Thumb Code     2  heap_4.o(.text)
    pxPortInitialiseStack                    0x08007f95   Thumb Code    38  port.o(.text)
    vPortSetupTimerInterrupt                 0x08007fbb   Thumb Code    36  port.o(.text)
    xPortStartScheduler                      0x08007fdf   Thumb Code   330  port.o(.text)
    vPortEndScheduler                        0x08008129   Thumb Code    42  port.o(.text)
    vPortEnterCritical                       0x08008153   Thumb Code    78  port.o(.text)
    vPortExitCritical                        0x080081a1   Thumb Code    56  port.o(.text)
    xPortSysTickHandler                      0x080081d9   Thumb Code    48  port.o(.text)
    vPortValidateInterruptPriority           0x08008209   Thumb Code   108  port.o(.text)
    xEventGroupCreate                        0x08008299   Thumb Code    26  event_groups.o(.text)
    xEventGroupSetBits                       0x080082b3   Thumb Code   206  event_groups.o(.text)
    xEventGroupSync                          0x08008381   Thumb Code   268  event_groups.o(.text)
    xEventGroupWaitBits                      0x080084ab   Thumb Code   338  event_groups.o(.text)
    xEventGroupClearBits                     0x080085fd   Thumb Code    92  event_groups.o(.text)
    xEventGroupGetBitsFromISR                0x08008659   Thumb Code    44  event_groups.o(.text)
    vEventGroupDelete                        0x08008685   Thumb Code    82  event_groups.o(.text)
    vEventGroupSetBitsCallback               0x080086d7   Thumb Code    16  event_groups.o(.text)
    vEventGroupClearBitsCallback             0x080086e7   Thumb Code    16  event_groups.o(.text)
    uxEventGroupGetNumber                    0x080086f7   Thumb Code    14  event_groups.o(.text)
    vEventGroupSetNumber                     0x08008705   Thumb Code     4  event_groups.o(.text)
    vListInitialise                          0x0800870d   Thumb Code    26  list.o(.text)
    vListInitialiseItem                      0x08008727   Thumb Code     6  list.o(.text)
    vListInsertEnd                           0x0800872d   Thumb Code    24  list.o(.text)
    vListInsert                              0x08008745   Thumb Code    52  list.o(.text)
    uxListRemove                             0x08008779   Thumb Code    40  list.o(.text)
    xQueueGenericReset                       0x080087a1   Thumb Code   146  queue.o(.text)
    xQueueGenericCreate                      0x0800885d   Thumb Code    90  queue.o(.text)
    xQueueGenericSend                        0x080089d1   Thumb Code   420  queue.o(.text)
    xQueueCreateMutex                        0x08008b93   Thumb Code    34  queue.o(.text)
    xQueueGiveMutexRecursive                 0x08008bb5   Thumb Code    78  queue.o(.text)
    xQueueSemaphoreTake                      0x08008c31   Thumb Code   434  queue.o(.text)
    xQueueTakeMutexRecursive                 0x08008de3   Thumb Code    78  queue.o(.text)
    xQueueCreateCountingSemaphore            0x08008e31   Thumb Code    92  queue.o(.text)
    xQueueGenericSendFromISR                 0x08008e8d   Thumb Code   248  queue.o(.text)
    xQueueGiveFromISR                        0x08008f85   Thumb Code   224  queue.o(.text)
    xQueueReceive                            0x0800908f   Thumb Code   362  queue.o(.text)
    xQueuePeek                               0x080091f9   Thumb Code   362  queue.o(.text)
    xQueueReceiveFromISR                     0x08009363   Thumb Code   202  queue.o(.text)
    xQueuePeekFromISR                        0x0800942d   Thumb Code   176  queue.o(.text)
    uxQueueMessagesWaiting                   0x080094dd   Thumb Code    42  queue.o(.text)
    uxQueueSpacesAvailable                   0x08009507   Thumb Code    52  queue.o(.text)
    uxQueueMessagesWaitingFromISR            0x0800953b   Thumb Code    34  queue.o(.text)
    vQueueUnregisterQueue                    0x0800955d   Thumb Code    44  queue.o(.text)
    vQueueDelete                             0x08009589   Thumb Code    44  queue.o(.text)
    uxQueueGetQueueNumber                    0x080095b5   Thumb Code     6  queue.o(.text)
    vQueueSetQueueNumber                     0x080095bb   Thumb Code     4  queue.o(.text)
    ucQueueGetQueueType                      0x080095bf   Thumb Code     8  queue.o(.text)
    xQueueIsQueueEmptyFromISR                0x080095c7   Thumb Code    42  queue.o(.text)
    xQueueIsQueueFullFromISR                 0x080095f1   Thumb Code    46  queue.o(.text)
    vQueueAddToRegistry                      0x0800961f   Thumb Code    38  queue.o(.text)
    pcQueueGetName                           0x08009645   Thumb Code    38  queue.o(.text)
    vQueueWaitForMessageRestricted           0x0800966b   Thumb Code    74  queue.o(.text)
    xTaskCreate                              0x08009869   Thumb Code    96  tasks.o(.text)
    vTaskDelete                              0x08009905   Thumb Code   202  tasks.o(.text)
    xTaskIncrementTick                       0x080099cf   Thumb Code   360  tasks.o(.text)
    xTaskResumeAll                           0x08009b37   Thumb Code   224  tasks.o(.text)
    vTaskSuspendAll                          0x08009c93   Thumb Code    12  tasks.o(.text)
    vTaskDelayUntil                          0x08009c9f   Thumb Code   200  tasks.o(.text)
    vTaskDelay                               0x08009d67   Thumb Code    82  tasks.o(.text)
    eTaskGetState                            0x08009db9   Thumb Code   128  tasks.o(.text)
    uxTaskPriorityGet                        0x08009e39   Thumb Code    30  tasks.o(.text)
    uxTaskPriorityGetFromISR                 0x08009e57   Thumb Code    62  tasks.o(.text)
    vTaskPrioritySet                         0x08009e95   Thumb Code   324  tasks.o(.text)
    vTaskSwitchContext                       0x08009fd9   Thumb Code   170  tasks.o(.text)
    vTaskSuspend                             0x0800a083   Thumb Code   210  tasks.o(.text)
    vTaskResume                              0x0800a1a5   Thumb Code   128  tasks.o(.text)
    xTaskResumeFromISR                       0x0800a225   Thumb Code   158  tasks.o(.text)
    vTaskStartScheduler                      0x0800a35d   Thumb Code   122  tasks.o(.text)
    vTaskEndScheduler                        0x0800a3d7   Thumb Code    32  tasks.o(.text)
    xTaskGetTickCount                        0x0800a3f7   Thumb Code     6  tasks.o(.text)
    xTaskGetTickCountFromISR                 0x0800a3fd   Thumb Code    16  tasks.o(.text)
    uxTaskGetNumberOfTasks                   0x0800a40d   Thumb Code     6  tasks.o(.text)
    pcTaskGetName                            0x0800a413   Thumb Code    44  tasks.o(.text)
    vTaskGetInfo                             0x0800a455   Thumb Code   126  tasks.o(.text)
    uxTaskGetSystemState                     0x0800a53d   Thumb Code   154  tasks.o(.text)
    vTaskPlaceOnEventList                    0x0800a5d7   Thumb Code    52  tasks.o(.text)
    vTaskPlaceOnUnorderedEventList           0x0800a60b   Thumb Code   100  tasks.o(.text)
    vTaskPlaceOnEventListRestricted          0x0800a66f   Thumb Code    60  tasks.o(.text)
    xTaskRemoveFromEventList                 0x0800a6ab   Thumb Code   128  tasks.o(.text)
    vTaskRemoveFromUnorderedEventList        0x0800a72b   Thumb Code   220  tasks.o(.text)
    vTaskSetTimeOutState                     0x0800a807   Thumb Code    50  tasks.o(.text)
    vTaskInternalSetTimeOutState             0x0800a839   Thumb Code    14  tasks.o(.text)
    xTaskCheckForTimeOut                     0x0800a847   Thumb Code   132  tasks.o(.text)
    vTaskMissedYield                         0x0800a8cb   Thumb Code     8  tasks.o(.text)
    uxTaskGetTaskNumber                      0x0800a8d3   Thumb Code    14  tasks.o(.text)
    vTaskSetTaskNumber                       0x0800a8e1   Thumb Code     8  tasks.o(.text)
    xTaskGetCurrentTaskHandle                0x0800a8e9   Thumb Code     6  tasks.o(.text)
    xTaskGetSchedulerState                   0x0800a8ef   Thumb Code    24  tasks.o(.text)
    xTaskPriorityInherit                     0x0800a907   Thumb Code   186  tasks.o(.text)
    xTaskPriorityDisinherit                  0x0800a9c1   Thumb Code   188  tasks.o(.text)
    vTaskPriorityDisinheritAfterTimeout      0x0800aa7d   Thumb Code   230  tasks.o(.text)
    vTaskList                                0x0800ab8d   Thumb Code   238  tasks.o(.text)
    vTaskGetRunTimeStats                     0x0800ac7b   Thumb Code   168  tasks.o(.text)
    uxTaskResetEventItemValue                0x0800ad23   Thumb Code    24  tasks.o(.text)
    pvTaskIncrementMutexHeldCount            0x0800ad3b   Thumb Code    26  tasks.o(.text)
    ulTaskNotifyTake                         0x0800ad55   Thumb Code   108  tasks.o(.text)
    xTaskNotifyWait                          0x0800adc1   Thumb Code   150  tasks.o(.text)
    xTaskGenericNotify                       0x0800ae57   Thumb Code   280  tasks.o(.text)
    xTaskGenericNotifyFromISR                0x0800af6f   Thumb Code   396  tasks.o(.text)
    vTaskNotifyGiveFromISR                   0x0800b0fb   Thumb Code   214  tasks.o(.text)
    xTaskNotifyStateClear                    0x0800b1d1   Thumb Code    48  tasks.o(.text)
    xTimerGenericCommand                     0x0800b269   Thumb Code   126  timers.o(.text)
    xTimerCreateTimerTask                    0x0800b5df   Thumb Code   118  timers.o(.text)
    xTimerCreate                             0x0800b6a3   Thumb Code    48  timers.o(.text)
    xTimerGetTimerDaemonTaskHandle           0x0800b6d3   Thumb Code    42  timers.o(.text)
    xTimerGetPeriod                          0x0800b6fd   Thumb Code    32  timers.o(.text)
    xTimerGetExpiryTime                      0x0800b71d   Thumb Code    34  timers.o(.text)
    pcTimerGetName                           0x0800b73f   Thumb Code    32  timers.o(.text)
    xTimerIsTimerActive                      0x0800b75f   Thumb Code    62  timers.o(.text)
    pvTimerGetTimerID                        0x0800b79d   Thumb Code    44  timers.o(.text)
    vTimerSetTimerID                         0x0800b7c9   Thumb Code    44  timers.o(.text)
    uxTimerGetTimerNumber                    0x0800b7f5   Thumb Code     6  timers.o(.text)
    vTimerSetTimerNumber                     0x0800b7fb   Thumb Code     4  timers.o(.text)
    __use_no_semihosting                     0x0800b805   Thumb Code     2  use_no_semi_2.o(.text)
    __2printf                                0x0800b809   Thumb Code    20  noretval__2printf.o(.text)
    __2sprintf                               0x0800b821   Thumb Code    34  noretval__2sprintf.o(.text)
    __printf                                 0x0800b849   Thumb Code   104  __printf.o(.text)
    _printf_str                              0x0800b8b1   Thumb Code    82  _printf_str.o(.text)
    _printf_int_dec                          0x0800b905   Thumb Code   104  _printf_dec.o(.text)
    strcpy                                   0x0800b97d   Thumb Code    72  strcpy.o(.text)
    strlen                                   0x0800b9c5   Thumb Code    62  strlen.o(.text)
    __aeabi_memcpy                           0x0800ba03   Thumb Code     0  rt_memcpy_v6.o(.text)
    __rt_memcpy                              0x0800ba03   Thumb Code   138  rt_memcpy_v6.o(.text)
    _memcpy_lastbytes                        0x0800ba69   Thumb Code     0  rt_memcpy_v6.o(.text)
    __aeabi_memcpy4                          0x0800ba8d   Thumb Code     0  rt_memcpy_w.o(.text)
    __aeabi_memcpy8                          0x0800ba8d   Thumb Code     0  rt_memcpy_w.o(.text)
    __rt_memcpy_w                            0x0800ba8d   Thumb Code   100  rt_memcpy_w.o(.text)
    _memcpy_lastbytes_aligned                0x0800bad5   Thumb Code     0  rt_memcpy_w.o(.text)
    __aeabi_memset                           0x0800baf1   Thumb Code    16  aeabi_memset.o(.text)
    __aeabi_memclr4                          0x0800bb01   Thumb Code     0  rt_memclr_w.o(.text)
    __aeabi_memclr8                          0x0800bb01   Thumb Code     0  rt_memclr_w.o(.text)
    __rt_memclr_w                            0x0800bb01   Thumb Code    78  rt_memclr_w.o(.text)
    _memset_w                                0x0800bb05   Thumb Code     0  rt_memclr_w.o(.text)
    __use_two_region_memory                  0x0800bb4f   Thumb Code     2  heapauxi.o(.text)
    __rt_heap_escrow$2region                 0x0800bb51   Thumb Code     2  heapauxi.o(.text)
    __rt_heap_expand$2region                 0x0800bb53   Thumb Code     2  heapauxi.o(.text)
    __I$use$semihosting                      0x0800bb55   Thumb Code     0  use_no_semi.o(.text)
    __use_no_semihosting_swi                 0x0800bb55   Thumb Code     2  use_no_semi.o(.text)
    __read_errno                             0x0800bb57   Thumb Code    10  _rserrno.o(.text)
    __set_errno                              0x0800bb61   Thumb Code    12  _rserrno.o(.text)
    _printf_int_common                       0x0800bb6d   Thumb Code   178  _printf_intcommon.o(.text)
    _printf_char_common                      0x0800bc2b   Thumb Code    32  _printf_char_common.o(.text)
    _sputc                                   0x0800bc51   Thumb Code    10  _sputc.o(.text)
    _printf_cs_common                        0x0800bc5b   Thumb Code    20  _printf_char.o(.text)
    _printf_char                             0x0800bc6f   Thumb Code    16  _printf_char.o(.text)
    _printf_string                           0x0800bc7f   Thumb Code     8  _printf_char.o(.text)
    _printf_char_file                        0x0800bc89   Thumb Code    32  _printf_char_file.o(.text)
    __aeabi_memclr                           0x0800bcad   Thumb Code     0  rt_memclr.o(.text)
    __rt_memclr                              0x0800bcad   Thumb Code    68  rt_memclr.o(.text)
    _memset                                  0x0800bcb1   Thumb Code     0  rt_memclr.o(.text)
    __aeabi_errno_addr                       0x0800bcf1   Thumb Code     8  rt_errno_addr_intlibspace.o(.text)
    __errno$intlibspace                      0x0800bcf1   Thumb Code     0  rt_errno_addr_intlibspace.o(.text)
    __rt_errno_addr$intlibspace              0x0800bcf1   Thumb Code     0  rt_errno_addr_intlibspace.o(.text)
    ferror                                   0x0800bcf9   Thumb Code     8  ferror.o(.text)
    __user_libspace                          0x0800bd01   Thumb Code     8  libspace.o(.text)
    __user_perproc_libspace                  0x0800bd01   Thumb Code     0  libspace.o(.text)
    __user_perthread_libspace                0x0800bd01   Thumb Code     0  libspace.o(.text)
    __user_setup_stackheap                   0x0800bd09   Thumb Code    74  sys_stackheap_outer.o(.text)
    exit                                     0x0800bd53   Thumb Code    18  exit.o(.text)
    __ARM_fpclassify                         0x0800bd65   Thumb Code    48  fpclassify.o(i.__ARM_fpclassify)
    __hardfp_asin                            0x0800bd99   Thumb Code   770  asin.o(i.__hardfp_asin)
    __hardfp_atan                            0x0800c0f9   Thumb Code   622  atan.o(i.__hardfp_atan)
    __hardfp_atan2                           0x0800c3d1   Thumb Code   432  atan2.o(i.__hardfp_atan2)
    __hardfp_fabs                            0x0800c5c1   Thumb Code    20  fabs.o(i.__hardfp_fabs)
    __hardfp_sqrt                            0x0800c5d5   Thumb Code   122  sqrt.o(i.__hardfp_sqrt)
    __kernel_poly                            0x0800c64f   Thumb Code   248  poly.o(i.__kernel_poly)
    __mathlib_dbl_infnan                     0x0800c747   Thumb Code    20  dunder.o(i.__mathlib_dbl_infnan)
    __mathlib_dbl_infnan2                    0x0800c75b   Thumb Code    20  dunder.o(i.__mathlib_dbl_infnan2)
    __mathlib_dbl_invalid                    0x0800c771   Thumb Code    24  dunder.o(i.__mathlib_dbl_invalid)
    __mathlib_dbl_underflow                  0x0800c791   Thumb Code    24  dunder.o(i.__mathlib_dbl_underflow)
    atan                                     0x0800c7b1   Thumb Code    16  atan.o(i.atan)
    fabs                                     0x0800c7c1   Thumb Code    24  fabs.o(i.fabs)
    sqrt                                     0x0800c7d9   Thumb Code   110  sqrt.o(i.sqrt)
    __aeabi_dneg                             0x0800c847   Thumb Code     0  basic.o(x$fpl$basic)
    _dneg                                    0x0800c847   Thumb Code     6  basic.o(x$fpl$basic)
    __aeabi_fneg                             0x0800c84d   Thumb Code     0  basic.o(x$fpl$basic)
    _fneg                                    0x0800c84d   Thumb Code     6  basic.o(x$fpl$basic)
    _dabs                                    0x0800c853   Thumb Code     6  basic.o(x$fpl$basic)
    _fabs                                    0x0800c859   Thumb Code     6  basic.o(x$fpl$basic)
    __aeabi_d2f                              0x0800c861   Thumb Code     0  d2f.o(x$fpl$d2f)
    _d2f                                     0x0800c861   Thumb Code    98  d2f.o(x$fpl$d2f)
    __aeabi_dadd                             0x0800c8c5   Thumb Code     0  daddsub_clz.o(x$fpl$dadd)
    _dadd                                    0x0800c8c5   Thumb Code   332  daddsub_clz.o(x$fpl$dadd)
    __fpl_dcmp_Inf                           0x0800ca15   Thumb Code    24  dcmpi.o(x$fpl$dcmpinf)
    __aeabi_ddiv                             0x0800ca2d   Thumb Code     0  ddiv.o(x$fpl$ddiv)
    _ddiv                                    0x0800ca2d   Thumb Code   552  ddiv.o(x$fpl$ddiv)
    __aeabi_i2d                              0x0800ccdd   Thumb Code     0  dflt_clz.o(x$fpl$dflt)
    _dflt                                    0x0800ccdd   Thumb Code    46  dflt_clz.o(x$fpl$dflt)
    __aeabi_cdcmple                          0x0800cd0d   Thumb Code     0  dleqf.o(x$fpl$dleqf)
    _dcmple                                  0x0800cd0d   Thumb Code   120  dleqf.o(x$fpl$dleqf)
    __fpl_dcmple_InfNaN                      0x0800cd6f   Thumb Code     0  dleqf.o(x$fpl$dleqf)
    __aeabi_dmul                             0x0800cd85   Thumb Code     0  dmul.o(x$fpl$dmul)
    _dmul                                    0x0800cd85   Thumb Code   332  dmul.o(x$fpl$dmul)
    __fpl_dnaninf                            0x0800ced9   Thumb Code   156  dnaninf.o(x$fpl$dnaninf)
    __fpl_dretinf                            0x0800cf75   Thumb Code    12  dretinf.o(x$fpl$dretinf)
    __aeabi_cdrcmple                         0x0800cf81   Thumb Code     0  drleqf.o(x$fpl$drleqf)
    _drcmple                                 0x0800cf81   Thumb Code   108  drleqf.o(x$fpl$drleqf)
    __aeabi_drsub                            0x0800cfed   Thumb Code     0  daddsub_clz.o(x$fpl$drsb)
    _drsb                                    0x0800cfed   Thumb Code    22  daddsub_clz.o(x$fpl$drsb)
    _dsqrt                                   0x0800d005   Thumb Code   404  dsqrt_umaal.o(x$fpl$dsqrt)
    __aeabi_dsub                             0x0800d19d   Thumb Code     0  daddsub_clz.o(x$fpl$dsub)
    _dsub                                    0x0800d19d   Thumb Code   464  daddsub_clz.o(x$fpl$dsub)
    __aeabi_f2d                              0x0800d371   Thumb Code     0  f2d.o(x$fpl$f2d)
    _f2d                                     0x0800d371   Thumb Code    86  f2d.o(x$fpl$f2d)
    __fpl_fnaninf                            0x0800d3c7   Thumb Code   140  fnaninf.o(x$fpl$fnaninf)
    _fp_init                                 0x0800d453   Thumb Code    10  fpinit.o(x$fpl$fpinit)
    __fplib_config_fpu_vfp                   0x0800d45b   Thumb Code     0  fpinit.o(x$fpl$fpinit)
    __fplib_config_pureend_doubles           0x0800d45b   Thumb Code     0  fpinit.o(x$fpl$fpinit)
    __fpl_fretinf                            0x0800d45d   Thumb Code    10  fretinf.o(x$fpl$fretinf)
    CRC8_INIT                                0x0800d466   Data           1  referee.o(.constdata)
    __I$use$fp                               0x0800d466   Number         0  usenofp.o(x$fpl$usenofp)
    CRC8_TAB                                 0x0800d467   Data         256  referee.o(.constdata)
    __mathlib_zero                           0x0800d668   Data           8  qnan.o(.constdata)
    Region$$Table$$Base                      0x0800d670   Number         0  anon$$obj.o(Region$$Table)
    Region$$Table$$Limit                     0x0800d690   Number         0  anon$$obj.o(Region$$Table)
    SystemCoreClock                          0x20000000   Data           4  system_stm32f4xx.o(.data)
    AHBPrescTable                            0x20000004   Data          16  system_stm32f4xx.o(.data)
    FreeRTOSRunTimeTicks                     0x20000014   Data           4  basicperipherals.o(.data)
    Usart1_RX_Cou                            0x20000018   Data           2  referee.o(.data)
    Usart1_RX_Flag                           0x2000001a   Data           1  referee.o(.data)
    g_Referee_flag                           0x2000001b   Data           1  referee.o(.data)
    CRC_INIT                                 0x2000001c   Data           2  referee.o(.data)
    FrictionCalistop                         0x20000020   Data           1  freertostask.o(.data)
    ImuGimbalCalistop                        0x20000021   Data           1  freertostask.o(.data)
    DbusParseTask_Handler                    0x20000024   Data           4  freertostask.o(.data)
    StartTask_Handler                        0x20000028   Data           4  freertostask.o(.data)
    FrictionCaliTask_Handler                 0x2000002c   Data           4  freertostask.o(.data)
    FrictionControlTask_Handler              0x20000030   Data           4  freertostask.o(.data)
    Can1ReceiveTask_Handler                  0x20000034   Data           4  freertostask.o(.data)
    Can2ReceiveTask_Handler                  0x20000038   Data           4  freertostask.o(.data)
    IMUReceiveTask_Handler                   0x2000003c   Data           4  freertostask.o(.data)
    BSPInitTaskTask_Handler                  0x20000040   Data           4  freertostask.o(.data)
    PIDCalculateTask_Handler                 0x20000044   Data           4  freertostask.o(.data)
    ChassisControlTask_Handler               0x20000048   Data           4  freertostask.o(.data)
    GimbalControlTask_Handler                0x2000004c   Data           4  freertostask.o(.data)
    ImuGimbalCaliTask_Handler                0x20000050   Data           4  freertostask.o(.data)
    OfflineDecetedTask_Handler               0x20000054   Data           4  freertostask.o(.data)
    DbusParseSem                             0x20000058   Data           4  freertostask.o(.data)
    ImuDataSem                               0x2000005c   Data           4  freertostask.o(.data)
    BolletFreControlEnt                      0x20000070   Data           4  freertostask.o(.data)
    CmGimbalOutputEnt                        0x20000074   Data           4  freertostask.o(.data)
    OfflineDetectedEnt                       0x20000078   Data           4  freertostask.o(.data)
    FrictionControlQueue                     0x2000007c   Data           4  freertostask.o(.data)
    Can1ReceiveQueue                         0x20000080   Data           4  freertostask.o(.data)
    Can2ReceiveQueue                         0x20000084   Data           4  freertostask.o(.data)
    GimbalDataQueue                          0x20000088   Data           4  freertostask.o(.data)
    CMDataQueue                              0x2000008c   Data           4  freertostask.o(.data)
    output                                   0x20000090   Data           8  freertostask.o(.data)
    cmspeed                                  0x20000098   Data           8  freertostask.o(.data)
    Auto_Origion                             0x200000a9   Data           6  auto_attacktask.o(.data)
    SendBuff                                 0x200000af   Data           4  auto_attacktask.o(.data)
    __stdout                                 0x200000b8   Data           4  usart.o(.data)
    exInt                                    0x200000bc   Data           4  imu.o(.data)
    eyInt                                    0x200000c0   Data           4  imu.o(.data)
    ezInt                                    0x200000c4   Data           4  imu.o(.data)
    q0                                       0x200000c8   Data           4  imu.o(.data)
    q1                                       0x200000cc   Data           4  imu.o(.data)
    q2                                       0x200000d0   Data           4  imu.o(.data)
    q3                                       0x200000d4   Data           4  imu.o(.data)
    integralFBhand                           0x200000d8   Data           4  imu.o(.data)
    handdiff                                 0x200000dc   Data           4  imu.o(.data)
    lastUpdate                               0x200000e0   Data           4  imu.o(.data)
    now                                      0x200000e4   Data           4  imu.o(.data)
    Gx_offset                                0x200000e8   Data           2  mpu6500_driver.o(.data)
    Gy_offset                                0x200000ea   Data           2  mpu6500_driver.o(.data)
    Gz_offset                                0x200000ec   Data           2  mpu6500_driver.o(.data)
    MPU6500_Lastax                           0x200000ee   Data           2  mpu6500_driver.o(.data)
    MPU6500_Lastay                           0x200000f0   Data           2  mpu6500_driver.o(.data)
    MPU6500_Lastaz                           0x200000f2   Data           2  mpu6500_driver.o(.data)
    MPU6500_Lastgx                           0x200000f4   Data           2  mpu6500_driver.o(.data)
    MPU6500_Lastgy                           0x200000f6   Data           2  mpu6500_driver.o(.data)
    MPU6500_Lastgz                           0x200000f8   Data           2  mpu6500_driver.o(.data)
    Error_Data                               0x200000fa   Data          40  mpu6500_driver.o(.data)
    pxCurrentTCB                             0x2000015c   Data           4  tasks.o(.data)
    Imu_ext                                  0x200001b4   Data          16  stm32f4xx_it.o(.bss)
    sbus_rx_buffer                           0x200001c4   Data          18  remotdbus.o(.bss)
    Referee_date1                            0x20000250   Data          64  referee.o(.bss)
    power                                    0x20000290   Data          56  referee.o(.bss)
    CM_Motor                                 0x200002dc   Data         304  freertostask.o(.bss)
    FireMotor                                0x2000040c   Data          76  freertostask.o(.bss)
    YawMotor                                 0x20000458   Data         164  freertostask.o(.bss)
    PitchMotor                               0x200004fc   Data         164  freertostask.o(.bss)
    Mpu6500Data                              0x200005a0   Data          52  freertostask.o(.bss)
    RemotData                                0x200005d4   Data          24  freertostask.o(.bss)
    control                                  0x200005ec   Data          20  freertostask.o(.bss)
    AutoData                                 0x20000600   Data          20  auto_attacktask.o(.bss)
    mainfocus_rx_buffer                      0x20000614   Data          10  auto_attacktask.o(.bss)
    imu_data                                 0x2000061e   Data          26  mpu6500_driver.o(.bss)
    imu_data_offest                          0x20000638   Data          26  mpu6500_driver.o(.bss)
    xQueueRegistry                           0x200132d8   Data          64  queue.o(.bss)
    __libspace_start                         0x20013444   Data          96  libspace.o(.bss)
    __temporary_stack_top$libspace           0x200134a4   Data           0  libspace.o(.bss)



==============================================================================

Memory Map of the image

  Image Entry point : 0x080001ad

  Load Region LR_IROM1 (Base: 0x08000000, Size: 0x0000d844, Max: 0x00200000, ABSOLUTE, COMPRESSED[0x0000d6e0])

    Execution Region ER_IROM1 (Exec base: 0x08000000, Load base: 0x08000000, Size: 0x0000d690, Max: 0x00200000, ABSOLUTE)

    Exec Addr    Load Addr    Size         Type   Attr      Idx    E Section Name        Object

    0x08000000   0x08000000   0x000001ac   Data   RO          795    RESET               startup_stm32f427_437xx.o
    0x080001ac   0x080001ac   0x00000008   Code   RO         1299  * !!!main             c_w.l(__main.o)
    0x080001b4   0x080001b4   0x00000034   Code   RO         1600    !!!scatter          c_w.l(__scatter.o)
    0x080001e8   0x080001e8   0x0000003a   Code   RO         1598    !!dczerorl          c_w.l(__dczerorl.o)
    0x08000222   0x08000222   0x00000002   PAD
    0x08000224   0x08000224   0x0000001c   Code   RO         1602    !!handler_zi        c_w.l(__scatter_zi.o)
    0x08000240   0x08000240   0x00000000   Code   RO         1282    .ARM.Collect$$_printf_percent$$00000000  c_w.l(_printf_percent.o)
    0x08000240   0x08000240   0x00000006   Code   RO         1281    .ARM.Collect$$_printf_percent$$0000000A  c_w.l(_printf_u.o)
    0x08000246   0x08000246   0x00000006   Code   RO         1280    .ARM.Collect$$_printf_percent$$00000013  c_w.l(_printf_c.o)
    0x0800024c   0x0800024c   0x00000004   Code   RO         1386    .ARM.Collect$$_printf_percent$$00000017  c_w.l(_printf_percent_end.o)
    0x08000250   0x08000250   0x00000002   Code   RO         1475    .ARM.Collect$$libinit$$00000000  c_w.l(libinit.o)
    0x08000252   0x08000252   0x00000004   Code   RO         1478    .ARM.Collect$$libinit$$00000001  c_w.l(libinit2.o)
    0x08000256   0x08000256   0x00000000   Code   RO         1481    .ARM.Collect$$libinit$$00000004  c_w.l(libinit2.o)
    0x08000256   0x08000256   0x00000000   Code   RO         1484    .ARM.Collect$$libinit$$0000000A  c_w.l(libinit2.o)
    0x08000256   0x08000256   0x00000000   Code   RO         1486    .ARM.Collect$$libinit$$0000000C  c_w.l(libinit2.o)
    0x08000256   0x08000256   0x00000000   Code   RO         1488    .ARM.Collect$$libinit$$0000000E  c_w.l(libinit2.o)
    0x08000256   0x08000256   0x00000000   Code   RO         1491    .ARM.Collect$$libinit$$00000011  c_w.l(libinit2.o)
    0x08000256   0x08000256   0x00000000   Code   RO         1493    .ARM.Collect$$libinit$$00000013  c_w.l(libinit2.o)
    0x08000256   0x08000256   0x00000000   Code   RO         1495    .ARM.Collect$$libinit$$00000015  c_w.l(libinit2.o)
    0x08000256   0x08000256   0x00000000   Code   RO         1497    .ARM.Collect$$libinit$$00000017  c_w.l(libinit2.o)
    0x08000256   0x08000256   0x00000000   Code   RO         1499    .ARM.Collect$$libinit$$00000019  c_w.l(libinit2.o)
    0x08000256   0x08000256   0x00000000   Code   RO         1501    .ARM.Collect$$libinit$$0000001B  c_w.l(libinit2.o)
    0x08000256   0x08000256   0x00000000   Code   RO         1503    .ARM.Collect$$libinit$$0000001D  c_w.l(libinit2.o)
    0x08000256   0x08000256   0x00000000   Code   RO         1505    .ARM.Collect$$libinit$$0000001F  c_w.l(libinit2.o)
    0x08000256   0x08000256   0x00000000   Code   RO         1507    .ARM.Collect$$libinit$$00000021  c_w.l(libinit2.o)
    0x08000256   0x08000256   0x00000000   Code   RO         1509    .ARM.Collect$$libinit$$00000023  c_w.l(libinit2.o)
    0x08000256   0x08000256   0x00000000   Code   RO         1511    .ARM.Collect$$libinit$$00000025  c_w.l(libinit2.o)
    0x08000256   0x08000256   0x00000000   Code   RO         1515    .ARM.Collect$$libinit$$0000002C  c_w.l(libinit2.o)
    0x08000256   0x08000256   0x00000000   Code   RO         1517    .ARM.Collect$$libinit$$0000002E  c_w.l(libinit2.o)
    0x08000256   0x08000256   0x00000000   Code   RO         1519    .ARM.Collect$$libinit$$00000030  c_w.l(libinit2.o)
    0x08000256   0x08000256   0x00000000   Code   RO         1521    .ARM.Collect$$libinit$$00000032  c_w.l(libinit2.o)
    0x08000256   0x08000256   0x00000002   Code   RO         1522    .ARM.Collect$$libinit$$00000033  c_w.l(libinit2.o)
    0x08000258   0x08000258   0x00000002   Code   RO         1540    .ARM.Collect$$libshutdown$$00000000  c_w.l(libshutdown.o)
    0x0800025a   0x0800025a   0x00000000   Code   RO         1550    .ARM.Collect$$libshutdown$$00000002  c_w.l(libshutdown2.o)
    0x0800025a   0x0800025a   0x00000000   Code   RO         1552    .ARM.Collect$$libshutdown$$00000004  c_w.l(libshutdown2.o)
    0x0800025a   0x0800025a   0x00000000   Code   RO         1555    .ARM.Collect$$libshutdown$$00000007  c_w.l(libshutdown2.o)
    0x0800025a   0x0800025a   0x00000000   Code   RO         1558    .ARM.Collect$$libshutdown$$0000000A  c_w.l(libshutdown2.o)
    0x0800025a   0x0800025a   0x00000000   Code   RO         1560    .ARM.Collect$$libshutdown$$0000000C  c_w.l(libshutdown2.o)
    0x0800025a   0x0800025a   0x00000000   Code   RO         1563    .ARM.Collect$$libshutdown$$0000000F  c_w.l(libshutdown2.o)
    0x0800025a   0x0800025a   0x00000002   Code   RO         1564    .ARM.Collect$$libshutdown$$00000010  c_w.l(libshutdown2.o)
    0x0800025c   0x0800025c   0x00000000   Code   RO         1373    .ARM.Collect$$rtentry$$00000000  c_w.l(__rtentry.o)
    0x0800025c   0x0800025c   0x00000000   Code   RO         1436    .ARM.Collect$$rtentry$$00000002  c_w.l(__rtentry2.o)
    0x0800025c   0x0800025c   0x00000006   Code   RO         1448    .ARM.Collect$$rtentry$$00000004  c_w.l(__rtentry4.o)
    0x08000262   0x08000262   0x00000000   Code   RO         1438    .ARM.Collect$$rtentry$$00000009  c_w.l(__rtentry2.o)
    0x08000262   0x08000262   0x00000004   Code   RO         1439    .ARM.Collect$$rtentry$$0000000A  c_w.l(__rtentry2.o)
    0x08000266   0x08000266   0x00000000   Code   RO         1441    .ARM.Collect$$rtentry$$0000000C  c_w.l(__rtentry2.o)
    0x08000266   0x08000266   0x00000008   Code   RO         1442    .ARM.Collect$$rtentry$$0000000D  c_w.l(__rtentry2.o)
    0x0800026e   0x0800026e   0x00000002   Code   RO         1476    .ARM.Collect$$rtexit$$00000000  c_w.l(rtexit.o)
    0x08000270   0x08000270   0x00000000   Code   RO         1524    .ARM.Collect$$rtexit$$00000002  c_w.l(rtexit2.o)
    0x08000270   0x08000270   0x00000004   Code   RO         1525    .ARM.Collect$$rtexit$$00000003  c_w.l(rtexit2.o)
    0x08000274   0x08000274   0x00000006   Code   RO         1526    .ARM.Collect$$rtexit$$00000004  c_w.l(rtexit2.o)
    0x0800027a   0x0800027a   0x00000002   PAD
    0x0800027c   0x0800027c   0x000000be   Code   RO         1078    .emb_text           port.o
    0x0800033a   0x0800033a   0x00000016   Code   RO            3    .text               main.o
    0x08000350   0x08000350   0x00000238   Code   RO          209    .text               stm32f4xx_it.o
    0x08000588   0x08000588   0x00000244   Code   RO          288    .text               system_stm32f4xx.o
    0x080007cc   0x080007cc   0x00000208   Code   RO          314    .text               pid_modify.o
    0x080009d4   0x080009d4   0x00000388   Code   RO          345    .text               basicperipherals.o
    0x08000d5c   0x08000d5c   0x00000138   Code   RO          371    .text               remotdbus.o
    0x08000e94   0x08000e94   0x000000c4   Code   RO          397    .text               frictionmoterpwm.o
    0x08000f58   0x08000f58   0x000002c4   Code   RO          420    .text               motorcan.o
    0x0800121c   0x0800121c   0x00000160   Code   RO          440    .text               stmflash.o
    0x0800137c   0x0800137c   0x00000160   Code   RO          463    .text               mainfocus_usart.o
    0x080014dc   0x080014dc   0x00000488   Code   RO          490    .text               referee.o
    0x08001964   0x08001964   0x0000166c   Code   RO          521    .text               freertostask.o
    0x08002fd0   0x08002fd0   0x00000104   Code   RO          578    .text               auto_attacktask.o
    0x080030d4   0x080030d4   0x000000ec   Code   RO          617    .text               delay.o
    0x080031c0   0x080031c0   0x000000a8   Code   RO          657    .text               usart.o
    0x08003268   0x08003268   0x00000a7c   Code   RO          690    .text               imu.o
    0x08003ce4   0x08003ce4   0x0000089c   Code   RO          737    .text               mpu6500_driver.o
    0x08004580   0x08004580   0x0000016c   Code   RO          775    .text               spi.o
    0x080046ec   0x080046ec   0x00000040   Code   RO          796    .text               startup_stm32f427_437xx.o
    0x0800472c   0x0800472c   0x000000e0   Code   RO          802    .text               misc.o
    0x0800480c   0x0800480c   0x00000294   Code   RO          822    .text               stm32f4xx_gpio.o
    0x08004aa0   0x08004aa0   0x00000660   Code   RO          842    .text               stm32f4xx_rcc.o
    0x08005100   0x08005100   0x00000094   Code   RO          864    .text               stm32f4xx_syscfg.o
    0x08005194   0x08005194   0x00000454   Code   RO          884    .text               stm32f4xx_usart.o
    0x080055e8   0x080055e8   0x000009f0   Code   RO          904    .text               stm32f4xx_can.o
    0x08005fd8   0x08005fd8   0x000003a8   Code   RO          924    .text               stm32f4xx_dma.o
    0x08006380   0x08006380   0x00000ca2   Code   RO          944    .text               stm32f4xx_tim.o
    0x08007022   0x08007022   0x00000002   PAD
    0x08007024   0x08007024   0x000004ee   Code   RO          964    .text               stm32f4xx_spi.o
    0x08007512   0x08007512   0x00000002   PAD
    0x08007514   0x08007514   0x00000698   Code   RO          984    .text               stm32f4xx_flash.o
    0x08007bac   0x08007bac   0x00000110   Code   RO         1024    .text               stm32f4xx_exti.o
    0x08007cbc   0x08007cbc   0x0000029c   Code   RO         1042    .text               heap_4.o
    0x08007f58   0x08007f58   0x00000340   Code   RO         1079    .text               port.o
    0x08008298   0x08008298   0x00000474   Code   RO         1117    .text               event_groups.o
    0x0800870c   0x0800870c   0x00000094   Code   RO         1144    .text               list.o
    0x080087a0   0x080087a0   0x00000f18   Code   RO         1159    .text               queue.o
    0x080096b8   0x080096b8   0x00001b60   Code   RO         1198    .text               tasks.o
    0x0800b218   0x0800b218   0x000005ec   Code   RO         1224    .text               timers.o
    0x0800b804   0x0800b804   0x00000002   Code   RO         1244    .text               c_w.l(use_no_semi_2.o)
    0x0800b806   0x0800b806   0x00000002   PAD
    0x0800b808   0x0800b808   0x00000018   Code   RO         1250    .text               c_w.l(noretval__2printf.o)
    0x0800b820   0x0800b820   0x00000028   Code   RO         1252    .text               c_w.l(noretval__2sprintf.o)
    0x0800b848   0x0800b848   0x00000068   Code   RO         1254    .text               c_w.l(__printf.o)
    0x0800b8b0   0x0800b8b0   0x00000052   Code   RO         1256    .text               c_w.l(_printf_str.o)
    0x0800b902   0x0800b902   0x00000002   PAD
    0x0800b904   0x0800b904   0x00000078   Code   RO         1258    .text               c_w.l(_printf_dec.o)
    0x0800b97c   0x0800b97c   0x00000048   Code   RO         1283    .text               c_w.l(strcpy.o)
    0x0800b9c4   0x0800b9c4   0x0000003e   Code   RO         1285    .text               c_w.l(strlen.o)
    0x0800ba02   0x0800ba02   0x0000008a   Code   RO         1287    .text               c_w.l(rt_memcpy_v6.o)
    0x0800ba8c   0x0800ba8c   0x00000064   Code   RO         1289    .text               c_w.l(rt_memcpy_w.o)
    0x0800baf0   0x0800baf0   0x00000010   Code   RO         1293    .text               c_w.l(aeabi_memset.o)
    0x0800bb00   0x0800bb00   0x0000004e   Code   RO         1295    .text               c_w.l(rt_memclr_w.o)
    0x0800bb4e   0x0800bb4e   0x00000006   Code   RO         1297    .text               c_w.l(heapauxi.o)
    0x0800bb54   0x0800bb54   0x00000002   Code   RO         1371    .text               c_w.l(use_no_semi.o)
    0x0800bb56   0x0800bb56   0x00000016   Code   RO         1374    .text               c_w.l(_rserrno.o)
    0x0800bb6c   0x0800bb6c   0x000000b2   Code   RO         1376    .text               c_w.l(_printf_intcommon.o)
    0x0800bc1e   0x0800bc1e   0x00000002   PAD
    0x0800bc20   0x0800bc20   0x00000030   Code   RO         1378    .text               c_w.l(_printf_char_common.o)
    0x0800bc50   0x0800bc50   0x0000000a   Code   RO         1380    .text               c_w.l(_sputc.o)
    0x0800bc5a   0x0800bc5a   0x0000002c   Code   RO         1382    .text               c_w.l(_printf_char.o)
    0x0800bc86   0x0800bc86   0x00000002   PAD
    0x0800bc88   0x0800bc88   0x00000024   Code   RO         1384    .text               c_w.l(_printf_char_file.o)
    0x0800bcac   0x0800bcac   0x00000044   Code   RO         1387    .text               c_w.l(rt_memclr.o)
    0x0800bcf0   0x0800bcf0   0x00000008   Code   RO         1453    .text               c_w.l(rt_errno_addr_intlibspace.o)
    0x0800bcf8   0x0800bcf8   0x00000008   Code   RO         1457    .text               c_w.l(ferror.o)
    0x0800bd00   0x0800bd00   0x00000008   Code   RO         1463    .text               c_w.l(libspace.o)
    0x0800bd08   0x0800bd08   0x0000004a   Code   RO         1466    .text               c_w.l(sys_stackheap_outer.o)
    0x0800bd52   0x0800bd52   0x00000012   Code   RO         1468    .text               c_w.l(exit.o)
    0x0800bd64   0x0800bd64   0x00000030   Code   RO         1430    i.__ARM_fpclassify  m_wm.l(fpclassify.o)
    0x0800bd94   0x0800bd94   0x00000004   PAD
    0x0800bd98   0x0800bd98   0x00000360   Code   RO         1327    i.__hardfp_asin     m_wm.l(asin.o)
    0x0800c0f8   0x0800c0f8   0x000002d8   Code   RO         1402    i.__hardfp_atan     m_wm.l(atan.o)
    0x0800c3d0   0x0800c3d0   0x000001f0   Code   RO         1341    i.__hardfp_atan2    m_wm.l(atan2.o)
    0x0800c5c0   0x0800c5c0   0x00000014   Code   RO         1353    i.__hardfp_fabs     m_wm.l(fabs.o)
    0x0800c5d4   0x0800c5d4   0x0000007a   Code   RO         1359    i.__hardfp_sqrt     m_wm.l(sqrt.o)
    0x0800c64e   0x0800c64e   0x000000f8   Code   RO         1432    i.__kernel_poly     m_wm.l(poly.o)
    0x0800c746   0x0800c746   0x00000014   Code   RO         1417    i.__mathlib_dbl_infnan  m_wm.l(dunder.o)
    0x0800c75a   0x0800c75a   0x00000014   Code   RO         1418    i.__mathlib_dbl_infnan2  m_wm.l(dunder.o)
    0x0800c76e   0x0800c76e   0x00000002   PAD
    0x0800c770   0x0800c770   0x00000020   Code   RO         1419    i.__mathlib_dbl_invalid  m_wm.l(dunder.o)
    0x0800c790   0x0800c790   0x00000020   Code   RO         1422    i.__mathlib_dbl_underflow  m_wm.l(dunder.o)
    0x0800c7b0   0x0800c7b0   0x00000010   Code   RO         1404    i.atan              m_wm.l(atan.o)
    0x0800c7c0   0x0800c7c0   0x00000018   Code   RO         1355    i.fabs              m_wm.l(fabs.o)
    0x0800c7d8   0x0800c7d8   0x0000006e   Code   RO         1361    i.sqrt              m_wm.l(sqrt.o)
    0x0800c846   0x0800c846   0x00000018   Code   RO         1301    x$fpl$basic         fz_wm.l(basic.o)
    0x0800c85e   0x0800c85e   0x00000002   PAD
    0x0800c860   0x0800c860   0x00000062   Code   RO         1303    x$fpl$d2f           fz_wm.l(d2f.o)
    0x0800c8c2   0x0800c8c2   0x00000002   PAD
    0x0800c8c4   0x0800c8c4   0x00000150   Code   RO         1305    x$fpl$dadd          fz_wm.l(daddsub_clz.o)
    0x0800ca14   0x0800ca14   0x00000018   Code   RO         1461    x$fpl$dcmpinf       fz_wm.l(dcmpi.o)
    0x0800ca2c   0x0800ca2c   0x000002b0   Code   RO         1312    x$fpl$ddiv          fz_wm.l(ddiv.o)
    0x0800ccdc   0x0800ccdc   0x0000002e   Code   RO         1316    x$fpl$dflt          fz_wm.l(dflt_clz.o)
    0x0800cd0a   0x0800cd0a   0x00000002   PAD
    0x0800cd0c   0x0800cd0c   0x00000078   Code   RO         1389    x$fpl$dleqf         fz_wm.l(dleqf.o)
    0x0800cd84   0x0800cd84   0x00000154   Code   RO         1321    x$fpl$dmul          fz_wm.l(dmul.o)
    0x0800ced8   0x0800ced8   0x0000009c   Code   RO         1391    x$fpl$dnaninf       fz_wm.l(dnaninf.o)
    0x0800cf74   0x0800cf74   0x0000000c   Code   RO         1393    x$fpl$dretinf       fz_wm.l(dretinf.o)
    0x0800cf80   0x0800cf80   0x0000006c   Code   RO         1323    x$fpl$drleqf        fz_wm.l(drleqf.o)
    0x0800cfec   0x0800cfec   0x00000016   Code   RO         1306    x$fpl$drsb          fz_wm.l(daddsub_clz.o)
    0x0800d002   0x0800d002   0x00000002   PAD
    0x0800d004   0x0800d004   0x00000198   Code   RO         1395    x$fpl$dsqrt         fz_wm.l(dsqrt_umaal.o)
    0x0800d19c   0x0800d19c   0x000001d4   Code   RO         1307    x$fpl$dsub          fz_wm.l(daddsub_clz.o)
    0x0800d370   0x0800d370   0x00000056   Code   RO         1325    x$fpl$f2d           fz_wm.l(f2d.o)
    0x0800d3c6   0x0800d3c6   0x0000008c   Code   RO         1397    x$fpl$fnaninf       fz_wm.l(fnaninf.o)
    0x0800d452   0x0800d452   0x0000000a   Code   RO         1532    x$fpl$fpinit        fz_wm.l(fpinit.o)
    0x0800d45c   0x0800d45c   0x0000000a   Code   RO         1399    x$fpl$fretinf       fz_wm.l(fretinf.o)
    0x0800d466   0x0800d466   0x00000000   Code   RO         1401    x$fpl$usenofp       fz_wm.l(usenofp.o)
    0x0800d466   0x0800d466   0x00000101   Data   RO          492    .constdata          referee.o
    0x0800d567   0x0800d567   0x00000001   PAD
    0x0800d568   0x0800d568   0x00000014   Data   RO          739    .constdata          mpu6500_driver.o
    0x0800d57c   0x0800d57c   0x00000004   PAD
    0x0800d580   0x0800d580   0x00000050   Data   RO         1330    .constdata          m_wm.l(asin.o)
    0x0800d5d0   0x0800d5d0   0x00000098   Data   RO         1405    .constdata          m_wm.l(atan.o)
    0x0800d668   0x0800d668   0x00000008   Data   RO         1434    .constdata          m_wm.l(qnan.o)
    0x0800d670   0x0800d670   0x00000020   Data   RO         1596    Region$$Table       anon$$obj.o


    Execution Region RW_IRAM1 (Exec base: 0x20000000, Load base: 0x0800d690, Size: 0x00013aa8, Max: 0x00030000, ABSOLUTE, COMPRESSED[0x00000050])

    Exec Addr    Load Addr    Size         Type   Attr      Idx    E Section Name        Object

    0x20000000   COMPRESSED   0x00000014   Data   RW          289    .data               system_stm32f4xx.o
    0x20000014   COMPRESSED   0x00000004   Data   RW          346    .data               basicperipherals.o
    0x20000018   COMPRESSED   0x00000007   Data   RW          493    .data               referee.o
    0x2000001f   COMPRESSED   0x00000001   PAD
    0x20000020   COMPRESSED   0x00000089   Data   RW          523    .data               freertostask.o
    0x200000a9   COMPRESSED   0x0000000b   Data   RW          580    .data               auto_attacktask.o
    0x200000b4   COMPRESSED   0x00000004   Data   RW          618    .data               delay.o
    0x200000b8   COMPRESSED   0x00000004   Data   RW          658    .data               usart.o
    0x200000bc   COMPRESSED   0x0000002c   Data   RW          691    .data               imu.o
    0x200000e8   COMPRESSED   0x0000003f   Data   RW          740    .data               mpu6500_driver.o
    0x20000127   COMPRESSED   0x00000010   Data   RW          843    .data               stm32f4xx_rcc.o
    0x20000137   COMPRESSED   0x00000001   PAD
    0x20000138   COMPRESSED   0x00000018   Data   RW         1044    .data               heap_4.o
    0x20000150   COMPRESSED   0x0000000c   Data   RW         1080    .data               port.o
    0x2000015c   COMPRESSED   0x00000044   Data   RW         1200    .data               tasks.o
    0x200001a0   COMPRESSED   0x00000014   Data   RW         1226    .data               timers.o
    0x200001b4        -       0x00000010   Zero   RW          210    .bss                stm32f4xx_it.o
    0x200001c4        -       0x00000012   Zero   RW          372    .bss                remotdbus.o
    0x200001d6   COMPRESSED   0x00000002   PAD
    0x200001d8        -       0x00000104   Zero   RW          491    .bss                referee.o
    0x200002dc        -       0x00000324   Zero   RW          522    .bss                freertostask.o
    0x20000600        -       0x0000001e   Zero   RW          579    .bss                auto_attacktask.o
    0x2000061e        -       0x000000b8   Zero   RW          738    .bss                mpu6500_driver.o
    0x200006d6        -       0x00012c00   Zero   RW         1043    .bss                heap_4.o
    0x200132d6   COMPRESSED   0x00000002   PAD
    0x200132d8        -       0x00000040   Zero   RW         1160    .bss                queue.o
    0x20013318        -       0x00000104   Zero   RW         1199    .bss                tasks.o
    0x2001341c        -       0x00000028   Zero   RW         1225    .bss                timers.o
    0x20013444        -       0x00000060   Zero   RW         1464    .bss                c_w.l(libspace.o)
    0x200134a4   COMPRESSED   0x00000004   PAD
    0x200134a8        -       0x00000200   Zero   RW          794    HEAP                startup_stm32f427_437xx.o
    0x200136a8        -       0x00000400   Zero   RW          793    STACK               startup_stm32f427_437xx.o


==============================================================================

Image component sizes


      Code (inc. data)   RO Data    RW Data    ZI Data      Debug   Object Name

       260         28          0         11         30       2530   auto_attacktask.o
       904         32          0          4          0       2807   basicperipherals.o
       236          8          0          4          0       1673   delay.o
      1140          4          0          0          0      15555   event_groups.o
      5740        736          0        137        804      11023   freertostask.o
       196         10          0          0          0        716   frictionmoterpwm.o
       668         24          0         24      76800      13156   heap_4.o
      2684        108          0         44          0       4068   imu.o
       148          0          0          0          0       1954   list.o
        22          0          0          0          0     346021   main.o
       352         18          0          0          0       1315   mainfocus_usart.o
       224         20          0          0          0       1821   misc.o
       708         16          0          0          0       1935   motorcan.o
      2204        100         20         63        184       7915   mpu6500_driver.o
       520         14          0          0          0       3383   pid_modify.o
      1022         52          0         12          0       8903   port.o
      3864         20          0          0         64      21232   queue.o
      1160         56        257          7        260       5678   referee.o
       312         22          0          0         18       1314   remotdbus.o
       364          8          0          0          0       1438   spi.o
        64         26        428          0       1536        840   startup_stm32f427_437xx.o
      2544         38          0          0          0       8148   stm32f4xx_can.o
       936         32          0          0          0       6397   stm32f4xx_dma.o
       272         10          0          0          0       2291   stm32f4xx_exti.o
      1688         24          0          0          0       9422   stm32f4xx_flash.o
       660         44          0          0          0       4161   stm32f4xx_gpio.o
       568         64          0          0         16     245930   stm32f4xx_it.o
      1632         54          0         16          0      13096   stm32f4xx_rcc.o
      1262         38          0          0          0       7413   stm32f4xx_spi.o
       148         12          0          0          0       1845   stm32f4xx_syscfg.o
      3234         60          0          0          0      23020   stm32f4xx_tim.o
      1108         34          0          0          0       7888   stm32f4xx_usart.o
       352         48          0          0          0       2460   stmflash.o
       580         46          0         20          0       1811   system_stm32f4xx.o
      7008        416          0         68        260      31458   tasks.o
      1516         68          0         20         40      11746   timers.o
       168         10          0          4          0       3014   usart.o

    ----------------------------------------------------------------------
     46472       2300        742        436      80016     835377   Object Totals
         0          0         32          0          0          0   (incl. Generated)
         4          0          5          2          4          0   (incl. Padding)

    ----------------------------------------------------------------------

      Code (inc. data)   RO Data    RW Data    ZI Data      Debug   Library Member Name

        58          0          0          0          0          0   __dczerorl.o
         8          0          0          0          0         68   __main.o
       104          0          0          0          0         84   __printf.o
         0          0          0          0          0          0   __rtentry.o
        12          0          0          0          0          0   __rtentry2.o
         6          0          0          0          0          0   __rtentry4.o
        52          8          0          0          0          0   __scatter.o
        28          0          0          0          0          0   __scatter_zi.o
         6          0          0          0          0          0   _printf_c.o
        44          0          0          0          0        108   _printf_char.o
        48          6          0          0          0         96   _printf_char_common.o
        36          4          0          0          0         80   _printf_char_file.o
       120         16          0          0          0         92   _printf_dec.o
       178          0          0          0          0         88   _printf_intcommon.o
         0          0          0          0          0          0   _printf_percent.o
         4          0          0          0          0          0   _printf_percent_end.o
        82          0          0          0          0         80   _printf_str.o
         6          0          0          0          0          0   _printf_u.o
        22          0          0          0          0        100   _rserrno.o
        10          0          0          0          0         68   _sputc.o
        16          0          0          0          0         68   aeabi_memset.o
        18          0          0          0          0         80   exit.o
         8          0          0          0          0         68   ferror.o
         6          0          0          0          0        152   heapauxi.o
         2          0          0          0          0          0   libinit.o
         6          0          0          0          0          0   libinit2.o
         2          0          0          0          0          0   libshutdown.o
         2          0          0          0          0          0   libshutdown2.o
         8          4          0          0         96         68   libspace.o
        24          4          0          0          0         84   noretval__2printf.o
        40          6          0          0          0         84   noretval__2sprintf.o
         8          4          0          0          0         68   rt_errno_addr_intlibspace.o
        68          0          0          0          0         68   rt_memclr.o
        78          0          0          0          0         80   rt_memclr_w.o
       138          0          0          0          0         68   rt_memcpy_v6.o
       100          0          0          0          0         80   rt_memcpy_w.o
         2          0          0          0          0          0   rtexit.o
        10          0          0          0          0          0   rtexit2.o
        72          0          0          0          0         80   strcpy.o
        62          0          0          0          0         76   strlen.o
        74          0          0          0          0         80   sys_stackheap_outer.o
         2          0          0          0          0         68   use_no_semi.o
         2          0          0          0          0         68   use_no_semi_2.o
        24          0          0          0          0        164   basic.o
        98          4          0          0          0        140   d2f.o
       826         16          0          0          0        492   daddsub_clz.o
        24          0          0          0          0        116   dcmpi.o
       688        140          0          0          0        256   ddiv.o
        46          0          0          0          0        116   dflt_clz.o
       120          4          0          0          0        140   dleqf.o
       340         12          0          0          0        152   dmul.o
       156          4          0          0          0        140   dnaninf.o
        12          0          0          0          0        116   dretinf.o
       108          0          0          0          0        128   drleqf.o
       408         56          0          0          0        168   dsqrt_umaal.o
        86          4          0          0          0        132   f2d.o
       140          4          0          0          0        132   fnaninf.o
        10          0          0          0          0        116   fpinit.o
        10          0          0          0          0        116   fretinf.o
         0          0          0          0          0          0   usenofp.o
       864         94         80          0          0        280   asin.o
       744        106        152          0          0        352   atan.o
       496         64          0          0          0        192   atan2.o
       104         16          0          0          0        496   dunder.o
        44          0          0          0          0        248   fabs.o
        48          0          0          0          0        124   fpclassify.o
       248          0          0          0          0        152   poly.o
         0          0          8          0          0          0   qnan.o
       232          0          0          0          0        296   sqrt.o

    ----------------------------------------------------------------------
      7474        576        240          0        100       6968   Library Totals
        26          0          0          0          4          0   (incl. Padding)

    ----------------------------------------------------------------------

      Code (inc. data)   RO Data    RW Data    ZI Data      Debug   Library Name

      1572         52          0          0         96       2204   c_w.l
      3096        244          0          0          0       2624   fz_wm.l
      2780        280        240          0          0       2140   m_wm.l

    ----------------------------------------------------------------------
      7474        576        240          0        100       6968   Library Totals

    ----------------------------------------------------------------------

==============================================================================


      Code (inc. data)   RO Data    RW Data    ZI Data      Debug   

     53946       2876        982        436      80116     829049   Grand Totals
     53946       2876        982         80      80116     829049   ELF Image Totals (compressed)
     53946       2876        982         80          0          0   ROM Totals

==============================================================================

    Total RO  Size (Code + RO Data)                54928 (  53.64kB)
    Total RW  Size (RW Data + ZI Data)             80552 (  78.66kB)
    Total ROM Size (Code + RO Data + RW Data)      55008 (  53.72kB)

==============================================================================

