Component: ARM Compiler 5.06 update 4 (build 422) Tool: armlink [4d35d2]

==============================================================================

Section Cross References

    main.o(.text) refers to misc.o(.text) for NVIC_PriorityGroupConfig
    main.o(.text) refers to delay.o(.text) for delay_init
    main.o(.text) refers to freertostask.o(.text) for FreeRTOS_init
    stm32f4xx_it.o(.text) refers to stm32f4xx_exti.o(.text) for EXTI_GetITStatus
    stm32f4xx_it.o(.text) refers to queue.o(.text) for xQueueGiveFromISR
    stm32f4xx_it.o(.text) refers to stm32f4xx_dma.o(.text) for DMA_GetFlagStatus
    stm32f4xx_it.o(.text) refers to stm32f4xx_usart.o(.text) for USART_GetITStatus
    stm32f4xx_it.o(.text) refers to remotdbus.o(.text) for SBUS_TO_RC
    stm32f4xx_it.o(.text) refers to stm32f4xx_can.o(.text) for CAN_GetITStatus
    stm32f4xx_it.o(.text) refers to dflt_clz.o(x$fpl$dflt) for __aeabi_i2d
    stm32f4xx_it.o(.text) refers to dmul.o(x$fpl$dmul) for __aeabi_dmul
    stm32f4xx_it.o(.text) refers to f2d.o(x$fpl$f2d) for __aeabi_f2d
    stm32f4xx_it.o(.text) refers to daddsub_clz.o(x$fpl$dsub) for __aeabi_dsub
    stm32f4xx_it.o(.text) refers to d2f.o(x$fpl$d2f) for __aeabi_d2f
    stm32f4xx_it.o(.text) refers to stm32f4xx_tim.o(.text) for TIM_GetITStatus
    stm32f4xx_it.o(.text) refers to auto_attacktask.o(.text) for receiveMainFocusData
    stm32f4xx_it.o(.text) refers to freertostask.o(.data) for ImuDataSem
    stm32f4xx_it.o(.text) refers to stm32f4xx_it.o(.data) for this_time_rx_len
    stm32f4xx_it.o(.text) refers to remotdbus.o(.bss) for rc_ctrl
    stm32f4xx_it.o(.text) refers to stm32f4xx_it.o(.bss) for Imu_ext
    system_stm32f4xx.o(.text) refers to system_stm32f4xx.o(.data) for SystemCoreClock
    basicperipherals.o(.text) refers to stm32f4xx_rcc.o(.text) for RCC_AHB1PeriphClockCmd
    basicperipherals.o(.text) refers to stm32f4xx_gpio.o(.text) for GPIO_Init
    basicperipherals.o(.text) refers to stm32f4xx_tim.o(.text) for TIM_TimeBaseInit
    basicperipherals.o(.text) refers to stm32f4xx_syscfg.o(.text) for SYSCFG_EXTILineConfig
    basicperipherals.o(.text) refers to stm32f4xx_exti.o(.text) for EXTI_Init
    basicperipherals.o(.text) refers to misc.o(.text) for NVIC_Init
    basicperipherals.o(.text) refers to tasks.o(.text) for vTaskDelay
    basicperipherals.o(.text) refers to basicperipherals.o(.data) for FreeRTOSRunTimeTicks
    remotdbus.o(.text) refers to stm32f4xx_rcc.o(.text) for RCC_AHB1PeriphClockCmd
    remotdbus.o(.text) refers to stm32f4xx_gpio.o(.text) for GPIO_Init
    remotdbus.o(.text) refers to stm32f4xx_usart.o(.text) for USART_DeInit
    remotdbus.o(.text) refers to misc.o(.text) for NVIC_Init
    remotdbus.o(.text) refers to stm32f4xx_dma.o(.text) for DMA_Cmd
    remotdbus.o(.text) refers to remotdbus.o(.bss) for sbus_rx_buffer
    frictionmoterpwm.o(.text) refers to stm32f4xx_rcc.o(.text) for RCC_APB1PeriphClockCmd
    frictionmoterpwm.o(.text) refers to stm32f4xx_gpio.o(.text) for GPIO_PinAFConfig
    frictionmoterpwm.o(.text) refers to stm32f4xx_tim.o(.text) for TIM_TimeBaseInit
    motorcan.o(.text) refers to stm32f4xx_rcc.o(.text) for RCC_APB1PeriphClockCmd
    motorcan.o(.text) refers to stm32f4xx_gpio.o(.text) for GPIO_Init
    motorcan.o(.text) refers to misc.o(.text) for NVIC_Init
    motorcan.o(.text) refers to stm32f4xx_can.o(.text) for CAN_DeInit
    stmflash.o(.text) refers to stm32f4xx_flash.o(.text) for FLASH_Unlock
    mainfocus_usart.o(.text) refers to stm32f4xx_rcc.o(.text) for RCC_AHB1PeriphClockCmd
    mainfocus_usart.o(.text) refers to stm32f4xx_gpio.o(.text) for GPIO_Init
    mainfocus_usart.o(.text) refers to stm32f4xx_usart.o(.text) for USART_DeInit
    mainfocus_usart.o(.text) refers to misc.o(.text) for NVIC_Init
    mainfocus_usart.o(.text) refers to stm32f4xx_dma.o(.text) for DMA_Cmd
    mainfocus_usart.o(.text) refers to auto_attacktask.o(.bss) for mainfocus_rx_buffer
    referee.o(.text) refers to stm32f4xx_rcc.o(.text) for RCC_APB2PeriphClockCmd
    referee.o(.text) refers to stm32f4xx_gpio.o(.text) for GPIO_PinAFConfig
    referee.o(.text) refers to stm32f4xx_dma.o(.text) for DMA_DeInit
    referee.o(.text) refers to stm32f4xx_usart.o(.text) for USART_DeInit
    referee.o(.text) refers to misc.o(.text) for NVIC_Init
    referee.o(.text) refers to rt_memcpy_v6.o(.text) for __aeabi_memcpy
    referee.o(.text) refers to referee.o(.bss) for Rx_Buf_Referee
    referee.o(.text) refers to referee.o(.constdata) for CRC8_TAB
    referee.o(.text) refers to referee.o(.data) for count
    freertostask.o(.text) refers to event_groups.o(.text) for xEventGroupSetBits
    freertostask.o(.text) refers to tasks.o(.text) for vTaskDelay
    freertostask.o(.text) refers to queue.o(.text) for xQueueReceive
    freertostask.o(.text) refers to imu.o(.text) for GetPitchYawGxGyGz
    freertostask.o(.text) refers to stm32f4xx_it.o(.bss) for Imu_ext
    freertostask.o(.text) refers to freertostask.o(.bss) for RemotData
[...]
    EXTI0_IRQHandler                         0x0800492b   Thumb Code     0  startup_stm32f427_437xx.o(.text)
    EXTI2_IRQHandler                         0x0800492b   Thumb Code     0  startup_stm32f427_437xx.o(.text)
    EXTI3_IRQHandler                         0x0800492b   Thumb Code     0  startup_stm32f427_437xx.o(.text)
    EXTI4_IRQHandler                         0x0800492b   Thumb Code     0  startup_stm32f427_437xx.o(.text)
    EXTI9_5_IRQHandler                       0x0800492b   Thumb Code     0  startup_stm32f427_437xx.o(.text)
    FLASH_IRQHandler                         0x0800492b   Thumb Code     0  startup_stm32f427_437xx.o(.text)
    FMC_IRQHandler                           0x0800492b   Thumb Code     0  startup_stm32f427_437xx.o(.text)
    FPU_IRQHandler                           0x0800492b   Thumb Code     0  startup_stm32f427_437xx.o(.text)
    HASH_RNG_IRQHandler                      0x0800492b   Thumb Code     0  startup_stm32f427_437xx.o(.text)
    I2C1_ER_IRQHandler                       0x0800492b   Thumb Code     0  startup_stm32f427_437xx.o(.text)
    I2C1_EV_IRQHandler                       0x0800492b   Thumb Code     0  startup_stm32f427_437xx.o(.text)
    I2C2_ER_IRQHandler                       0x0800492b   Thumb Code     0  startup_stm32f427_437xx.o(.text)
    I2C2_EV_IRQHandler                       0x0800492b   Thumb Code     0  startup_stm32f427_437xx.o(.text)
    I2C3_ER_IRQHandler                       0x0800492b   Thumb Code     0  startup_stm32f427_437xx.o(.text)
    I2C3_EV_IRQHandler                       0x0800492b   Thumb Code     0  startup_stm32f427_437xx.o(.text)
    OTG_FS_IRQHandler                        0x0800492b   Thumb Code     0  startup_stm32f427_437xx.o(.text)
    OTG_FS_WKUP_IRQHandler                   0x0800492b   Thumb Code     0  startup_stm32f427_437xx.o(.text)
    OTG_HS_EP1_IN_IRQHandler                 0x0800492b   Thumb Code     0  startup_stm32f427_437xx.o(.text)
    OTG_HS_EP1_OUT_IRQHandler                0x0800492b   Thumb Code     0  startup_stm32f427_437xx.o(.text)
    OTG_HS_IRQHandler                        0x0800492b   Thumb Code     0  startup_stm32f427_437xx.o(.text)
    OTG_HS_WKUP_IRQHandler                   0x0800492b   Thumb Code     0  startup_stm32f427_437xx.o(.text)
    PVD_IRQHandler                           0x0800492b   Thumb Code     0  startup_stm32f427_437xx.o(.text)
    RCC_IRQHandler                           0x0800492b   Thumb Code     0  startup_stm32f427_437xx.o(.text)
    RTC_Alarm_IRQHandler                     0x0800492b   Thumb Code     0  startup_stm32f427_437xx.o(.text)
    RTC_WKUP_IRQHandler                      0x0800492b   Thumb Code     0  startup_stm32f427_437xx.o(.text)
    SAI1_IRQHandler                          0x0800492b   Thumb Code     0  startup_stm32f427_437xx.o(.text)
    SDIO_IRQHandler                          0x0800492b   Thumb Code     0  startup_stm32f427_437xx.o(.text)
    SPI1_IRQHandler                          0x0800492b   Thumb Code     0  startup_stm32f427_437xx.o(.text)
    SPI2_IRQHandler                          0x0800492b   Thumb Code     0  startup_stm32f427_437xx.o(.text)
    SPI3_IRQHandler                          0x0800492b   Thumb Code     0  startup_stm32f427_437xx.o(.text)
    SPI4_IRQHandler                          0x0800492b   Thumb Code     0  startup_stm32f427_437xx.o(.text)
    SPI5_IRQHandler                          0x0800492b   Thumb Code     0  startup_stm32f427_437xx.o(.text)
    SPI6_IRQHandler                          0x0800492b   Thumb Code     0  startup_stm32f427_437xx.o(.text)
    TAMP_STAMP_IRQHandler                    0x0800492b   Thumb Code     0  startup_stm32f427_437xx.o(.text)
    TIM1_BRK_TIM9_IRQHandler                 0x0800492b   Thumb Code     0  startup_stm32f427_437xx.o(.text)
    TIM1_CC_IRQHandler                       0x0800492b   Thumb Code     0  startup_stm32f427_437xx.o(.text)
    TIM1_TRG_COM_TIM11_IRQHandler            0x0800492b   Thumb Code     0  startup_stm32f427_437xx.o(.text)
    TIM1_UP_TIM10_IRQHandler                 0x0800492b   Thumb Code     0  startup_stm32f427_437xx.o(.text)
    TIM3_IRQHandler                          0x0800492b   Thumb Code     0  startup_stm32f427_437xx.o(.text)
    TIM5_IRQHandler                          0x0800492b   Thumb Code     0  startup_stm32f427_437xx.o(.text)
    TIM6_DAC_IRQHandler                      0x0800492b   Thumb Code     0  startup_stm32f427_437xx.o(.text)
    TIM7_IRQHandler                          0x0800492b   Thumb Code     0  startup_stm32f427_437xx.o(.text)
    TIM8_BRK_TIM12_IRQHandler                0x0800492b   Thumb Code     0  startup_stm32f427_437xx.o(.text)
    TIM8_CC_IRQHandler                       0x0800492b   Thumb Code     0  startup_stm32f427_437xx.o(.text)
    TIM8_TRG_COM_TIM14_IRQHandler            0x0800492b   Thumb Code     0  startup_stm32f427_437xx.o(.text)
    TIM8_UP_TIM13_IRQHandler                 0x0800492b   Thumb Code     0  startup_stm32f427_437xx.o(.text)
    UART4_IRQHandler                         0x0800492b   Thumb Code     0  startup_stm32f427_437xx.o(.text)
    UART5_IRQHandler                         0x0800492b   Thumb Code     0  startup_stm32f427_437xx.o(.text)
    UART7_IRQHandler                         0x0800492b   Thumb Code     0  startup_stm32f427_437xx.o(.text)
    UART8_IRQHandler                         0x0800492b   Thumb Code     0  startup_stm32f427_437xx.o(.text)
    USART2_IRQHandler                        0x0800492b   Thumb Code     0  startup_stm32f427_437xx.o(.text)
    USART3_IRQHandler                        0x0800492b   Thumb Code     0  startup_stm32f427_437xx.o(.text)
    WWDG_IRQHandler                          0x0800492b   Thumb Code     0  startup_stm32f427_437xx.o(.text)
    __user_initial_stackheap                 0x0800492d   Thumb Code     0  startup_stm32f427_437xx.o(.text)
    NVIC_PriorityGroupConfig                 0x08004951   Thumb Code    10  misc.o(.text)
    NVIC_Init                                0x0800495b   Thumb Code   106  misc.o(.text)
    NVIC_SetVectorTable                      0x080049c5   Thumb Code    14  misc.o(.text)
    NVIC_SystemLPConfig                      0x080049d3   Thumb Code    34  misc.o(.text)
    SysTick_CLKSourceConfig                  0x080049f5   Thumb Code    40  misc.o(.text)
    GPIO_DeInit                              0x08004a31   Thumb Code   268  stm32f4xx_gpio.o(.text)
    GPIO_Init                                0x08004b3d   Thumb Code   144  stm32f4xx_gpio.o(.text)
    GPIO_StructInit                          0x08004bcd   Thumb Code    18  stm32f4xx_gpio.o(.text)
    GPIO_PinLockConfig                       0x08004bdf   Thumb Code    34  stm32f4xx_gpio.o(.text)
    GPIO_ReadInputDataBit                    0x08004c01   Thumb Code    18  stm32f4xx_gpio.o(.text)
    GPIO_ReadInputData                       0x08004c13   Thumb Code     8  stm32f4xx_gpio.o(.text)
    GPIO_ReadOutputDataBit                   0x08004c1b   Thumb Code    18  stm32f4xx_gpio.o(.text)
    GPIO_ReadOutputData                      0x08004c2d   Thumb Code     8  stm32f4xx_gpio.o(.text)
    GPIO_SetBits                             0x08004c35   Thumb Code     4  stm32f4xx_gpio.o(.text)
    GPIO_ResetBits                           0x08004c39   Thumb Code     4  stm32f4xx_gpio.o(.text)
    GPIO_WriteBit                            0x08004c3d   Thumb Code    10  stm32f4xx_gpio.o(.text)
    GPIO_Write                               0x08004c47   Thumb Code     4  stm32f4xx_gpio.o(.text)
    GPIO_ToggleBits                          0x08004c4b   Thumb Code     8  stm32f4xx_gpio.o(.text)
    GPIO_PinAFConfig                         0x08004c53   Thumb Code    70  stm32f4xx_gpio.o(.text)
    RCC_DeInit                               0x08004cc5   Thumb Code    82  stm32f4xx_rcc.o(.text)
    RCC_HSEConfig                            0x08004d17   Thumb Code    14  stm32f4xx_rcc.o(.text)
    RCC_GetFlagStatus                        0x08004d25   Thumb Code    60  stm32f4xx_rcc.o(.text)
    RCC_WaitForHSEStartUp                    0x08004d61   Thumb Code    56  stm32f4xx_rcc.o(.text)
    RCC_AdjustHSICalibrationValue            0x08004d99   Thumb Code    20  stm32f4xx_rcc.o(.text)
    RCC_HSICmd                               0x08004dad   Thumb Code     6  stm32f4xx_rcc.o(.text)
    RCC_LSEConfig                            0x08004db3   Thumb Code    46  stm32f4xx_rcc.o(.text)
    RCC_LSICmd                               0x08004de1   Thumb Code     6  stm32f4xx_rcc.o(.text)
    RCC_PLLConfig                            0x08004de7   Thumb Code    32  stm32f4xx_rcc.o(.text)
    RCC_PLLCmd                               0x08004e07   Thumb Code     6  stm32f4xx_rcc.o(.text)
    RCC_PLLI2SConfig                         0x08004e0d   Thumb Code    20  stm32f4xx_rcc.o(.text)
    RCC_PLLI2SCmd                            0x08004e21   Thumb Code     6  stm32f4xx_rcc.o(.text)
    RCC_PLLSAIConfig                         0x08004e27   Thumb Code    20  stm32f4xx_rcc.o(.text)
    RCC_PLLSAICmd                            0x08004e3b   Thumb Code     6  stm32f4xx_rcc.o(.text)
    RCC_ClockSecuritySystemCmd               0x08004e41   Thumb Code     6  stm32f4xx_rcc.o(.text)
    RCC_MCO1Config                           0x08004e47   Thumb Code    28  stm32f4xx_rcc.o(.text)
    RCC_MCO2Config                           0x08004e63   Thumb Code    28  stm32f4xx_rcc.o(.text)
    RCC_SYSCLKConfig                         0x08004e7f   Thumb Code    20  stm32f4xx_rcc.o(.text)
    RCC_GetSYSCLKSource                      0x08004e93   Thumb Code    12  stm32f4xx_rcc.o(.text)
    RCC_HCLKConfig                           0x08004e9f   Thumb Code    20  stm32f4xx_rcc.o(.text)
    RCC_PCLK1Config                          0x08004eb3   Thumb Code    20  stm32f4xx_rcc.o(.text)
    RCC_PCLK2Config                          0x08004ec7   Thumb Code    22  stm32f4xx_rcc.o(.text)
    RCC_GetClocksFreq                        0x08004edd   Thumb Code   222  stm32f4xx_rcc.o(.text)
    RCC_RTCCLKConfig                         0x08004fbb   Thumb Code    54  stm32f4xx_rcc.o(.text)
    RCC_RTCCLKCmd                            0x08004ff1   Thumb Code     8  stm32f4xx_rcc.o(.text)
    RCC_BackupResetCmd                       0x08004ff9   Thumb Code     8  stm32f4xx_rcc.o(.text)
    RCC_I2SCLKConfig                         0x08005001   Thumb Code     6  stm32f4xx_rcc.o(.text)
    RCC_SAIPLLI2SClkDivConfig                0x08005007   Thumb Code    26  stm32f4xx_rcc.o(.text)
    RCC_SAIPLLSAIClkDivConfig                0x08005021   Thumb Code    28  stm32f4xx_rcc.o(.text)
    RCC_SAIBlockACLKConfig                   0x0800503d   Thumb Code    20  stm32f4xx_rcc.o(.text)
    RCC_SAIBlockBCLKConfig                   0x08005051   Thumb Code    20  stm32f4xx_rcc.o(.text)
    RCC_LTDCCLKDivConfig                     0x08005065   Thumb Code    20  stm32f4xx_rcc.o(.text)
    RCC_TIMCLKPresConfig                     0x08005079   Thumb Code     6  stm32f4xx_rcc.o(.text)
    RCC_AHB1PeriphClockCmd                   0x0800507f   Thumb Code    82  stm32f4xx_rcc.o(.text)
    RCC_AHB2PeriphClockCmd                   0x080050d1   Thumb Code    26  stm32f4xx_rcc.o(.text)
    RCC_AHB3PeriphClockCmd                   0x080050eb   Thumb Code    34  stm32f4xx_rcc.o(.text)
    RCC_APB1PeriphClockCmd                   0x0800510d   Thumb Code    34  stm32f4xx_rcc.o(.text)
    RCC_APB2PeriphClockCmd                   0x0800512f   Thumb Code    34  stm32f4xx_rcc.o(.text)
    RCC_AHB1PeriphResetCmd                   0x08005151   Thumb Code    34  stm32f4xx_rcc.o(.text)
    RCC_AHB2PeriphResetCmd                   0x08005173   Thumb Code    34  stm32f4xx_rcc.o(.text)
    RCC_AHB3PeriphResetCmd                   0x08005195   Thumb Code    34  stm32f4xx_rcc.o(.text)
    RCC_APB1PeriphResetCmd                   0x080051b7   Thumb Code    34  stm32f4xx_rcc.o(.text)
    RCC_APB2PeriphResetCmd                   0x080051d9   Thumb Code    34  stm32f4xx_rcc.o(.text)
    RCC_AHB1PeriphClockLPModeCmd             0x080051fb   Thumb Code    34  stm32f4xx_rcc.o(.text)
    RCC_AHB2PeriphClockLPModeCmd             0x0800521d   Thumb Code    34  stm32f4xx_rcc.o(.text)
    RCC_AHB3PeriphClockLPModeCmd             0x0800523f   Thumb Code    34  stm32f4xx_rcc.o(.text)
    RCC_APB1PeriphClockLPModeCmd             0x08005261   Thumb Code    34  stm32f4xx_rcc.o(.text)
    RCC_APB2PeriphClockLPModeCmd             0x08005283   Thumb Code    34  stm32f4xx_rcc.o(.text)
    RCC_LSEModeConfig                        0x080052a5   Thumb Code    40  stm32f4xx_rcc.o(.text)
    RCC_ITConfig                             0x080052cd   Thumb Code    34  stm32f4xx_rcc.o(.text)
    RCC_ClearFlag                            0x080052ef   Thumb Code    18  stm32f4xx_rcc.o(.text)
    RCC_GetITStatus                          0x08005301   Thumb Code    22  stm32f4xx_rcc.o(.text)
    RCC_ClearITPendingBit                    0x08005317   Thumb Code     8  stm32f4xx_rcc.o(.text)
    SYSCFG_DeInit                            0x08005325   Thumb Code    22  stm32f4xx_syscfg.o(.text)
    SYSCFG_MemoryRemapConfig                 0x0800533b   Thumb Code     6  stm32f4xx_syscfg.o(.text)
    SYSCFG_MemorySwappingBank                0x08005341   Thumb Code     6  stm32f4xx_syscfg.o(.text)
    SYSCFG_EXTILineConfig                    0x08005347   Thumb Code    66  stm32f4xx_syscfg.o(.text)
    SYSCFG_ETH_MediaInterfaceConfig          0x08005389   Thumb Code     8  stm32f4xx_syscfg.o(.text)
    SYSCFG_CompensationCellCmd               0x08005391   Thumb Code     6  stm32f4xx_syscfg.o(.text)
    SYSCFG_GetCompensationCellStatus         0x08005397   Thumb Code    22  stm32f4xx_syscfg.o(.text)
    USART_DeInit                             0x080053b9   Thumb Code   206  stm32f4xx_usart.o(.text)
    USART_Init                               0x08005487   Thumb Code   204  stm32f4xx_usart.o(.text)
    USART_StructInit                         0x08005553   Thumb Code    24  stm32f4xx_usart.o(.text)
    USART_ClockInit                          0x0800556b   Thumb Code    32  stm32f4xx_usart.o(.text)
    USART_ClockStructInit                    0x0800558b   Thumb Code    12  stm32f4xx_usart.o(.text)
    USART_Cmd                                0x08005597   Thumb Code    24  stm32f4xx_usart.o(.text)
    USART_SetPrescaler                       0x080055af   Thumb Code    16  stm32f4xx_usart.o(.text)
    USART_OverSampling8Cmd                   0x080055bf   Thumb Code    22  stm32f4xx_usart.o(.text)
    USART_OneBitMethodCmd                    0x080055d5   Thumb Code    24  stm32f4xx_usart.o(.text)
    USART_SendData                           0x080055ed   Thumb Code     8  stm32f4xx_usart.o(.text)
    USART_ReceiveData                        0x080055f5   Thumb Code    10  stm32f4xx_usart.o(.text)
    USART_SetAddress                         0x080055ff   Thumb Code    18  stm32f4xx_usart.o(.text)
    USART_ReceiverWakeUpCmd                  0x08005611   Thumb Code    24  stm32f4xx_usart.o(.text)
    USART_WakeUpConfig                       0x08005629   Thumb Code    18  stm32f4xx_usart.o(.text)
    USART_LINBreakDetectLengthConfig         0x0800563b   Thumb Code    18  stm32f4xx_usart.o(.text)
    USART_LINCmd                             0x0800564d   Thumb Code    24  stm32f4xx_usart.o(.text)
    USART_SendBreak                          0x08005665   Thumb Code    10  stm32f4xx_usart.o(.text)
    USART_HalfDuplexCmd                      0x0800566f   Thumb Code    24  stm32f4xx_usart.o(.text)
    USART_SetGuardTime                       0x08005687   Thumb Code    16  stm32f4xx_usart.o(.text)
    USART_SmartCardCmd                       0x08005697   Thumb Code    24  stm32f4xx_usart.o(.text)
    USART_SmartCardNACKCmd                   0x080056af   Thumb Code    24  stm32f4xx_usart.o(.text)
    USART_IrDAConfig                         0x080056c7   Thumb Code    18  stm32f4xx_usart.o(.text)
    USART_IrDACmd                            0x080056d9   Thumb Code    24  stm32f4xx_usart.o(.text)
    USART_DMACmd                             0x080056f1   Thumb Code    18  stm32f4xx_usart.o(.text)
    USART_ITConfig                           0x08005703   Thumb Code    74  stm32f4xx_usart.o(.text)
    USART_GetFlagStatus                      0x0800574d   Thumb Code    26  stm32f4xx_usart.o(.text)
    USART_ClearFlag                          0x08005767   Thumb Code    18  stm32f4xx_usart.o(.text)
    USART_GetITStatus                        0x08005779   Thumb Code   118  stm32f4xx_usart.o(.text)
    USART_ClearITPendingBit                  0x080057ef   Thumb Code    30  stm32f4xx_usart.o(.text)
    CAN_DeInit                               0x0800580d   Thumb Code    50  stm32f4xx_can.o(.text)
    CAN_Init                                 0x0800583f   Thumb Code   276  stm32f4xx_can.o(.text)
    CAN_FilterInit                           0x08005953   Thumb Code   258  stm32f4xx_can.o(.text)
    CAN_StructInit                           0x08005a55   Thumb Code    32  stm32f4xx_can.o(.text)
    CAN_SlaveStartBank                       0x08005a75   Thumb Code    48  stm32f4xx_can.o(.text)
    CAN_DBGFreeze                            0x08005aa5   Thumb Code    22  stm32f4xx_can.o(.text)
    CAN_TTComModeCmd                         0x08005abb   Thumb Code   118  stm32f4xx_can.o(.text)
    CAN_Transmit                             0x08005b31   Thumb Code   304  stm32f4xx_can.o(.text)
    CAN_TransmitStatus                       0x08005c61   Thumb Code   138  stm32f4xx_can.o(.text)
    CAN_CancelTransmit                       0x08005ceb   Thumb Code    48  stm32f4xx_can.o(.text)
    CAN_Receive                              0x08005d1b   Thumb Code   240  stm32f4xx_can.o(.text)
    CAN_FIFORelease                          0x08005e0b   Thumb Code    22  stm32f4xx_can.o(.text)
    CAN_MessagePending                       0x08005e21   Thumb Code    30  stm32f4xx_can.o(.text)
    CAN_OperatingModeRequest                 0x08005e3f   Thumb Code   162  stm32f4xx_can.o(.text)
    CAN_Sleep                                0x08005ee1   Thumb Code    30  stm32f4xx_can.o(.text)
    CAN_WakeUp                               0x08005eff   Thumb Code    48  stm32f4xx_can.o(.text)
    CAN_GetLastErrorCode                     0x08005f2f   Thumb Code    12  stm32f4xx_can.o(.text)
    CAN_GetReceiveErrorCounter               0x08005f3b   Thumb Code    10  stm32f4xx_can.o(.text)
    CAN_GetLSBTransmitErrorCounter           0x08005f45   Thumb Code    12  stm32f4xx_can.o(.text)
    CAN_ITConfig                             0x08005f51   Thumb Code    18  stm32f4xx_can.o(.text)
    CAN_GetFlagStatus                        0x08005f63   Thumb Code   120  stm32f4xx_can.o(.text)
    CAN_ClearFlag                            0x08005fdb   Thumb Code    52  stm32f4xx_can.o(.text)
    CAN_GetITStatus                          0x08006021   Thumb Code   310  stm32f4xx_can.o(.text)
    CAN_ClearITPendingBit                    0x08006157   Thumb Code   162  stm32f4xx_can.o(.text)
    DMA_DeInit                               0x080061fd   Thumb Code   324  stm32f4xx_dma.o(.text)
    DMA_Init                                 0x08006341   Thumb Code    82  stm32f4xx_dma.o(.text)
    DMA_StructInit                           0x08006393   Thumb Code    34  stm32f4xx_dma.o(.text)
    DMA_Cmd                                  0x080063b5   Thumb Code    22  stm32f4xx_dma.o(.text)
    DMA_PeriphIncOffsetSizeConfig            0x080063cb   Thumb Code    22  stm32f4xx_dma.o(.text)
    DMA_FlowControllerConfig                 0x080063e1   Thumb Code    22  stm32f4xx_dma.o(.text)
    DMA_SetCurrDataCounter                   0x080063f7   Thumb Code     4  stm32f4xx_dma.o(.text)
    DMA_GetCurrDataCounter                   0x080063fb   Thumb Code     8  stm32f4xx_dma.o(.text)
    DMA_DoubleBufferModeConfig               0x08006403   Thumb Code    24  stm32f4xx_dma.o(.text)
    DMA_DoubleBufferModeCmd                  0x0800641b   Thumb Code    22  stm32f4xx_dma.o(.text)
    DMA_MemoryTargetConfig                   0x08006431   Thumb Code    10  stm32f4xx_dma.o(.text)
    DMA_GetCurrentMemoryTarget               0x0800643b   Thumb Code    20  stm32f4xx_dma.o(.text)
    DMA_GetCmdStatus                         0x0800644f   Thumb Code    20  stm32f4xx_dma.o(.text)
    DMA_GetFIFOStatus                        0x08006463   Thumb Code    12  stm32f4xx_dma.o(.text)
    DMA_GetFlagStatus                        0x0800646f   Thumb Code    56  stm32f4xx_dma.o(.text)
    DMA_ClearFlag                            0x080064a7   Thumb Code    40  stm32f4xx_dma.o(.text)
    DMA_ITConfig                             0x080064cf   Thumb Code    58  stm32f4xx_dma.o(.text)
    DMA_GetITStatus                          0x08006509   Thumb Code    84  stm32f4xx_dma.o(.text)
    DMA_ClearITPendingBit                    0x0800655d   Thumb Code    40  stm32f4xx_dma.o(.text)
    TIM_DeInit                               0x080065a5   Thumb Code   346  stm32f4xx_tim.o(.text)
    TIM_TimeBaseInit                         0x080066ff   Thumb Code   104  stm32f4xx_tim.o(.text)
    TIM_TimeBaseStructInit                   0x08006767   Thumb Code    18  stm32f4xx_tim.o(.text)
    TIM_PrescalerConfig                      0x08006779   Thumb Code     6  stm32f4xx_tim.o(.text)
    TIM_CounterModeConfig                    0x0800677f   Thumb Code    18  stm32f4xx_tim.o(.text)
    TIM_SetCounter                           0x08006791   Thumb Code     4  stm32f4xx_tim.o(.text)
    TIM_SetAutoreload                        0x08006795   Thumb Code     4  stm32f4xx_tim.o(.text)
    TIM_GetCounter                           0x08006799   Thumb Code     6  stm32f4xx_tim.o(.text)
    TIM_GetPrescaler                         0x0800679f   Thumb Code     6  stm32f4xx_tim.o(.text)
    TIM_UpdateDisableConfig                  0x080067a5   Thumb Code    24  stm32f4xx_tim.o(.text)
    TIM_UpdateRequestConfig                  0x080067bd   Thumb Code    24  stm32f4xx_tim.o(.text)
    TIM_ARRPreloadConfig                     0x080067d5   Thumb Code    24  stm32f4xx_tim.o(.text)
    TIM_SelectOnePulseMode                   0x080067ed   Thumb Code    18  stm32f4xx_tim.o(.text)
    TIM_SetClockDivision                     0x080067ff   Thumb Code    18  stm32f4xx_tim.o(.text)
    TIM_Cmd                                  0x08006811   Thumb Code    24  stm32f4xx_tim.o(.text)
    TIM_OC1Init                              0x08006829   Thumb Code   114  stm32f4xx_tim.o(.text)
    TIM_OC2Init                              0x0800689b   Thumb Code   154  stm32f4xx_tim.o(.text)
    TIM_OC3Init                              0x08006935   Thumb Code   204  stm32f4xx_tim.o(.text)
    TIM_OC4Init                              0x08006a01   Thumb Code   112  stm32f4xx_tim.o(.text)
    TIM_OCStructInit                         0x08006a71   Thumb Code    20  stm32f4xx_tim.o(.text)
    TIM_SelectOCxM                           0x08006a85   Thumb Code    86  stm32f4xx_tim.o(.text)
    TIM_SetCompare1                          0x08006adb   Thumb Code     4  stm32f4xx_tim.o(.text)
    TIM_SetCompare2                          0x08006adf   Thumb Code     4  stm32f4xx_tim.o(.text)
    TIM_SetCompare3                          0x08006ae3   Thumb Code     4  stm32f4xx_tim.o(.text)
    TIM_SetCompare4                          0x08006ae7   Thumb Code     4  stm32f4xx_tim.o(.text)
    TIM_ForcedOC1Config                      0x08006aeb   Thumb Code    18  stm32f4xx_tim.o(.text)
    TIM_ForcedOC2Config                      0x08006afd   Thumb Code    26  stm32f4xx_tim.o(.text)
    TIM_ForcedOC3Config                      0x08006b17   Thumb Code    18  stm32f4xx_tim.o(.text)
    TIM_ForcedOC4Config                      0x08006b29   Thumb Code    26  stm32f4xx_tim.o(.text)
    TIM_OC1PreloadConfig                     0x08006b43   Thumb Code    18  stm32f4xx_tim.o(.text)
    TIM_OC2PreloadConfig                     0x08006b55   Thumb Code    26  stm32f4xx_tim.o(.text)
    TIM_OC3PreloadConfig                     0x08006b6f   Thumb Code    18  stm32f4xx_tim.o(.text)
    TIM_OC4PreloadConfig                     0x08006b81   Thumb Code    26  stm32f4xx_tim.o(.text)
    TIM_OC1FastConfig                        0x08006b9b   Thumb Code    18  stm32f4xx_tim.o(.text)
    TIM_OC2FastConfig                        0x08006bad   Thumb Code    26  stm32f4xx_tim.o(.text)
    TIM_OC3FastConfig                        0x08006bc7   Thumb Code    18  stm32f4xx_tim.o(.text)
    TIM_OC4FastConfig                        0x08006bd9   Thumb Code    26  stm32f4xx_tim.o(.text)
    TIM_ClearOC1Ref                          0x08006bf3   Thumb Code    18  stm32f4xx_tim.o(.text)
    TIM_ClearOC2Ref                          0x08006c05   Thumb Code    24  stm32f4xx_tim.o(.text)
    TIM_ClearOC3Ref                          0x08006c1d   Thumb Code    18  stm32f4xx_tim.o(.text)
    TIM_ClearOC4Ref                          0x08006c2f   Thumb Code    24  stm32f4xx_tim.o(.text)
    TIM_OC1PolarityConfig                    0x08006c47   Thumb Code    18  stm32f4xx_tim.o(.text)
    TIM_OC1NPolarityConfig                   0x08006c59   Thumb Code    18  stm32f4xx_tim.o(.text)
    TIM_OC2PolarityConfig                    0x08006c6b   Thumb Code    26  stm32f4xx_tim.o(.text)
    TIM_OC2NPolarityConfig                   0x08006c85   Thumb Code    26  stm32f4xx_tim.o(.text)
    TIM_OC3PolarityConfig                    0x08006c9f   Thumb Code    26  stm32f4xx_tim.o(.text)
    TIM_OC3NPolarityConfig                   0x08006cb9   Thumb Code    26  stm32f4xx_tim.o(.text)
    TIM_OC4PolarityConfig                    0x08006cd3   Thumb Code    26  stm32f4xx_tim.o(.text)
    TIM_CCxCmd                               0x08006ced   Thumb Code    30  stm32f4xx_tim.o(.text)
    TIM_CCxNCmd                              0x08006d0b   Thumb Code    30  stm32f4xx_tim.o(.text)
    TIM_SetIC4Prescaler                      0x08006d29   Thumb Code    26  stm32f4xx_tim.o(.text)
    TIM_SetIC3Prescaler                      0x08006d93   Thumb Code    18  stm32f4xx_tim.o(.text)
    TIM_SetIC2Prescaler                      0x08006ded   Thumb Code    26  stm32f4xx_tim.o(.text)
    TIM_SetIC1Prescaler                      0x08006e61   Thumb Code    18  stm32f4xx_tim.o(.text)
    TIM_ICInit                               0x08006ead   Thumb Code   110  stm32f4xx_tim.o(.text)
    TIM_ICStructInit                         0x08006f1b   Thumb Code    18  stm32f4xx_tim.o(.text)
    TIM_PWMIConfig                           0x08006f2d   Thumb Code   124  stm32f4xx_tim.o(.text)
    TIM_GetCapture1                          0x08006fa9   Thumb Code     6  stm32f4xx_tim.o(.text)
    TIM_GetCapture2                          0x08006faf   Thumb Code     6  stm32f4xx_tim.o(.text)
    TIM_GetCapture3                          0x08006fb5   Thumb Code     6  stm32f4xx_tim.o(.text)
    TIM_GetCapture4                          0x08006fbb   Thumb Code     6  stm32f4xx_tim.o(.text)
    TIM_BDTRConfig                           0x08006fc1   Thumb Code    32  stm32f4xx_tim.o(.text)
    TIM_BDTRStructInit                       0x08006fe1   Thumb Code    18  stm32f4xx_tim.o(.text)
    TIM_CtrlPWMOutputs                       0x08006ff3   Thumb Code    30  stm32f4xx_tim.o(.text)
    TIM_SelectCOM                            0x08007011   Thumb Code    24  stm32f4xx_tim.o(.text)
    TIM_CCPreloadControl                     0x08007029   Thumb Code    24  stm32f4xx_tim.o(.text)
    TIM_ITConfig                             0x08007041   Thumb Code    18  stm32f4xx_tim.o(.text)
    TIM_GenerateEvent                        0x08007053   Thumb Code     4  stm32f4xx_tim.o(.text)
    TIM_GetFlagStatus                        0x08007057   Thumb Code    18  stm32f4xx_tim.o(.text)
    TIM_ClearFlag                            0x08007069   Thumb Code     6  stm32f4xx_tim.o(.text)
    TIM_GetITStatus                          0x0800706f   Thumb Code    34  stm32f4xx_tim.o(.text)
    TIM_ClearITPendingBit                    0x08007091   Thumb Code     6  stm32f4xx_tim.o(.text)
    TIM_DMAConfig                            0x08007097   Thumb Code    10  stm32f4xx_tim.o(.text)
    TIM_DMACmd                               0x080070a1   Thumb Code    18  stm32f4xx_tim.o(.text)
    TIM_SelectCCDMA                          0x080070b3   Thumb Code    24  stm32f4xx_tim.o(.text)
    TIM_InternalClockConfig                  0x080070cb   Thumb Code    12  stm32f4xx_tim.o(.text)
    TIM_SelectInputTrigger                   0x080070d7   Thumb Code    18  stm32f4xx_tim.o(.text)
    TIM_ITRxExternalClockConfig              0x080070e9   Thumb Code    24  stm32f4xx_tim.o(.text)
    TIM_TIxExternalClockConfig               0x08007101   Thumb Code    62  stm32f4xx_tim.o(.text)
    TIM_ETRConfig                            0x0800713f   Thumb Code    28  stm32f4xx_tim.o(.text)
    TIM_ETRClockMode1Config                  0x0800715b   Thumb Code    54  stm32f4xx_tim.o(.text)
    TIM_ETRClockMode2Config                  0x08007191   Thumb Code    32  stm32f4xx_tim.o(.text)
    TIM_SelectOutputTrigger                  0x080071b1   Thumb Code    18  stm32f4xx_tim.o(.text)
    TIM_SelectSlaveMode                      0x080071c3   Thumb Code    18  stm32f4xx_tim.o(.text)
    TIM_SelectMasterSlaveMode                0x080071d5   Thumb Code    18  stm32f4xx_tim.o(.text)
    TIM_EncoderInterfaceConfig               0x080071e7   Thumb Code    66  stm32f4xx_tim.o(.text)
    TIM_SelectHallSensor                     0x08007229   Thumb Code    24  stm32f4xx_tim.o(.text)
    TIM_RemapConfig                          0x08007241   Thumb Code     6  stm32f4xx_tim.o(.text)
    SPI_I2S_DeInit                           0x08007249   Thumb Code   152  stm32f4xx_spi.o(.text)
    SPI_Init                                 0x080072e1   Thumb Code    60  stm32f4xx_spi.o(.text)
    I2S_Init                                 0x0800731d   Thumb Code   396  stm32f4xx_spi.o(.text)
    SPI_StructInit                           0x080074a9   Thumb Code    24  stm32f4xx_spi.o(.text)
    I2S_StructInit                           0x080074c1   Thumb Code    20  stm32f4xx_spi.o(.text)
    SPI_Cmd                                  0x080074d5   Thumb Code    24  stm32f4xx_spi.o(.text)
    I2S_Cmd                                  0x080074ed   Thumb Code    24  stm32f4xx_spi.o(.text)
    SPI_DataSizeConfig                       0x08007505   Thumb Code    18  stm32f4xx_spi.o(.text)
    SPI_BiDirectionalLineConfig              0x08007517   Thumb Code    28  stm32f4xx_spi.o(.text)
    SPI_NSSInternalSoftwareConfig            0x08007533   Thumb Code    30  stm32f4xx_spi.o(.text)
    SPI_SSOutputCmd                          0x08007551   Thumb Code    24  stm32f4xx_spi.o(.text)
    SPI_TIModeCmd                            0x08007569   Thumb Code    14  stm32f4xx_spi.o(.text)
    I2S_FullDuplexConfig                     0x08007577   Thumb Code    80  stm32f4xx_spi.o(.text)
    SPI_I2S_ReceiveData                      0x080075c7   Thumb Code     6  stm32f4xx_spi.o(.text)
    SPI_I2S_SendData                         0x080075cd   Thumb Code     4  stm32f4xx_spi.o(.text)
    SPI_I2S_GetFlagStatus                    0x080075d1   Thumb Code    18  stm32f4xx_spi.o(.text)
    SPI_TransmitReceive                      0x080075e3   Thumb Code   156  stm32f4xx_spi.o(.text)
    SPI_CalculateCRC                         0x0800767f   Thumb Code    24  stm32f4xx_spi.o(.text)
    SPI_TransmitCRC                          0x08007697   Thumb Code    10  stm32f4xx_spi.o(.text)
    SPI_GetCRC                               0x080076a1   Thumb Code    16  stm32f4xx_spi.o(.text)
    SPI_GetCRCPolynomial                     0x080076b1   Thumb Code     6  stm32f4xx_spi.o(.text)
    SPI_I2S_DMACmd                           0x080076b7   Thumb Code    18  stm32f4xx_spi.o(.text)
    SPI_I2S_ITConfig                         0x080076c9   Thumb Code    32  stm32f4xx_spi.o(.text)
    SPI_I2S_ClearFlag                        0x080076e9   Thumb Code     6  stm32f4xx_spi.o(.text)
    SPI_I2S_GetITStatus                      0x080076ef   Thumb Code    52  stm32f4xx_spi.o(.text)
    SPI_I2S_ClearITPendingBit                0x08007723   Thumb Code    20  stm32f4xx_spi.o(.text)
    FLASH_SetLatency                         0x08007739   Thumb Code     6  stm32f4xx_flash.o(.text)
    FLASH_PrefetchBufferCmd                  0x0800773f   Thumb Code    30  stm32f4xx_flash.o(.text)
    FLASH_InstructionCacheCmd                0x0800775d   Thumb Code    30  stm32f4xx_flash.o(.text)
    FLASH_DataCacheCmd                       0x0800777b   Thumb Code    30  stm32f4xx_flash.o(.text)
    FLASH_InstructionCacheReset              0x08007799   Thumb Code    14  stm32f4xx_flash.o(.text)
    FLASH_DataCacheReset                     0x080077a7   Thumb Code    14  stm32f4xx_flash.o(.text)
    FLASH_Unlock                             0x080077b5   Thumb Code    26  stm32f4xx_flash.o(.text)
    FLASH_Lock                               0x080077cf   Thumb Code    18  stm32f4xx_flash.o(.text)
    FLASH_GetStatus                          0x080077e1   Thumb Code    90  stm32f4xx_flash.o(.text)
    FLASH_WaitForLastOperation               0x0800783b   Thumb Code    34  stm32f4xx_flash.o(.text)
    FLASH_EraseSector                        0x0800785d   Thumb Code   140  stm32f4xx_flash.o(.text)
    FLASH_EraseAllSectors                    0x080078e9   Thumb Code   118  stm32f4xx_flash.o(.text)
    FLASH_EraseAllBank1Sectors               0x0800795f   Thumb Code   112  stm32f4xx_flash.o(.text)
    FLASH_EraseAllBank2Sectors               0x080079cf   Thumb Code   112  stm32f4xx_flash.o(.text)
    FLASH_ProgramDoubleWord                  0x08007a3f   Thumb Code    86  stm32f4xx_flash.o(.text)
    FLASH_ProgramWord                        0x08007a95   Thumb Code    82  stm32f4xx_flash.o(.text)
    FLASH_ProgramHalfWord                    0x08007ae7   Thumb Code    96  stm32f4xx_flash.o(.text)
    FLASH_ProgramByte                        0x08007b47   Thumb Code    70  stm32f4xx_flash.o(.text)
    FLASH_OB_Unlock                          0x08007b8d   Thumb Code    26  stm32f4xx_flash.o(.text)
    FLASH_OB_Lock                            0x08007ba7   Thumb Code    18  stm32f4xx_flash.o(.text)
    FLASH_OB_WRPConfig                       0x08007bb9   Thumb Code    54  stm32f4xx_flash.o(.text)
    FLASH_OB_WRP1Config                      0x08007bef   Thumb Code    54  stm32f4xx_flash.o(.text)
    FLASH_OB_PCROPSelectionConfig            0x08007c25   Thumb Code    24  stm32f4xx_flash.o(.text)
    FLASH_OB_PCROPConfig                     0x08007c3d   Thumb Code    54  stm32f4xx_flash.o(.text)
    FLASH_OB_PCROP1Config                    0x08007c73   Thumb Code    54  stm32f4xx_flash.o(.text)
    FLASH_OB_RDPConfig                       0x08007ca9   Thumb Code    24  stm32f4xx_flash.o(.text)
    FLASH_OB_UserConfig                      0x08007cc1   Thumb Code    46  stm32f4xx_flash.o(.text)
    FLASH_OB_BootConfig                      0x08007cef   Thumb Code    26  stm32f4xx_flash.o(.text)
    FLASH_OB_BORConfig                       0x08007d09   Thumb Code    26  stm32f4xx_flash.o(.text)
    FLASH_OB_Launch                          0x08007d23   Thumb Code    30  stm32f4xx_flash.o(.text)
    FLASH_OB_GetUser                         0x08007d41   Thumb Code    12  stm32f4xx_flash.o(.text)
    FLASH_OB_GetWRP                          0x08007d4d   Thumb Code     8  stm32f4xx_flash.o(.text)
    FLASH_OB_GetWRP1                         0x08007d55   Thumb Code     8  stm32f4xx_flash.o(.text)
    FLASH_OB_GetPCROP                        0x08007d5d   Thumb Code     8  stm32f4xx_flash.o(.text)
    FLASH_OB_GetPCROP1                       0x08007d65   Thumb Code     8  stm32f4xx_flash.o(.text)
    FLASH_OB_GetRDP                          0x08007d6d   Thumb Code    20  stm32f4xx_flash.o(.text)
    FLASH_OB_GetBOR                          0x08007d81   Thumb Code    12  stm32f4xx_flash.o(.text)
    FLASH_ITConfig                           0x08007d8d   Thumb Code    26  stm32f4xx_flash.o(.text)
    FLASH_GetFlagStatus                      0x08007da7   Thumb Code    22  stm32f4xx_flash.o(.text)
    FLASH_ClearFlag                          0x08007dbd   Thumb Code     8  stm32f4xx_flash.o(.text)
    EXTI_DeInit                              0x08007dd1   Thumb Code    28  stm32f4xx_exti.o(.text)
    EXTI_Init                                0x08007ded   Thumb Code   142  stm32f4xx_exti.o(.text)
    EXTI_StructInit                          0x08007e7b   Thumb Code    16  stm32f4xx_exti.o(.text)
    EXTI_GenerateSWInterrupt                 0x08007e8b   Thumb Code    16  stm32f4xx_exti.o(.text)
    EXTI_GetFlagStatus                       0x08007e9b   Thumb Code    22  stm32f4xx_exti.o(.text)
    EXTI_ClearFlag                           0x08007eb1   Thumb Code     8  stm32f4xx_exti.o(.text)
    EXTI_GetITStatus                         0x08007eb9   Thumb Code    22  stm32f4xx_exti.o(.text)
    EXTI_ClearITPendingBit                   0x08007ecf   Thumb Code     8  stm32f4xx_exti.o(.text)
    pvPortMalloc                             0x08007fa3   Thumb Code   296  heap_4.o(.text)
    vPortFree                                0x080080cb   Thumb Code   140  heap_4.o(.text)
    xPortGetFreeHeapSize                     0x08008157   Thumb Code     6  heap_4.o(.text)
    xPortGetMinimumEverFreeHeapSize          0x0800815d   Thumb Code     6  heap_4.o(.text)
    vPortInitialiseBlocks                    0x08008163   Thumb Code     2  heap_4.o(.text)
    pxPortInitialiseStack                    0x080081b9   Thumb Code    38  port.o(.text)
    vPortSetupTimerInterrupt                 0x080081df   Thumb Code    36  port.o(.text)
    xPortStartScheduler                      0x08008203   Thumb Code   330  port.o(.text)
    vPortEndScheduler                        0x0800834d   Thumb Code    42  port.o(.text)
    vPortEnterCritical                       0x08008377   Thumb Code    78  port.o(.text)
    vPortExitCritical                        0x080083c5   Thumb Code    56  port.o(.text)
    xPortSysTickHandler                      0x080083fd   Thumb Code    48  port.o(.text)
    vPortValidateInterruptPriority           0x0800842d   Thumb Code   108  port.o(.text)
    xEventGroupCreate                        0x080084bd   Thumb Code    26  event_groups.o(.text)
    xEventGroupSetBits                       0x080084d7   Thumb Code   206  event_groups.o(.text)
    xEventGroupSync                          0x080085a5   Thumb Code   268  event_groups.o(.text)
    xEventGroupWaitBits                      0x080086cf   Thumb Code   338  event_groups.o(.text)
    xEventGroupClearBits                     0x08008821   Thumb Code    92  event_groups.o(.text)
    xEventGroupGetBitsFromISR                0x0800887d   Thumb Code    44  event_groups.o(.text)
    vEventGroupDelete                        0x080088a9   Thumb Code    82  event_groups.o(.text)
    vEventGroupSetBitsCallback               0x080088fb   Thumb Code    16  event_groups.o(.text)
    vEventGroupClearBitsCallback             0x0800890b   Thumb Code    16  event_groups.o(.text)
    uxEventGroupGetNumber                    0x0800891b   Thumb Code    14  event_groups.o(.text)
    vEventGroupSetNumber                     0x08008929   Thumb Code     4  event_groups.o(.text)
    vListInitialise                          0x08008931   Thumb Code    26  list.o(.text)
    vListInitialiseItem                      0x0800894b   Thumb Code     6  list.o(.text)
    vListInsertEnd                           0x08008951   Thumb Code    24  list.o(.text)
    vListInsert                              0x08008969   Thumb Code    52  list.o(.text)
    uxListRemove                             0x0800899d   Thumb Code    40  list.o(.text)
    xQueueGenericReset                       0x080089c5   Thumb Code   146  queue.o(.text)
    xQueueGenericCreate                      0x08008a81   Thumb Code    90  queue.o(.text)
    xQueueGenericSend                        0x08008bf5   Thumb Code   420  queue.o(.text)
    xQueueCreateMutex                        0x08008db7   Thumb Code    34  queue.o(.text)
    xQueueGiveMutexRecursive                 0x08008dd9   Thumb Code    78  queue.o(.text)
    xQueueSemaphoreTake                      0x08008e55   Thumb Code   434  queue.o(.text)
    xQueueTakeMutexRecursive                 0x08009007   Thumb Code    78  queue.o(.text)
    xQueueCreateCountingSemaphore            0x08009055   Thumb Code    92  queue.o(.text)
    xQueueGenericSendFromISR                 0x080090b1   Thumb Code   248  queue.o(.text)
    xQueueGiveFromISR                        0x080091a9   Thumb Code   224  queue.o(.text)
    xQueueReceive                            0x080092b3   Thumb Code   362  queue.o(.text)
    xQueuePeek                               0x0800941d   Thumb Code   362  queue.o(.text)
    xQueueReceiveFromISR                     0x08009587   Thumb Code   202  queue.o(.text)
    xQueuePeekFromISR                        0x08009651   Thumb Code   176  queue.o(.text)
    uxQueueMessagesWaiting                   0x08009701   Thumb Code    42  queue.o(.text)
    uxQueueSpacesAvailable                   0x0800972b   Thumb Code    52  queue.o(.text)
    uxQueueMessagesWaitingFromISR            0x0800975f   Thumb Code    34  queue.o(.text)
    vQueueUnregisterQueue                    0x08009781   Thumb Code    44  queue.o(.text)
    vQueueDelete                             0x080097ad   Thumb Code    44  queue.o(.text)
    uxQueueGetQueueNumber                    0x080097d9   Thumb Code     6  queue.o(.text)
    vQueueSetQueueNumber                     0x080097df   Thumb Code     4  queue.o(.text)
    ucQueueGetQueueType                      0x080097e3   Thumb Code     8  queue.o(.text)
    xQueueIsQueueEmptyFromISR                0x080097eb   Thumb Code    42  queue.o(.text)
    xQueueIsQueueFullFromISR                 0x08009815   Thumb Code    46  queue.o(.text)
    vQueueAddToRegistry                      0x08009843   Thumb Code    38  queue.o(.text)
    pcQueueGetName                           0x08009869   Thumb Code    38  queue.o(.text)
    vQueueWaitForMessageRestricted           0x0800988f   Thumb Code    74  queue.o(.text)
    xTaskCreate                              0x08009a8d   Thumb Code    96  tasks.o(.text)
    vTaskDelete                              0x08009b29   Thumb Code   202  tasks.o(.text)
    xTaskIncrementTick                       0x08009bf3   Thumb Code   360  tasks.o(.text)
    xTaskResumeAll                           0x08009d5b   Thumb Code   224  tasks.o(.text)
    vTaskSuspendAll                          0x08009eb7   Thumb Code    12  tasks.o(.text)
    vTaskDelayUntil                          0x08009ec3   Thumb Code   200  tasks.o(.text)
    vTaskDelay                               0x08009f8b   Thumb Code    82  tasks.o(.text)
    eTaskGetState                            0x08009fdd   Thumb Code   128  tasks.o(.text)
    uxTaskPriorityGet                        0x0800a05d   Thumb Code    30  tasks.o(.text)
    uxTaskPriorityGetFromISR                 0x0800a07b   Thumb Code    62  tasks.o(.text)
    vTaskPrioritySet                         0x0800a0b9   Thumb Code   324  tasks.o(.text)
    vTaskSwitchContext                       0x0800a1fd   Thumb Code   170  tasks.o(.text)
    vTaskSuspend                             0x0800a2a7   Thumb Code   210  tasks.o(.text)
    vTaskResume                              0x0800a3c9   Thumb Code   128  tasks.o(.text)
    xTaskResumeFromISR                       0x0800a449   Thumb Code   158  tasks.o(.text)
    vTaskStartScheduler                      0x0800a581   Thumb Code   122  tasks.o(.text)
    vTaskEndScheduler                        0x0800a5fb   Thumb Code    32  tasks.o(.text)
    xTaskGetTickCount                        0x0800a61b   Thumb Code     6  tasks.o(.text)
    xTaskGetTickCountFromISR                 0x0800a621   Thumb Code    16  tasks.o(.text)
    uxTaskGetNumberOfTasks                   0x0800a631   Thumb Code     6  tasks.o(.text)
    pcTaskGetName                            0x0800a637   Thumb Code    44  tasks.o(.text)
    vTaskGetInfo                             0x0800a679   Thumb Code   126  tasks.o(.text)
    uxTaskGetSystemState                     0x0800a761   Thumb Code   154  tasks.o(.text)
    vTaskPlaceOnEventList                    0x0800a7fb   Thumb Code    52  tasks.o(.text)
    vTaskPlaceOnUnorderedEventList           0x0800a82f   Thumb Code   100  tasks.o(.text)
    vTaskPlaceOnEventListRestricted          0x0800a893   Thumb Code    60  tasks.o(.text)
    xTaskRemoveFromEventList                 0x0800a8cf   Thumb Code   128  tasks.o(.text)
    vTaskRemoveFromUnorderedEventList        0x0800a94f   Thumb Code   220  tasks.o(.text)
    vTaskSetTimeOutState                     0x0800aa2b   Thumb Code    50  tasks.o(.text)
    vTaskInternalSetTimeOutState             0x0800aa5d   Thumb Code    14  tasks.o(.text)
    xTaskCheckForTimeOut                     0x0800aa6b   Thumb Code   132  tasks.o(.text)
    vTaskMissedYield                         0x0800aaef   Thumb Code     8  tasks.o(.text)
    uxTaskGetTaskNumber                      0x0800aaf7   Thumb Code    14  tasks.o(.text)
    vTaskSetTaskNumber                       0x0800ab05   Thumb Code     8  tasks.o(.text)
    xTaskGetCurrentTaskHandle                0x0800ab0d   Thumb Code     6  tasks.o(.text)
    xTaskGetSchedulerState                   0x0800ab13   Thumb Code    24  tasks.o(.text)
    xTaskPriorityInherit                     0x0800ab2b   Thumb Code   186  tasks.o(.text)
    xTaskPriorityDisinherit                  0x0800abe5   Thumb Code   188  tasks.o(.text)
    vTaskPriorityDisinheritAfterTimeout      0x0800aca1   Thumb Code   230  tasks.o(.text)
    vTaskList                                0x0800adb1   Thumb Code   238  tasks.o(.text)
    vTaskGetRunTimeStats                     0x0800ae9f   Thumb Code   168  tasks.o(.text)
    uxTaskResetEventItemValue                0x0800af47   Thumb Code    24  tasks.o(.text)
    pvTaskIncrementMutexHeldCount            0x0800af5f   Thumb Code    26  tasks.o(.text)
    ulTaskNotifyTake                         0x0800af79   Thumb Code   108  tasks.o(.text)
    xTaskNotifyWait                          0x0800afe5   Thumb Code   150  tasks.o(.text)
    xTaskGenericNotify                       0x0800b07b   Thumb Code   280  tasks.o(.text)
    xTaskGenericNotifyFromISR                0x0800b193   Thumb Code   396  tasks.o(.text)
    vTaskNotifyGiveFromISR                   0x0800b31f   Thumb Code   214  tasks.o(.text)
    xTaskNotifyStateClear                    0x0800b3f5   Thumb Code    48  tasks.o(.text)
    xTimerGenericCommand                     0x0800b48d   Thumb Code   126  timers.o(.text)
    xTimerCreateTimerTask                    0x0800b803   Thumb Code   118  timers.o(.text)
    xTimerCreate                             0x0800b8c7   Thumb Code    48  timers.o(.text)
    xTimerGetTimerDaemonTaskHandle           0x0800b8f7   Thumb Code    42  timers.o(.text)
    xTimerGetPeriod                          0x0800b921   Thumb Code    32  timers.o(.text)
    xTimerGetExpiryTime                      0x0800b941   Thumb Code    34  timers.o(.text)
    pcTimerGetName                           0x0800b963   Thumb Code    32  timers.o(.text)
    xTimerIsTimerActive                      0x0800b983   Thumb Code    62  timers.o(.text)
    pvTimerGetTimerID                        0x0800b9c1   Thumb Code    44  timers.o(.text)
    vTimerSetTimerID                         0x0800b9ed   Thumb Code    44  timers.o(.text)
    uxTimerGetTimerNumber                    0x0800ba19   Thumb Code     6  timers.o(.text)
    vTimerSetTimerNumber                     0x0800ba1f   Thumb Code     4  timers.o(.text)
    __use_no_semihosting                     0x0800ba29   Thumb Code     2  use_no_semi_2.o(.text)
    __2printf                                0x0800ba2d   Thumb Code    20  noretval__2printf.o(.text)
    __2sprintf                               0x0800ba45   Thumb Code    34  noretval__2sprintf.o(.text)
    __printf                                 0x0800ba6d   Thumb Code   104  __printf.o(.text)
    _printf_str                              0x0800bad5   Thumb Code    82  _printf_str.o(.text)
    _printf_int_dec                          0x0800bb29   Thumb Code   104  _printf_dec.o(.text)
    strcpy                                   0x0800bba1   Thumb Code    72  strcpy.o(.text)
    strlen                                   0x0800bbe9   Thumb Code    62  strlen.o(.text)
    __aeabi_memcpy                           0x0800bc27   Thumb Code     0  rt_memcpy_v6.o(.text)
    __rt_memcpy                              0x0800bc27   Thumb Code   138  rt_memcpy_v6.o(.text)
    _memcpy_lastbytes                        0x0800bc8d   Thumb Code     0  rt_memcpy_v6.o(.text)
    __aeabi_memcpy4                          0x0800bcb1   Thumb Code     0  rt_memcpy_w.o(.text)
    __aeabi_memcpy8                          0x0800bcb1   Thumb Code     0  rt_memcpy_w.o(.text)
    __rt_memcpy_w                            0x0800bcb1   Thumb Code   100  rt_memcpy_w.o(.text)
    _memcpy_lastbytes_aligned                0x0800bcf9   Thumb Code     0  rt_memcpy_w.o(.text)
    __aeabi_memset                           0x0800bd15   Thumb Code    16  aeabi_memset.o(.text)
    __aeabi_memclr4                          0x0800bd25   Thumb Code     0  rt_memclr_w.o(.text)
    __aeabi_memclr8                          0x0800bd25   Thumb Code     0  rt_memclr_w.o(.text)
    __rt_memclr_w                            0x0800bd25   Thumb Code    78  rt_memclr_w.o(.text)
    _memset_w                                0x0800bd29   Thumb Code     0  rt_memclr_w.o(.text)
    __use_two_region_memory                  0x0800bd73   Thumb Code     2  heapauxi.o(.text)
    __rt_heap_escrow$2region                 0x0800bd75   Thumb Code     2  heapauxi.o(.text)
    __rt_heap_expand$2region                 0x0800bd77   Thumb Code     2  heapauxi.o(.text)
    __I$use$semihosting                      0x0800bd79   Thumb Code     0  use_no_semi.o(.text)
    __use_no_semihosting_swi                 0x0800bd79   Thumb Code     2  use_no_semi.o(.text)
    __read_errno                             0x0800bd7b   Thumb Code    10  _rserrno.o(.text)
    __set_errno                              0x0800bd85   Thumb Code    12  _rserrno.o(.text)
    _printf_int_common                       0x0800bd91   Thumb Code   178  _printf_intcommon.o(.text)
    _printf_char_common                      0x0800be4f   Thumb Code    32  _printf_char_common.o(.text)
    _sputc                                   0x0800be75   Thumb Code    10  _sputc.o(.text)
    _printf_cs_common                        0x0800be7f   Thumb Code    20  _printf_char.o(.text)
    _printf_char                             0x0800be93   Thumb Code    16  _printf_char.o(.text)
    _printf_string                           0x0800bea3   Thumb Code     8  _printf_char.o(.text)
    _printf_char_file                        0x0800bead   Thumb Code    32  _printf_char_file.o(.text)
    __aeabi_memclr                           0x0800bed1   Thumb Code     0  rt_memclr.o(.text)
    __rt_memclr                              0x0800bed1   Thumb Code    68  rt_memclr.o(.text)
    _memset                                  0x0800bed5   Thumb Code     0  rt_memclr.o(.text)
    __aeabi_errno_addr                       0x0800bf15   Thumb Code     8  rt_errno_addr_intlibspace.o(.text)
    __errno$intlibspace                      0x0800bf15   Thumb Code     0  rt_errno_addr_intlibspace.o(.text)
    __rt_errno_addr$intlibspace              0x0800bf15   Thumb Code     0  rt_errno_addr_intlibspace.o(.text)
    ferror                                   0x0800bf1d   Thumb Code     8  ferror.o(.text)
    __user_libspace                          0x0800bf25   Thumb Code     8  libspace.o(.text)
    __user_perproc_libspace                  0x0800bf25   Thumb Code     0  libspace.o(.text)
    __user_perthread_libspace                0x0800bf25   Thumb Code     0  libspace.o(.text)
    __user_setup_stackheap                   0x0800bf2d   Thumb Code    74  sys_stackheap_outer.o(.text)
    exit                                     0x0800bf77   Thumb Code    18  exit.o(.text)
    __ARM_fpclassify                         0x0800bf89   Thumb Code    48  fpclassify.o(i.__ARM_fpclassify)
    __hardfp_asin                            0x0800bfb9   Thumb Code   770  asin.o(i.__hardfp_asin)
    __hardfp_atan                            0x0800c319   Thumb Code   622  atan.o(i.__hardfp_atan)
    __hardfp_atan2                           0x0800c5f1   Thumb Code   432  atan2.o(i.__hardfp_atan2)
    __hardfp_fabs                            0x0800c7e1   Thumb Code    20  fabs.o(i.__hardfp_fabs)
    __hardfp_sqrt                            0x0800c7f5   Thumb Code   122  sqrt.o(i.__hardfp_sqrt)
    __kernel_poly                            0x0800c86f   Thumb Code   248  poly.o(i.__kernel_poly)
    __mathlib_dbl_infnan                     0x0800c967   Thumb Code    20  dunder.o(i.__mathlib_dbl_infnan)
    __mathlib_dbl_infnan2                    0x0800c97b   Thumb Code    20  dunder.o(i.__mathlib_dbl_infnan2)
    __mathlib_dbl_invalid                    0x0800c991   Thumb Code    24  dunder.o(i.__mathlib_dbl_invalid)
    __mathlib_dbl_underflow                  0x0800c9b1   Thumb Code    24  dunder.o(i.__mathlib_dbl_underflow)
    atan                                     0x0800c9d1   Thumb Code    16  atan.o(i.atan)
    fabs                                     0x0800c9e1   Thumb Code    24  fabs.o(i.fabs)
    sqrt                                     0x0800c9f9   Thumb Code   110  sqrt.o(i.sqrt)
    __aeabi_dneg                             0x0800ca67   Thumb Code     0  basic.o(x$fpl$basic)
    _dneg                                    0x0800ca67   Thumb Code     6  basic.o(x$fpl$basic)
    __aeabi_fneg                             0x0800ca6d   Thumb Code     0  basic.o(x$fpl$basic)
    _fneg                                    0x0800ca6d   Thumb Code     6  basic.o(x$fpl$basic)
    _dabs                                    0x0800ca73   Thumb Code     6  basic.o(x$fpl$basic)
    _fabs                                    0x0800ca79   Thumb Code     6  basic.o(x$fpl$basic)
    __aeabi_d2f                              0x0800ca81   Thumb Code     0  d2f.o(x$fpl$d2f)
    _d2f                                     0x0800ca81   Thumb Code    98  d2f.o(x$fpl$d2f)
    __aeabi_dadd                             0x0800cae5   Thumb Code     0  daddsub_clz.o(x$fpl$dadd)
    _dadd                                    0x0800cae5   Thumb Code   332  daddsub_clz.o(x$fpl$dadd)
    __fpl_dcmp_Inf                           0x0800cc35   Thumb Code    24  dcmpi.o(x$fpl$dcmpinf)
    __aeabi_ddiv                             0x0800cc4d   Thumb Code     0  ddiv.o(x$fpl$ddiv)
    _ddiv                                    0x0800cc4d   Thumb Code   552  ddiv.o(x$fpl$ddiv)
    __aeabi_i2d                              0x0800cefd   Thumb Code     0  dflt_clz.o(x$fpl$dflt)
    _dflt                                    0x0800cefd   Thumb Code    46  dflt_clz.o(x$fpl$dflt)
    __aeabi_cdcmple                          0x0800cf2d   Thumb Code     0  dleqf.o(x$fpl$dleqf)
    _dcmple                                  0x0800cf2d   Thumb Code   120  dleqf.o(x$fpl$dleqf)
    __fpl_dcmple_InfNaN                      0x0800cf8f   Thumb Code     0  dleqf.o(x$fpl$dleqf)
    __aeabi_dmul                             0x0800cfa5   Thumb Code     0  dmul.o(x$fpl$dmul)
    _dmul                                    0x0800cfa5   Thumb Code   332  dmul.o(x$fpl$dmul)
    __fpl_dnaninf                            0x0800d0f9   Thumb Code   156  dnaninf.o(x$fpl$dnaninf)
    __fpl_dretinf                            0x0800d195   Thumb Code    12  dretinf.o(x$fpl$dretinf)
    __aeabi_cdrcmple                         0x0800d1a1   Thumb Code     0  drleqf.o(x$fpl$drleqf)
    _drcmple                                 0x0800d1a1   Thumb Code   108  drleqf.o(x$fpl$drleqf)
    __aeabi_drsub                            0x0800d20d   Thumb Code     0  daddsub_clz.o(x$fpl$drsb)
    _drsb                                    0x0800d20d   Thumb Code    22  daddsub_clz.o(x$fpl$drsb)
    _dsqrt                                   0x0800d225   Thumb Code   404  dsqrt_umaal.o(x$fpl$dsqrt)
    __aeabi_dsub                             0x0800d3bd   Thumb Code     0  daddsub_clz.o(x$fpl$dsub)
    _dsub                                    0x0800d3bd   Thumb Code   464  daddsub_clz.o(x$fpl$dsub)
    __aeabi_f2d                              0x0800d591   Thumb Code     0  f2d.o(x$fpl$f2d)
    _f2d                                     0x0800d591   Thumb Code    86  f2d.o(x$fpl$f2d)
    __fpl_fnaninf                            0x0800d5e7   Thumb Code   140  fnaninf.o(x$fpl$fnaninf)
    _fp_init                                 0x0800d673   Thumb Code    10  fpinit.o(x$fpl$fpinit)
    __fplib_config_fpu_vfp                   0x0800d67b   Thumb Code     0  fpinit.o(x$fpl$fpinit)
    __fplib_config_pureend_doubles           0x0800d67b   Thumb Code     0  fpinit.o(x$fpl$fpinit)
    __fpl_fretinf                            0x0800d67d   Thumb Code    10  fretinf.o(x$fpl$fretinf)
    CRC8_INIT                                0x0800d686   Data           1  referee.o(.constdata)
    __I$use$fp                               0x0800d686   Number         0  usenofp.o(x$fpl$usenofp)
    CRC8_TAB                                 0x0800d687   Data         256  referee.o(.constdata)
    __mathlib_zero                           0x0800d888   Data           8  qnan.o(.constdata)
    Region$$Table$$Base                      0x0800d890   Number         0  anon$$obj.o(Region$$Table)
    Region$$Table$$Limit                     0x0800d8b0   Number         0  anon$$obj.o(Region$$Table)
    SystemCoreClock                          0x20000004   Data           4  system_stm32f4xx.o(.data)
    AHBPrescTable                            0x20000008   Data          16  system_stm32f4xx.o(.data)
    FreeRTOSRunTimeTicks                     0x20000018   Data           4  basicperipherals.o(.data)
    Usart1_RX_Cou                            0x2000001c   Data           2  referee.o(.data)
    Usart1_RX_Flag                           0x2000001e   Data           1  referee.o(.data)
    g_Referee_flag                           0x2000001f   Data           1  referee.o(.data)
    CRC_INIT                                 0x20000020   Data           2  referee.o(.data)
    FrictionCalistop                         0x20000024   Data           1  freertostask.o(.data)
    ImuGimbalCalistop                        0x20000025   Data           1  freertostask.o(.data)
    DbusParseTask_Handler                    0x20000028   Data           4  freertostask.o(.data)
    StartTask_Handler                        0x2000002c   Data           4  freertostask.o(.data)
    FrictionCaliTask_Handler                 0x20000030   Data           4  freertostask.o(.data)
    FrictionControlTask_Handler              0x20000034   Data           4  freertostask.o(.data)
    Can1ReceiveTask_Handler                  0x20000038   Data           4  freertostask.o(.data)
    Can2ReceiveTask_Handler                  0x2000003c   Data           4  freertostask.o(.data)
    IMUReceiveTask_Handler                   0x20000040   Data           4  freertostask.o(.data)
    BSPInitTaskTask_Handler                  0x20000044   Data           4  freertostask.o(.data)
    PIDCalculateTask_Handler                 0x20000048   Data           4  freertostask.o(.data)
    ChassisControlTask_Handler               0x2000004c   Data           4  freertostask.o(.data)
    GimbalControlTask_Handler                0x20000050   Data           4  freertostask.o(.data)
    ImuGimbalCaliTask_Handler                0x20000054   Data           4  freertostask.o(.data)
    OfflineDecetedTask_Handler               0x20000058   Data           4  freertostask.o(.data)
    DbusParseSem                             0x2000005c   Data           4  freertostask.o(.data)
    ImuDataSem                               0x20000060   Data           4  freertostask.o(.data)
    BolletFreControlEnt                      0x20000074   Data           4  freertostask.o(.data)
    CmGimbalOutputEnt                        0x20000078   Data           4  freertostask.o(.data)
    OfflineDetectedEnt                       0x2000007c   Data           4  freertostask.o(.data)
    FrictionControlQueue                     0x20000080   Data           4  freertostask.o(.data)
    Can1ReceiveQueue                         0x20000084   Data           4  freertostask.o(.data)
    Can2ReceiveQueue                         0x20000088   Data           4  freertostask.o(.data)
    GimbalDataQueue                          0x2000008c   Data           4  freertostask.o(.data)
    CMDataQueue                              0x20000090   Data           4  freertostask.o(.data)
    output                                   0x20000094   Data           8  freertostask.o(.data)
    cmspeed                                  0x2000009c   Data           8  freertostask.o(.data)
    Auto_Origion                             0x200000ad   Data           6  auto_attacktask.o(.data)
    SendBuff                                 0x200000b3   Data           4  auto_attacktask.o(.data)
    __stdout                                 0x200000bc   Data           4  usart.o(.data)
    exInt                                    0x200000c0   Data           4  imu.o(.data)
    eyInt                                    0x200000c4   Data           4  imu.o(.data)
    ezInt                                    0x200000c8   Data           4  imu.o(.data)
    q0                                       0x200000cc   Data           4  imu.o(.data)
    q1                                       0x200000d0   Data           4  imu.o(.data)
    q2                                       0x200000d4   Data           4  imu.o(.data)
    q3                                       0x200000d8   Data           4  imu.o(.data)
    integralFBhand                           0x200000dc   Data           4  imu.o(.data)
    handdiff                                 0x200000e0   Data           4  imu.o(.data)
    lastUpdate                               0x200000e4   Data           4  imu.o(.data)
    now                                      0x200000e8   Data           4  imu.o(.data)
    Gx_offset                                0x200000ec   Data           2  mpu6500_driver.o(.data)
    Gy_offset                                0x200000ee   Data           2  mpu6500_driver.o(.data)
    Gz_offset                                0x200000f0   Data           2  mpu6500_driver.o(.data)
    MPU6500_Lastax                           0x200000f2   Data           2  mpu6500_driver.o(.data)
    MPU6500_Lastay                           0x200000f4   Data           2  mpu6500_driver.o(.data)
    MPU6500_Lastaz                           0x200000f6   Data           2  mpu6500_driver.o(.data)
    MPU6500_Lastgx                           0x200000f8   Data           2  mpu6500_driver.o(.data)
    MPU6500_Lastgy                           0x200000fa   Data           2  mpu6500_driver.o(.data)
    MPU6500_Lastgz                           0x200000fc   Data           2  mpu6500_driver.o(.data)
    Error_Data                               0x200000fe   Data          40  mpu6500_driver.o(.data)
    pxCurrentTCB                             0x20000160   Data           4  tasks.o(.data)
    Imu_ext                                  0x200001b8   Data          16  stm32f4xx_it.o(.bss)
    sbus_rx_buffer                           0x200001c8   Data          72  remotdbus.o(.bss)
    rc_ctrl                                  0x20000210   Data          22  remotdbus.o(.bss)
    Referee_date1                            0x200002a0   Data          64  referee.o(.bss)
    power                                    0x200002e0   Data          56  referee.o(.bss)
    CM_Motor                                 0x2000032c   Data         304  freertostask.o(.bss)
    FireMotor                                0x2000045c   Data          76  freertostask.o(.bss)
    YawMotor                                 0x200004a8   Data         164  freertostask.o(.bss)
    PitchMotor                               0x2000054c   Data         164  freertostask.o(.bss)
    Mpu6500Data                              0x200005f0   Data          52  freertostask.o(.bss)
    RemotData                                0x20000624   Data          24  freertostask.o(.bss)
    control                                  0x2000063c   Data          20  freertostask.o(.bss)
    AutoData                                 0x20000650   Data          20  auto_attacktask.o(.bss)
    mainfocus_rx_buffer                      0x20000664   Data          10  auto_attacktask.o(.bss)
    imu_data                                 0x2000066e   Data          26  mpu6500_driver.o(.bss)
    imu_data_offest                          0x20000688   Data          26  mpu6500_driver.o(.bss)
    xQueueRegistry                           0x20013328   Data          64  queue.o(.bss)
    __libspace_start                         0x20013494   Data          96  libspace.o(.bss)
    __temporary_stack_top$libspace           0x200134f4   Data           0  libspace.o(.bss)



==============================================================================

Memory Map of the image

  Image Entry point : 0x080001ad

  Load Region LR_IROM1 (Base: 0x08000000, Size: 0x0000da68, Max: 0x00200000, ABSOLUTE, COMPRESSED[0x0000d900])

    Execution Region ER_IROM1 (Base: 0x08000000, Size: 0x0000d8b0, Max: 0x00200000, ABSOLUTE)

    Base Addr    Size         Type   Attr      Idx    E Section Name        Object

    0x08000000   0x000001ac   Data   RO          796    RESET               startup_stm32f427_437xx.o
    0x080001ac   0x00000008   Code   RO         1300  * !!!main             c_w.l(__main.o)
    0x080001b4   0x00000034   Code   RO         1601    !!!scatter          c_w.l(__scatter.o)
    0x080001e8   0x0000003a   Code   RO         1599    !!dczerorl          c_w.l(__dczerorl.o)
    0x08000222   0x00000002   PAD
    0x08000224   0x0000001c   Code   RO         1603    !!handler_zi        c_w.l(__scatter_zi.o)
    0x08000240   0x00000000   Code   RO         1283    .ARM.Collect$$_printf_percent$$00000000  c_w.l(_printf_percent.o)
    0x08000240   0x00000006   Code   RO         1282    .ARM.Collect$$_printf_percent$$0000000A  c_w.l(_printf_u.o)
    0x08000246   0x00000006   Code   RO         1281    .ARM.Collect$$_printf_percent$$00000013  c_w.l(_printf_c.o)
    0x0800024c   0x00000004   Code   RO         1387    .ARM.Collect$$_printf_percent$$00000017  c_w.l(_printf_percent_end.o)
    0x08000250   0x00000002   Code   RO         1476    .ARM.Collect$$libinit$$00000000  c_w.l(libinit.o)
    0x08000252   0x00000004   Code   RO         1479    .ARM.Collect$$libinit$$00000001  c_w.l(libinit2.o)
    0x08000256   0x00000000   Code   RO         1482    .ARM.Collect$$libinit$$00000004  c_w.l(libinit2.o)
    0x08000256   0x00000000   Code   RO         1485    .ARM.Collect$$libinit$$0000000A  c_w.l(libinit2.o)
    0x08000256   0x00000000   Code   RO         1487    .ARM.Collect$$libinit$$0000000C  c_w.l(libinit2.o)
    0x08000256   0x00000000   Code   RO         1489    .ARM.Collect$$libinit$$0000000E  c_w.l(libinit2.o)
    0x08000256   0x00000000   Code   RO         1492    .ARM.Collect$$libinit$$00000011  c_w.l(libinit2.o)
    0x08000256   0x00000000   Code   RO         1494    .ARM.Collect$$libinit$$00000013  c_w.l(libinit2.o)
    0x08000256   0x00000000   Code   RO         1496    .ARM.Collect$$libinit$$00000015  c_w.l(libinit2.o)
    0x08000256   0x00000000   Code   RO         1498    .ARM.Collect$$libinit$$00000017  c_w.l(libinit2.o)
    0x08000256   0x00000000   Code   RO         1500    .ARM.Collect$$libinit$$00000019  c_w.l(libinit2.o)
    0x08000256   0x00000000   Code   RO         1502    .ARM.Collect$$libinit$$0000001B  c_w.l(libinit2.o)
    0x08000256   0x00000000   Code   RO         1504    .ARM.Collect$$libinit$$0000001D  c_w.l(libinit2.o)
    0x08000256   0x00000000   Code   RO         1506    .ARM.Collect$$libinit$$0000001F  c_w.l(libinit2.o)
    0x08000256   0x00000000   Code   RO         1508    .ARM.Collect$$libinit$$00000021  c_w.l(libinit2.o)
    0x08000256   0x00000000   Code   RO         1510    .ARM.Collect$$libinit$$00000023  c_w.l(libinit2.o)
    0x08000256   0x00000000   Code   RO         1512    .ARM.Collect$$libinit$$00000025  c_w.l(libinit2.o)
    0x08000256   0x00000000   Code   RO         1516    .ARM.Collect$$libinit$$0000002C  c_w.l(libinit2.o)
    0x08000256   0x00000000   Code   RO         1518    .ARM.Collect$$libinit$$0000002E  c_w.l(libinit2.o)
    0x08000256   0x00000000   Code   RO         1520    .ARM.Collect$$libinit$$00000030  c_w.l(libinit2.o)
    0x08000256   0x00000000   Code   RO         1522    .ARM.Collect$$libinit$$00000032  c_w.l(libinit2.o)
    0x08000256   0x00000002   Code   RO         1523    .ARM.Collect$$libinit$$00000033  c_w.l(libinit2.o)
    0x08000258   0x00000002   Code   RO         1541    .ARM.Collect$$libshutdown$$00000000  c_w.l(libshutdown.o)
    0x0800025a   0x00000000   Code   RO         1551    .ARM.Collect$$libshutdown$$00000002  c_w.l(libshutdown2.o)
    0x0800025a   0x00000000   Code   RO         1553    .ARM.Collect$$libshutdown$$00000004  c_w.l(libshutdown2.o)
    0x0800025a   0x00000000   Code   RO         1556    .ARM.Collect$$libshutdown$$00000007  c_w.l(libshutdown2.o)
    0x0800025a   0x00000000   Code   RO         1559    .ARM.Collect$$libshutdown$$0000000A  c_w.l(libshutdown2.o)
    0x0800025a   0x00000000   Code   RO         1561    .ARM.Collect$$libshutdown$$0000000C  c_w.l(libshutdown2.o)
    0x0800025a   0x00000000   Code   RO         1564    .ARM.Collect$$libshutdown$$0000000F  c_w.l(libshutdown2.o)
    0x0800025a   0x00000002   Code   RO         1565    .ARM.Collect$$libshutdown$$00000010  c_w.l(libshutdown2.o)
    0x0800025c   0x00000000   Code   RO         1374    .ARM.Collect$$rtentry$$00000000  c_w.l(__rtentry.o)
    0x0800025c   0x00000000   Code   RO         1437    .ARM.Collect$$rtentry$$00000002  c_w.l(__rtentry2.o)
    0x0800025c   0x00000006   Code   RO         1449    .ARM.Collect$$rtentry$$00000004  c_w.l(__rtentry4.o)
    0x08000262   0x00000000   Code   RO         1439    .ARM.Collect$$rtentry$$00000009  c_w.l(__rtentry2.o)
    0x08000262   0x00000004   Code   RO         1440    .ARM.Collect$$rtentry$$0000000A  c_w.l(__rtentry2.o)
    0x08000266   0x00000000   Code   RO         1442    .ARM.Collect$$rtentry$$0000000C  c_w.l(__rtentry2.o)
    0x08000266   0x00000008   Code   RO         1443    .ARM.Collect$$rtentry$$0000000D  c_w.l(__rtentry2.o)
    0x0800026e   0x00000002   Code   RO         1477    .ARM.Collect$$rtexit$$00000000  c_w.l(rtexit.o)
    0x08000270   0x00000000   Code   RO         1525    .ARM.Collect$$rtexit$$00000002  c_w.l(rtexit2.o)
    0x08000270   0x00000004   Code   RO         1526    .ARM.Collect$$rtexit$$00000003  c_w.l(rtexit2.o)
    0x08000274   0x00000006   Code   RO         1527    .ARM.Collect$$rtexit$$00000004  c_w.l(rtexit2.o)
    0x0800027a   0x00000002   PAD
    0x0800027c   0x000000be   Code   RO         1079    .emb_text           port.o
    0x0800033a   0x00000016   Code   RO            3    .text               main.o
    0x08000350   0x00000318   Code   RO          209    .text               stm32f4xx_it.o
    0x08000668   0x00000244   Code   RO          289    .text               system_stm32f4xx.o
    0x080008ac   0x00000208   Code   RO          315    .text               pid_modify.o
    0x08000ab4   0x00000384   Code   RO          346    .text               basicperipherals.o
    0x08000e38   0x00000360   Code   RO          372    .text               remotdbus.o
    0x08001198   0x000002c4   Code   RO          421    .text               motorcan.o
    0x0800145c   0x00000160   Code   RO          441    .text               stmflash.o
    0x080015bc   0x00000160   Code   RO          464    .text               mainfocus_usart.o
    0x0800171c   0x00000488   Code   RO          491    .text               referee.o
    0x08001ba4   0x000015bc   Code   RO          522    .text               freertostask.o
    0x08003160   0x00000104   Code   RO          579    .text               auto_attacktask.o
    0x08003264   0x000000ec   Code   RO          618    .text               delay.o
    0x08003350   0x000000a8   Code   RO          658    .text               usart.o
    0x080033f8   0x00000a7c   Code   RO          691    .text               imu.o
    0x08003e74   0x00000094   Code   RO          714    .text               imu_int.o
    0x08003f08   0x0000089c   Code   RO          738    .text               mpu6500_driver.o
    0x080047a4   0x0000016c   Code   RO          776    .text               spi.o
    0x08004910   0x00000040   Code   RO          797    .text               startup_stm32f427_437xx.o
    0x08004950   0x000000e0   Code   RO          803    .text               misc.o
    0x08004a30   0x00000294   Code   RO          823    .text               stm32f4xx_gpio.o
    0x08004cc4   0x00000660   Code   RO          843    .text               stm32f4xx_rcc.o
    0x08005324   0x00000094   Code   RO          865    .text               stm32f4xx_syscfg.o
    0x080053b8   0x00000454   Code   RO          885    .text               stm32f4xx_usart.o
    0x0800580c   0x000009f0   Code   RO          905    .text               stm32f4xx_can.o
    0x080061fc   0x000003a8   Code   RO          925    .text               stm32f4xx_dma.o
    0x080065a4   0x00000ca2   Code   RO          945    .text               stm32f4xx_tim.o
    0x08007246   0x00000002   PAD
    0x08007248   0x000004ee   Code   RO          965    .text               stm32f4xx_spi.o
    0x08007736   0x00000002   PAD
    0x08007738   0x00000698   Code   RO          985    .text               stm32f4xx_flash.o
    0x08007dd0   0x00000110   Code   RO         1025    .text               stm32f4xx_exti.o
    0x08007ee0   0x0000029c   Code   RO         1043    .text               heap_4.o
    0x0800817c   0x00000340   Code   RO         1080    .text               port.o
    0x080084bc   0x00000474   Code   RO         1118    .text               event_groups.o
    0x08008930   0x00000094   Code   RO         1145    .text               list.o
    0x080089c4   0x00000f18   Code   RO         1160    .text               queue.o
    0x080098dc   0x00001b60   Code   RO         1199    .text               tasks.o
    0x0800b43c   0x000005ec   Code   RO         1225    .text               timers.o
    0x0800ba28   0x00000002   Code   RO         1245    .text               c_w.l(use_no_semi_2.o)
    0x0800ba2a   0x00000002   PAD
    0x0800ba2c   0x00000018   Code   RO         1251    .text               c_w.l(noretval__2printf.o)
    0x0800ba44   0x00000028   Code   RO         1253    .text               c_w.l(noretval__2sprintf.o)
    0x0800ba6c   0x00000068   Code   RO         1255    .text               c_w.l(__printf.o)
    0x0800bad4   0x00000052   Code   RO         1257    .text               c_w.l(_printf_str.o)
    0x0800bb26   0x00000002   PAD
    0x0800bb28   0x00000078   Code   RO         1259    .text               c_w.l(_printf_dec.o)
    0x0800bba0   0x00000048   Code   RO         1284    .text               c_w.l(strcpy.o)
    0x0800bbe8   0x0000003e   Code   RO         1286    .text               c_w.l(strlen.o)
    0x0800bc26   0x0000008a   Code   RO         1288    .text               c_w.l(rt_memcpy_v6.o)
    0x0800bcb0   0x00000064   Code   RO         1290    .text               c_w.l(rt_memcpy_w.o)
    0x0800bd14   0x00000010   Code   RO         1294    .text               c_w.l(aeabi_memset.o)
    0x0800bd24   0x0000004e   Code   RO         1296    .text               c_w.l(rt_memclr_w.o)
    0x0800bd72   0x00000006   Code   RO         1298    .text               c_w.l(heapauxi.o)
    0x0800bd78   0x00000002   Code   RO         1372    .text               c_w.l(use_no_semi.o)
    0x0800bd7a   0x00000016   Code   RO         1375    .text               c_w.l(_rserrno.o)
    0x0800bd90   0x000000b2   Code   RO         1377    .text               c_w.l(_printf_intcommon.o)
    0x0800be42   0x00000002   PAD
    0x0800be44   0x00000030   Code   RO         1379    .text               c_w.l(_printf_char_common.o)
    0x0800be74   0x0000000a   Code   RO         1381    .text               c_w.l(_sputc.o)
    0x0800be7e   0x0000002c   Code   RO         1383    .text               c_w.l(_printf_char.o)
    0x0800beaa   0x00000002   PAD
    0x0800beac   0x00000024   Code   RO         1385    .text               c_w.l(_printf_char_file.o)
    0x0800bed0   0x00000044   Code   RO         1388    .text               c_w.l(rt_memclr.o)
    0x0800bf14   0x00000008   Code   RO         1454    .text               c_w.l(rt_errno_addr_intlibspace.o)
    0x0800bf1c   0x00000008   Code   RO         1458    .text               c_w.l(ferror.o)
    0x0800bf24   0x00000008   Code   RO         1464    .text               c_w.l(libspace.o)
    0x0800bf2c   0x0000004a   Code   RO         1467    .text               c_w.l(sys_stackheap_outer.o)
    0x0800bf76   0x00000012   Code   RO         1469    .text               c_w.l(exit.o)
    0x0800bf88   0x00000030   Code   RO         1431    i.__ARM_fpclassify  m_wm.l(fpclassify.o)
    0x0800bfb8   0x00000360   Code   RO         1328    i.__hardfp_asin     m_wm.l(asin.o)
    0x0800c318   0x000002d8   Code   RO         1403    i.__hardfp_atan     m_wm.l(atan.o)
    0x0800c5f0   0x000001f0   Code   RO         1342    i.__hardfp_atan2    m_wm.l(atan2.o)
    0x0800c7e0   0x00000014   Code   RO         1354    i.__hardfp_fabs     m_wm.l(fabs.o)
    0x0800c7f4   0x0000007a   Code   RO         1360    i.__hardfp_sqrt     m_wm.l(sqrt.o)
    0x0800c86e   0x000000f8   Code   RO         1433    i.__kernel_poly     m_wm.l(poly.o)
    0x0800c966   0x00000014   Code   RO         1418    i.__mathlib_dbl_infnan  m_wm.l(dunder.o)
    0x0800c97a   0x00000014   Code   RO         1419    i.__mathlib_dbl_infnan2  m_wm.l(dunder.o)
    0x0800c98e   0x00000002   PAD
    0x0800c990   0x00000020   Code   RO         1420    i.__mathlib_dbl_invalid  m_wm.l(dunder.o)
    0x0800c9b0   0x00000020   Code   RO         1423    i.__mathlib_dbl_underflow  m_wm.l(dunder.o)
    0x0800c9d0   0x00000010   Code   RO         1405    i.atan              m_wm.l(atan.o)
    0x0800c9e0   0x00000018   Code   RO         1356    i.fabs              m_wm.l(fabs.o)
    0x0800c9f8   0x0000006e   Code   RO         1362    i.sqrt              m_wm.l(sqrt.o)
    0x0800ca66   0x00000018   Code   RO         1302    x$fpl$basic         fz_wm.l(basic.o)
    0x0800ca7e   0x00000002   PAD
    0x0800ca80   0x00000062   Code   RO         1304    x$fpl$d2f           fz_wm.l(d2f.o)
    0x0800cae2   0x00000002   PAD
    0x0800cae4   0x00000150   Code   RO         1306    x$fpl$dadd          fz_wm.l(daddsub_clz.o)
    0x0800cc34   0x00000018   Code   RO         1462    x$fpl$dcmpinf       fz_wm.l(dcmpi.o)
    0x0800cc4c   0x000002b0   Code   RO         1313    x$fpl$ddiv          fz_wm.l(ddiv.o)
    0x0800cefc   0x0000002e   Code   RO         1317    x$fpl$dflt          fz_wm.l(dflt_clz.o)
    0x0800cf2a   0x00000002   PAD
    0x0800cf2c   0x00000078   Code   RO         1390    x$fpl$dleqf         fz_wm.l(dleqf.o)
    0x0800cfa4   0x00000154   Code   RO         1322    x$fpl$dmul          fz_wm.l(dmul.o)
    0x0800d0f8   0x0000009c   Code   RO         1392    x$fpl$dnaninf       fz_wm.l(dnaninf.o)
    0x0800d194   0x0000000c   Code   RO         1394    x$fpl$dretinf       fz_wm.l(dretinf.o)
    0x0800d1a0   0x0000006c   Code   RO         1324    x$fpl$drleqf        fz_wm.l(drleqf.o)
    0x0800d20c   0x00000016   Code   RO         1307    x$fpl$drsb          fz_wm.l(daddsub_clz.o)
    0x0800d222   0x00000002   PAD
    0x0800d224   0x00000198   Code   RO         1396    x$fpl$dsqrt         fz_wm.l(dsqrt_umaal.o)
    0x0800d3bc   0x000001d4   Code   RO         1308    x$fpl$dsub          fz_wm.l(daddsub_clz.o)
    0x0800d590   0x00000056   Code   RO         1326    x$fpl$f2d           fz_wm.l(f2d.o)
    0x0800d5e6   0x0000008c   Code   RO         1398    x$fpl$fnaninf       fz_wm.l(fnaninf.o)
    0x0800d672   0x0000000a   Code   RO         1533    x$fpl$fpinit        fz_wm.l(fpinit.o)
    0x0800d67c   0x0000000a   Code   RO         1400    x$fpl$fretinf       fz_wm.l(fretinf.o)
    0x0800d686   0x00000000   Code   RO         1402    x$fpl$usenofp       fz_wm.l(usenofp.o)
    0x0800d686   0x00000101   Data   RO          493    .constdata          referee.o
    0x0800d787   0x00000001   PAD
    0x0800d788   0x00000014   Data   RO          740    .constdata          mpu6500_driver.o
    0x0800d79c   0x00000004   PAD
    0x0800d7a0   0x00000050   Data   RO         1331    .constdata          m_wm.l(asin.o)
    0x0800d7f0   0x00000098   Data   RO         1406    .constdata          m_wm.l(atan.o)
    0x0800d888   0x00000008   Data   RO         1435    .constdata          m_wm.l(qnan.o)
    0x0800d890   0x00000020   Data   RO         1597    Region$$Table       anon$$obj.o


    Execution Region RW_IRAM1 (Base: 0x20000000, Size: 0x00013af8, Max: 0x00030000, ABSOLUTE, COMPRESSED[0x00000050])

    Base Addr    Size         Type   Attr      Idx    E Section Name        Object

    0x20000000   0x00000002   Data   RW          211    .data               stm32f4xx_it.o
    0x20000002   0x00000002   PAD
    0x20000004   0x00000014   Data   RW          290    .data               system_stm32f4xx.o
    0x20000018   0x00000004   Data   RW          347    .data               basicperipherals.o
    0x2000001c   0x00000007   Data   RW          494    .data               referee.o
    0x20000023   0x00000001   PAD
    0x20000024   0x00000089   Data   RW          524    .data               freertostask.o
    0x200000ad   0x0000000b   Data   RW          581    .data               auto_attacktask.o
    0x200000b8   0x00000004   Data   RW          619    .data               delay.o
    0x200000bc   0x00000004   Data   RW          659    .data               usart.o
    0x200000c0   0x0000002c   Data   RW          692    .data               imu.o
    0x200000ec   0x0000003f   Data   RW          741    .data               mpu6500_driver.o
    0x2000012b   0x00000010   Data   RW          844    .data               stm32f4xx_rcc.o
    0x2000013b   0x00000001   PAD
    0x2000013c   0x00000018   Data   RW         1045    .data               heap_4.o
    0x20000154   0x0000000c   Data   RW         1081    .data               port.o
    0x20000160   0x00000044   Data   RW         1201    .data               tasks.o
    0x200001a4   0x00000014   Data   RW         1227    .data               timers.o
    0x200001b8   0x00000010   Zero   RW          210    .bss                stm32f4xx_it.o
    0x200001c8   0x0000005e   Zero   RW          373    .bss                remotdbus.o
    0x20000226   0x00000002   PAD
    0x20000228   0x00000104   Zero   RW          492    .bss                referee.o
    0x2000032c   0x00000324   Zero   RW          523    .bss                freertostask.o
    0x20000650   0x0000001e   Zero   RW          580    .bss                auto_attacktask.o
    0x2000066e   0x000000b8   Zero   RW          739    .bss                mpu6500_driver.o
    0x20000726   0x00012c00   Zero   RW         1044    .bss                heap_4.o
    0x20013326   0x00000002   PAD
    0x20013328   0x00000040   Zero   RW         1161    .bss                queue.o
    0x20013368   0x00000104   Zero   RW         1200    .bss                tasks.o
    0x2001346c   0x00000028   Zero   RW         1226    .bss                timers.o
    0x20013494   0x00000060   Zero   RW         1465    .bss                c_w.l(libspace.o)
    0x200134f4   0x00000004   PAD
    0x200134f8   0x00000200   Zero   RW          795    HEAP                startup_stm32f427_437xx.o
    0x200136f8   0x00000400   Zero   RW          794    STACK               startup_stm32f427_437xx.o


==============================================================================

Image component sizes


      Code (inc. data)   RO Data    RW Data    ZI Data      Debug   Object Name

       260         28          0         11         30       2538   auto_attacktask.o
       900         32          0          4          0       2803   basicperipherals.o
       236          8          0          4          0       1673   delay.o
      1140          4          0          0          0      15571   event_groups.o
      5564        734          0        137        804      11287   freertostask.o
       668         24          0         24      76800      13196   heap_4.o
      2684        108          0         44          0       4084   imu.o
       148          4          0          0          0        945   imu_int.o
       148          0          0          0          0       1966   list.o
        22          0          0          0          0     346065   main.o
       352         18          0          0          0       1315   mainfocus_usart.o
       224         20          0          0          0       1825   misc.o
       708         16          0          0          0       1935   motorcan.o
      2204        100         20         63        184       7915   mpu6500_driver.o
       520         14          0          0          0       3395   pid_modify.o
      1022         52          0         12          0       8915   port.o
      3864         20          0          0         64      21256   queue.o
      1160         56        257          7        260       5698   referee.o
       864         34          0          0         94       4999   remotdbus.o
       364          8          0          0          0       1438   spi.o
        64         26        428          0       1536        840   startup_stm32f427_437xx.o
      2544         38          0          0          0       8152   stm32f4xx_can.o
       936         32          0          0          0       6397   stm32f4xx_dma.o
       272         10          0          0          0       2295   stm32f4xx_exti.o
      1688         24          0          0          0       9422   stm32f4xx_flash.o
       660         44          0          0          0       4165   stm32f4xx_gpio.o
       792         84          0          2         16     246220   stm32f4xx_it.o
      1632         54          0         16          0      13104   stm32f4xx_rcc.o
      1262         38          0          0          0       7413   stm32f4xx_spi.o
       148         12          0          0          0       1849   stm32f4xx_syscfg.o
      3234         60          0          0          0      23020   stm32f4xx_tim.o
      1108         34          0          0          0       7888   stm32f4xx_usart.o
       352         48          0          0          0       2464   stmflash.o
       580         46          0         20          0       1815   system_stm32f4xx.o
      7008        416          0         68        260      31470   tasks.o
      1516         68          0         20         40      11758   timers.o
       168         10          0          4          0       3034   usart.o

    ----------------------------------------------------------------------
     47020       2324        742        440      80092     840125   Object Totals
         0          0         32          0          0          0   (incl. Generated)
         4          0          5          4          4          0   (incl. Padding)

    ----------------------------------------------------------------------

      Code (inc. data)   RO Data    RW Data    ZI Data      Debug   Library Member Name

        58          0          0          0          0          0   __dczerorl.o
         8          0          0          0          0         68   __main.o
       104          0          0          0          0         84   __printf.o
         0          0          0          0          0          0   __rtentry.o
        12          0          0          0          0          0   __rtentry2.o
         6          0          0          0          0          0   __rtentry4.o
        52          8          0          0          0          0   __scatter.o
        28          0          0          0          0          0   __scatter_zi.o
         6          0          0          0          0          0   _printf_c.o
        44          0          0          0          0        108   _printf_char.o
        48          6          0          0          0         96   _printf_char_common.o
        36          4          0          0          0         80   _printf_char_file.o
       120         16          0          0          0         92   _printf_dec.o
       178          0          0          0          0         88   _printf_intcommon.o
         0          0          0          0          0          0   _printf_percent.o
         4          0          0          0          0          0   _printf_percent_end.o
        82          0          0          0          0         80   _printf_str.o
         6          0          0          0          0          0   _printf_u.o
        22          0          0          0          0        100   _rserrno.o
        10          0          0          0          0         68   _sputc.o
        16          0          0          0          0         68   aeabi_memset.o
        18          0          0          0          0         80   exit.o
         8          0          0          0          0         68   ferror.o
         6          0          0          0          0        152   heapauxi.o
         2          0          0          0          0          0   libinit.o
         6          0          0          0          0          0   libinit2.o
         2          0          0          0          0          0   libshutdown.o
         2          0          0          0          0          0   libshutdown2.o
         8          4          0          0         96         68   libspace.o
        24          4          0          0          0         84   noretval__2printf.o
        40          6          0          0          0         84   noretval__2sprintf.o
         8          4          0          0          0         68   rt_errno_addr_intlibspace.o
        68          0          0          0          0         68   rt_memclr.o
        78          0          0          0          0         80   rt_memclr_w.o
       138          0          0          0          0         68   rt_memcpy_v6.o
       100          0          0          0          0         80   rt_memcpy_w.o
         2          0          0          0          0          0   rtexit.o
        10          0          0          0          0          0   rtexit2.o
        72          0          0          0          0         80   strcpy.o
        62          0          0          0          0         76   strlen.o
        74          0          0          0          0         80   sys_stackheap_outer.o
         2          0          0          0          0         68   use_no_semi.o
         2          0          0          0          0         68   use_no_semi_2.o
        24          0          0          0          0        164   basic.o
        98          4          0          0          0        140   d2f.o
       826         16          0          0          0        492   daddsub_clz.o
        24          0          0          0          0        116   dcmpi.o
       688        140          0          0          0        256   ddiv.o
        46          0          0          0          0        116   dflt_clz.o
       120          4          0          0          0        140   dleqf.o
       340         12          0          0          0        152   dmul.o
       156          4          0          0          0        140   dnaninf.o
        12          0          0          0          0        116   dretinf.o
       108          0          0          0          0        128   drleqf.o
       408         56          0          0          0        168   dsqrt_umaal.o
        86          4          0          0          0        132   f2d.o
       140          4          0          0          0        132   fnaninf.o
        10          0          0          0          0        116   fpinit.o
        10          0          0          0          0        116   fretinf.o
         0          0          0          0          0          0   usenofp.o
       864         94         80          0          0        280   asin.o
       744        106        152          0          0        352   atan.o
       496         64          0          0          0        192   atan2.o
       104         16          0          0          0        496   dunder.o
        44          0          0          0          0        248   fabs.o
        48          0          0          0          0        124   fpclassify.o
       248          0          0          0          0        152   poly.o
         0          0          8          0          0          0   qnan.o
       232          0          0          0          0        296   sqrt.o

    ----------------------------------------------------------------------
      7470        576        240          0        100       6968   Library Totals
        22          0          0          0          4          0   (incl. Padding)

    ----------------------------------------------------------------------

      Code (inc. data)   RO Data    RW Data    ZI Data      Debug   Library Name

      1572         52          0          0         96       2204   c_w.l
      3096        244          0          0          0       2624   fz_wm.l
      2780        280        240          0          0       2140   m_wm.l

    ----------------------------------------------------------------------
      7470        576        240          0        100       6968   Library Totals

    ----------------------------------------------------------------------

==============================================================================


      Code (inc. data)   RO Data    RW Data    ZI Data      Debug   

     54490       2900        982        440      80192     833597   Grand Totals
     54490       2900        982         80      80192     833597   ELF Image Totals (compressed)
     54490       2900        982         80          0          0   ROM Totals

==============================================================================

    Total RO  Size (Code + RO Data)                55472 (  54.17kB)
    Total RW  Size (RW Data + ZI Data)             80632 (  78.74kB)
    Total ROM Size (Code + RO Data + RW Data)      55552 (  54.25kB)

==============================================================================

